$TEST_TMPDIR defined, some defaults will be overridden
OpenJDK 64-Bit Server VM warning: Options -Xverify:none and -noverify were deprecated in JDK 13 and will likely be removed in a future release.
Computing main repo mapping: 
Computing main repo mapping: 
Computing main repo mapping: 
Computing main repo mapping: 
Computing main repo mapping: 
Computing main repo mapping: 
Computing main repo mapping: 
Computing main repo mapping: 
Computing main repo mapping: 
Computing main repo mapping: 
Computing main repo mapping: 
Computing main repo mapping: 
Computing main repo mapping: 
Loading: 
Loading: 6 packages loaded
Analyzing: 2 targets (8 packages loaded)
Analyzing: 2 targets (8 packages loaded)
Analyzing: 2 targets (8 packages loaded, 0 targets configured)
Analyzing: 2 targets (8 packages loaded, 0 targets configured)

Analyzing: 2 targets (8 packages loaded, 0 targets configured)

Analyzing: 2 targets (12 packages loaded, 6 targets configured)

Analyzing: 2 targets (66 packages loaded, 9 targets configured)

Analyzing: 2 targets (99 packages loaded, 9 targets configured)

Analyzing: 2 targets (100 packages loaded, 9 targets configured)

Analyzing: 2 targets (161 packages loaded, 3161 targets configured)

Analyzing: 2 targets (178 packages loaded, 6313 targets configured)

Analyzing: 2 targets (244 packages loaded, 11811 targets configured)

Analyzing: 2 targets (279 packages loaded, 12837 targets configured)
[3 / 69] checking cached actions
Analyzing: 2 targets (280 packages loaded, 12840 targets configured)
[28 / 168] checking cached actions
Analyzing: 2 targets (280 packages loaded, 12840 targets configured)
[28 / 168] checking cached actions
Analyzing: 2 targets (280 packages loaded, 12840 targets configured)
[64 / 275] checking cached actions
Analyzing: 2 targets (281 packages loaded, 17884 targets configured)
[64 / 275] checking cached actions
INFO: Analyzed 2 targets (281 packages loaded, 17884 targets configured).
[72 / 275] checking cached actions
[95 / 284] [Prepa] Writing repo mapping manifest for @@aspect_rules_lint+//lint/rust:cli [for tool]
[113 / 289] checking cached actions
[118 / 289] checking cached actions
[134 / 292] [Prepa] Expanding template external/aspect_rules_lint+/lint/rust/cli_node_bin/node [for tool]
[142 / 292] checking cached actions
[284 / 292] [Prepa] Clippy //score/mw/com/rust/score_com_concept:score_com_concept
[285 / 292] Clippy //score/mw/com/impl/rust/com-api/com-api-runtime-mock:com-api-runtime-mock; 1s linux-sandbox ... (3 actions running)
[286 / 292] Clippy //score/mw/com/impl/rust/com-api/com-api-runtime-mock:com-api-runtime-mock; 2s linux-sandbox ... (4 actions, 2 running)
INFO: From Action score/mw/com/impl/rust/com-api/com-api-runtime-mock/com-api-runtime-mock.AspectRulesLintClippy.out:
warning: this function can be simplified using the `async fn` syntax
   --> score/mw/com/impl/rust/com-api/com-api-runtime-mock/runtime.rs:580:5
    |
580 | /     fn cancellable_receive<'a>(
581 | |         &'a self,
582 | |         mut scratch: SampleContainer<Self::Sample<'a>>,
583 | |         new_samples: usize,
584 | |         max_samples: usize,
585 | |         cancellation: impl Future<Output = ()> + Send + 'static,
586 | |     ) -> impl Future<Output = (SampleContainer<Self::Sample<'a>>, Result<usize>)> + 'a {
    | |______________________________________________________________________________________^
    |
    = help: for further information visit https://rust-lang.github.io/rust-clippy/master/index.html#manual_async_fn
    = note: `#[warn(clippy::manual_async_fn)]` on by default

warning: 1 warning emitted
INFO: From Action score/mw/com/rust/score_com_concept/score_com_concept.AspectRulesLintClippy.out:

[290 / 292] Action score/mw/com/rust/score_com_concept/score_com_concept.AspectRulesLintClippy.report; 1s linux-sandbox ... (2 actions running)
INFO: From Action score/mw/com/rust/score_com_concept/score_com_concept.AspectRulesLintClippy.report:
Successfully wrote output to bazel-out/k8-fastbuild/bin/score/mw/com/rust/score_com_concept/score_com_concept.AspectRulesLintClippy.report
INFO: From Action score/mw/com/impl/rust/com-api/com-api-runtime-mock/com-api-runtime-mock.AspectRulesLintClippy.report:
Successfully wrote output to bazel-out/k8-fastbuild/bin/score/mw/com/impl/rust/com-api/com-api-runtime-mock/com-api-runtime-mock.AspectRulesLintClippy.report
INFO: Found 2 targets...
[292 / 292] no actions running
INFO: Elapsed time: 110.246s, Critical Path: 12.46s
INFO: 19 processes: 286 action cache hit, 10 internal, 7 linux-sandbox, 2 local.
INFO: Build completed successfully, 19 total actions
