$TEST_TMPDIR defined, some defaults will be overridden
OpenJDK 64-Bit Server VM warning: Options -Xverify:none and -noverify were deprecated in JDK 13 and will likely be removed in a future release.
WARNING: The following configs were expanded more than once: [linux_x64_gcc_15]. For repeatable flags, repeats are counted twice and may lead to unexpected behavior.
Computing main repo mapping: 
Computing main repo mapping: 
WARNING: The following configs were expanded more than once: [linux_x64_gcc_15]. For repeatable flags, repeats are counted twice and may lead to unexpected behavior.
Computing main repo mapping: 
Computing main repo mapping: 
Computing main repo mapping: 
Computing main repo mapping: 
Computing main repo mapping: 
Computing main repo mapping: 
Computing main repo mapping: 
Computing main repo mapping: 
Computing main repo mapping: 
Loading: 
Loading: 5 packages loaded
Analyzing: target //score/mw/com/impl/rust/com-api/com-api-runtime-mock:com-api-runtime-mock-tests (6 packages loaded)
Analyzing: target //score/mw/com/impl/rust/com-api/com-api-runtime-mock:com-api-runtime-mock-tests (6 packages loaded, 0 targets configured)
Analyzing: target //score/mw/com/impl/rust/com-api/com-api-runtime-mock:com-api-runtime-mock-tests (6 packages loaded, 0 targets configured)

Analyzing: target //score/mw/com/impl/rust/com-api/com-api-runtime-mock:com-api-runtime-mock-tests (21 packages loaded, 9 targets configured)

Analyzing: target //score/mw/com/impl/rust/com-api/com-api-runtime-mock:com-api-runtime-mock-tests (95 packages loaded, 9 targets configured)

Analyzing: target //score/mw/com/impl/rust/com-api/com-api-runtime-mock:com-api-runtime-mock-tests (98 packages loaded, 9 targets configured)

Analyzing: target //score/mw/com/impl/rust/com-api/com-api-runtime-mock:com-api-runtime-mock-tests (159 packages loaded, 3056 targets configured)

Analyzing: target //score/mw/com/impl/rust/com-api/com-api-runtime-mock:com-api-runtime-mock-tests (182 packages loaded, 9263 targets configured)

Analyzing: target //score/mw/com/impl/rust/com-api/com-api-runtime-mock:com-api-runtime-mock-tests (264 packages loaded, 12299 targets configured)

Analyzing: target //score/mw/com/impl/rust/com-api/com-api-runtime-mock:com-api-runtime-mock-tests (269 packages loaded, 12644 targets configured)

Analyzing: target //score/mw/com/impl/rust/com-api/com-api-runtime-mock:com-api-runtime-mock-tests (273 packages loaded, 12827 targets configured)

INFO: Analyzed target //score/mw/com/impl/rust/com-api/com-api-runtime-mock:com-api-runtime-mock-tests (273 packages loaded, 12827 targets configured).
[8 / 74] checking cached actions
[277 / 279] [Prepa] Compiling Rust rlib com-api-runtime-mock (1 file)
[277 / 279] Compiling Rust rlib com-api-runtime-mock (1 file); 1s linux-sandbox
[278 / 279] checking cached actions
[278 / 279] Compiling Rust bin com-api-runtime-mock-tests (1 file); 1s linux-sandbox
[279 / 280] [Prepa] Testing //score/mw/com/impl/rust/com-api/com-api-runtime-mock:com-api-runtime-mock-tests
FAIL: //score/mw/com/impl/rust/com-api/com-api-runtime-mock:com-api-runtime-mock-tests (Exit 101) (see /media/jefferson/11c42dee-73a3-4c2b-ab42-a0440011d9e0/.s-core-build/runs/communication-781-490-hctgrn42/bazel-output/490/15a9e8e6d3f9d3072db6421ba2edf21a/execroot/_main/bazel-out/k8-fastbuild/testlogs/score/mw/com/impl/rust/com-api/com-api-runtime-mock/com-api-runtime-mock-tests/test.log)
INFO: From Testing //score/mw/com/impl/rust/com-api/com-api-runtime-mock:com-api-runtime-mock-tests:
==================== Test output for //score/mw/com/impl/rust/com-api/com-api-runtime-mock:com-api-runtime-mock-tests:

running 4 tests
test tests::manually_injected_data_is_received ... ok
test tests::offer_publish_discover_receive_roundtrip ... ok
test tests::regression_consumers_must_not_steal_samples ... FAILED
test tests::regression_independent_runtimes_do_not_discover_each_other ... FAILED

failures:

---- tests::regression_consumers_must_not_steal_samples stdout ----

thread 'tests::regression_consumers_must_not_steal_samples' (18) panicked at score/mw/com/impl/rust/com-api/com-api-runtime-mock/runtime.rs:785:9:
assertion `left == right` failed
  left: 0
 right: 1
note: run with `RUST_BACKTRACE=1` environment variable to display a backtrace

---- tests::regression_independent_runtimes_do_not_discover_each_other stdout ----

thread 'tests::regression_independent_runtimes_do_not_discover_each_other' (19) panicked at score/mw/com/impl/rust/com-api/com-api-runtime-mock/runtime.rs:773:9:
assertion failed: b.find_service::<TestInterface>(FindServiceSpecifier::Specific(spec)).get_available_instances().unwrap().is_empty()


failures:
    tests::regression_consumers_must_not_steal_samples
    tests::regression_independent_runtimes_do_not_discover_each_other

test result: FAILED. 2 passed; 2 failed; 0 ignored; 0 measured; 0 filtered out; finished in 0.00s

================================================================================
INFO: Found 1 test target...
Target //score/mw/com/impl/rust/com-api/com-api-runtime-mock:com-api-runtime-mock-tests up-to-date:
  bazel-bin/score/mw/com/impl/rust/com-api/com-api-runtime-mock/test-777193637/com-api-runtime-mock-tests
[280 / 280] 1 / 1 tests, 1 failed; no actions running
INFO: Elapsed time: 90.867s, Critical Path: 11.77s
INFO: 4 processes: 289 action cache hit, 4 linux-sandbox.
INFO: Build completed, 1 test FAILED, 4 total actions
INFO: 
//score/mw/com/impl/rust/com-api/com-api-runtime-mock:com-api-runtime-mock-tests FAILED in 0.1s
  /media/jefferson/11c42dee-73a3-4c2b-ab42-a0440011d9e0/.s-core-build/runs/communication-781-490-hctgrn42/bazel-output/490/15a9e8e6d3f9d3072db6421ba2edf21a/execroot/_main/bazel-out/k8-fastbuild/testlogs/score/mw/com/impl/rust/com-api/com-api-runtime-mock/com-api-runtime-mock-tests/test.log

Executed 1 out of 1 test: 1 fails locally.
INFO: Build Event Protocol files produced successfully.
