$TEST_TMPDIR defined, some defaults will be overridden
OpenJDK 64-Bit Server VM warning: Options -Xverify:none and -noverify were deprecated in JDK 13 and will likely be removed in a future release.
WARNING: The following configs were expanded more than once: [linux_x64_gcc_15]. For repeatable flags, repeats are counted twice and may lead to unexpected behavior.
Computing main repo mapping: 
Computing main repo mapping: 
WARNING: The following configs were expanded more than once: [linux_x64_gcc_15]. For repeatable flags, repeats are counted twice and may lead to unexpected behavior.
Computing main repo mapping: 
Computing main repo mapping: 
Computing main repo mapping: 
Computing main repo mapping: 
Computing main repo mapping: 
Computing main repo mapping: 
Computing main repo mapping: 
Computing main repo mapping: 
Loading: 
Loading: 5 packages loaded
Analyzing: 5 targets (7 packages loaded, 0 targets configured)
Analyzing: 5 targets (7 packages loaded, 0 targets configured)

Analyzing: 5 targets (99 packages loaded, 10 targets configured)

Analyzing: 5 targets (145 packages loaded, 282 targets configured)

Analyzing: 5 targets (160 packages loaded, 3132 targets configured)

Analyzing: 5 targets (204 packages loaded, 7722 targets configured)

Analyzing: 5 targets (211 packages loaded, 10116 targets configured)

Analyzing: 5 targets (313 packages loaded, 12301 targets configured)

Analyzing: 5 targets (368 packages loaded, 14991 targets configured)

INFO: Analyzed 5 targets (368 packages loaded, 15006 targets configured).
[42 / 207] checking cached actions
[122 / 289] [Prepa] Writing script score/mw/com/rust/score_com_concept/score_com_concept-macros-unit-tests
[153 / 1,344] checking cached actions
[251 / 1,344] Compiling score/mw/com/impl/configuration/someip_service_instance_deployment.cpp; 0s linux-sandbox ... (3 actions running)
[283 / 1,344] Compiling score/mw/com/impl/configuration/service_instance_deployment.cpp; 5s linux-sandbox ... (3 actions, 2 running)
[293 / 1,344] Compiling score/mw/com/impl/configuration/service_instance_deployment.cpp; 7s linux-sandbox ... (3 actions running)
INFO: From Compiling score/mw/com/impl/configuration/service_instance_deployment.cpp:
In file included from ./score/mw/com/impl/configuration/service_instance_deployment.h:17,
                 from score/mw/com/impl/configuration/service_instance_deployment.cpp:13:
./score/mw/com/impl/com_error.h: In member function 'virtual std::string_view score::mw::com::impl::ComErrorDomain::MessageFor(const score::result::ErrorCode&) const':
./score/mw/com/impl/com_error.h:186:65: warning: 'score::mw::com::impl::ComErrc::kServiceInstanceAlreadyOffered' is deprecated: Value has never been used. Calls to OfferService shall be idempotent. [-Wdeprecated-declarations]
  186 |             case static_cast<score::result::ErrorCode>(ComErrc::kServiceInstanceAlreadyOffered):
      |                                                                 ^~~~~~~~~~~~~~~~~~~~~~~~~~~~~~
./score/mw/com/impl/com_error.h:57:5: note: declared here
   57 |     kServiceInstanceAlreadyOffered
      |     ^~~~~~~~~~~~~~~~~~~~~~~~~~~~~~
[303 / 1,344] Compiling score/mw/com/impl/configuration/someip_field_instance_deployment.cpp; 0s linux-sandbox ... (2 actions, 1 running)
[323 / 1,344] Linking score/mw/com/impl/configuration/libsomeip_field_instance_deployment.a; 0s linux-sandbox ... (2 actions, 1 running)
[331 / 1,344] Compiling score/mw/com/impl/configuration/someip_event_instance_deployment.cpp; 0s linux-sandbox ... (2 actions, 1 running)
[355 / 1,344] Compiling score/mw/com/impl/configuration/someip_event_instance_deployment.cpp; 1s linux-sandbox ... (2 actions running)
[381 / 1,344] Compiling score/mw/com/impl/configuration/someip_service_instance_id.cpp; 0s linux-sandbox ... (2 actions, 1 running)
[435 / 1,344] Compiling score/mw/com/impl/configuration/someip_service_instance_id.cpp; 2s linux-sandbox ... (4 actions, 3 running)
INFO: From Compiling Rust rlib sample_allocatee_ptr_rs (1 file):
warning: struct `SomeIpSampleAllocateePtrBinding` is never constructed
  --> score/mw/com/impl/plumbing/rust/sample_allocatee_ptr.rs:64:8
   |
64 | struct SomeIpSampleAllocateePtrBinding<T> {
   |        ^^^^^^^^^^^^^^^^^^^^^^^^^^^^^^^
   |
   = note: `#[warn(dead_code)]` (part of `#[warn(unused)]`) on by default

warning: union `SomeIpSampleAllocateePtrVariant` is never used
  --> score/mw/com/impl/plumbing/rust/sample_allocatee_ptr.rs:71:7
   |
71 | union SomeIpSampleAllocateePtrVariant<T> {
   |       ^^^^^^^^^^^^^^^^^^^^^^^^^^^^^^^

warning: 2 warnings emitted

[493 / 1,344] Compiling score/mw/com/impl/bindings/lola/methods/method_data.cpp; 1s linux-sandbox ... (3 actions, 2 running)
[590 / 1,344] Compiling score/mw/com/impl/bindings/lola/partial_restart_path_builder.cpp; 0s linux-sandbox ... (3 actions running)
[605 / 1,344] Compiling score/mw/com/impl/bindings/lola/i_partial_restart_path_builder.cpp; 0s linux-sandbox ... (2 actions running)
[707 / 1,345] Compiling score/message_passing/unix_domain/unix_domain_client_factory.cpp; 1s linux-sandbox ... (4 actions, 3 running)
ERROR: /media/jefferson/11c42dee-73a3-4c2b-ab42-a0440011d9e0/.s-core-build/runs/communication-781-490-hctgrn42/workspaces/490/score/mw/com/impl/rust/com-api/com-api-runtime-mock/BUILD:26:10: Compiling Rust bin com-api-runtime-mock-tests (1 file) failed: (Exit 1): process_wrapper failed: error executing Rustc command (from target //score/mw/com/impl/rust/com-api/com-api-runtime-mock:com-api-runtime-mock-tests) bazel-out/k8-opt-exec-ST-d57f47055a04/bin/external/rules_rust+/util/process_wrapper/process_wrapper --arg-file ... (remaining 82 arguments skipped)

Use --sandbox_debug to see verbose messages from the sandbox and retain the sandbox build root for debugging
error[E0433]: failed to resolve: use of unresolved module or unlinked crate `score_com`
    --> score/mw/com/impl/rust/com-api/com-api-runtime-mock/runtime.rs:1175:5
     |
1175 |     score_com_concept::interface!(interface Generated { Id = "mock_test::Generated", event: Event<TestData> });
     |     ^^^^^^^^^^^^^^^^^^^^^^^^^^^^^^^^^^^^^^^^^^^^^^^^^^^^^^^^^^^^^^^^^^^^^^^^^^^^^^^^^^^^^^^^^^^^^^^^^^^^^^^^^^ use of unresolved module or unlinked crate `score_com`
     |
     = note: this error originates in the macro `$crate::interface_common` which comes from the expansion of the macro `score_com_concept::interface` (in Nightly builds, run with -Z macro-backtrace for more info)

error[E0433]: failed to resolve: use of unresolved module or unlinked crate `score_com`
    --> score/mw/com/impl/rust/com-api/com-api-runtime-mock/runtime.rs:1175:5
     |
1175 |     score_com_concept::interface!(interface Generated { Id = "mock_test::Generated", event: Event<TestData> });
     |     ^^^^^^^^^^^^^^^^^^^^^^^^^^^^^^^^^^^^^^^^^^^^^^^^^^^^^^^^^^^^^^^^^^^^^^^^^^^^^^^^^^^^^^^^^^^^^^^^^^^^^^^^^^ use of unresolved module or unlinked crate `score_com`
     |
     = note: this error originates in the macro `$crate::interface_consumer` which comes from the expansion of the macro `score_com_concept::interface` (in Nightly builds, run with -Z macro-backtrace for more info)

error[E0433]: failed to resolve: use of unresolved module or unlinked crate `score_com`
    --> score/mw/com/impl/rust/com-api/com-api-runtime-mock/runtime.rs:1175:5
     |
1175 |     score_com_concept::interface!(interface Generated { Id = "mock_test::Generated", event: Event<TestData> });
     |     ^^^^^^^^^^^^^^^^^^^^^^^^^^^^^^^^^^^^^^^^^^^^^^^^^^^^^^^^^^^^^^^^^^^^^^^^^^^^^^^^^^^^^^^^^^^^^^^^^^^^^^^^^^ use of unresolved module or unlinked crate `score_com`
     |
     = note: this error originates in the macro `$crate::interface_producer` which comes from the expansion of the macro `score_com_concept::interface` (in Nightly builds, run with -Z macro-backtrace for more info)

error[E0425]: cannot find type `GeneratedInterface` in this scope
    --> score/mw/com/impl/rust/com-api/com-api-runtime-mock/runtime.rs:1181:33
     |
1181 |             .producer_builder::<GeneratedInterface>(specifier.clone())
     |                                 ^^^^^^^^^^^^^^^^^^ not found in this scope
     |
help: you might be missing a type parameter
     |
1177 |     fn generated_interface_roundtrip<GeneratedInterface>() {
     |                                     ++++++++++++++++++++

error[E0425]: cannot find type `GeneratedInterface` in this scope
    --> score/mw/com/impl/rust/com-api/com-api-runtime-mock/runtime.rs:1187:29
     |
1187 |             .find_service::<GeneratedInterface>(FindServiceSpecifier::Specific(specifier))
     |                             ^^^^^^^^^^^^^^^^^^ not found in this scope
     |
help: you might be missing a type parameter
     |
1177 |     fn generated_interface_roundtrip<GeneratedInterface>() {
     |                                     ++++++++++++++++++++

error[E0599]: no method named `poll_next` found for struct `Pin<&mut impl Stream<Item = Result<..., ...>> + Unpin>` in the current scope
    --> score/mw/com/impl/rust/com-api/com-api-runtime-mock/runtime.rs:1148:54
     |
1148 |             assert!(core::pin::Pin::new(&mut stream).poll_next(&mut cx).is_pending());
     |                                                      ^^^^^^^^^
     |
    --> ./external/rules_rust++crate+crate_index__futures-core-0.3.34/src/stream.rs:76:7
     |
     = note: the method is available for `Pin<&mut impl Stream<Item = Result<<MockSubscriberImpl<TestData> as Subscription<TestData, MockRuntimeImpl>>::Sample<'_>, score_com_concept::Error>> + Unpin + '_>` here
     |
     = help: items from traits can only be used if the trait is in scope
     = note: the full name for the type has been written to 'bazel-out/k8-fastbuild/bin/score/mw/com/impl/rust/com-api/com-api-runtime-mock/test-777193637/com_api_runtime_mock.long-type-17544910781182515893.txt'
     = note: consider using `--verbose` to print the full type name to the console
help: trait `Stream` which provides `poll_next` is implemented but not in scope; perhaps you want to import it
     |
 699 +     use futures::Stream;
     |
help: there is a method `try_poll_next` with a similar name
     |
1148 |             assert!(core::pin::Pin::new(&mut stream).try_poll_next(&mut cx).is_pending());
     |                                                      ++++

error: aborting due to 6 previous errors

Some errors have detailed explanations: E0425, E0433, E0599.
For more information about an error, try `rustc --explain E0425`.
Use --verbose_failures to see the command lines of failed build steps.
INFO: Elapsed time: 84.932s, Critical Path: 8.83s
INFO: 66 processes: 676 action cache hit, 35 internal, 31 linux-sandbox.
ERROR: Build did NOT complete successfully
FAILED: 
//score/mw/com/impl/rust/com-api/com-api-runtime-mock:com-api-runtime-mock-doc-tests NO STATUS
//score/mw/com/rust/score_com_concept:score_com_concept-macros-tests  NO STATUS
//score/mw/com/rust/score_com_concept:score_com_concept-macros-unit-tests NO STATUS
//score/mw/com/rust/score_com_concept:score_com_concept-test          NO STATUS
//score/mw/com/impl/rust/com-api/com-api-runtime-mock:com-api-runtime-mock-tests FAILED TO BUILD

Executed 0 out of 5 tests: 1 fails to build and 4 were skipped.
INFO: Build Event Protocol files produced successfully.
