$TEST_TMPDIR defined, some defaults will be overridden
OpenJDK 64-Bit Server VM warning: Options -Xverify:none and -noverify were deprecated in JDK 13 and will likely be removed in a future release.
Computing main repo mapping: 
Computing main repo mapping: 
Computing main repo mapping: 
Computing main repo mapping: 
Computing main repo mapping: 
Computing main repo mapping: 
Computing main repo mapping: 
Computing main repo mapping: 
Computing main repo mapping: 
Computing main repo mapping: 
Computing main repo mapping: 
Computing main repo mapping: 
Computing main repo mapping: 
Computing main repo mapping: 
Loading: 
Loading: 6 packages loaded
Analyzing: 2 targets (8 packages loaded)
Analyzing: 2 targets (8 packages loaded, 0 targets configured)
Analyzing: 2 targets (8 packages loaded, 0 targets configured)

Analyzing: 2 targets (26 packages loaded, 9 targets configured)

Analyzing: 2 targets (94 packages loaded, 9 targets configured)

Analyzing: 2 targets (100 packages loaded, 9 targets configured)

Analyzing: 2 targets (156 packages loaded, 552 targets configured)

Analyzing: 2 targets (161 packages loaded, 3160 targets configured)

Analyzing: 2 targets (199 packages loaded, 7481 targets configured)

Analyzing: 2 targets (210 packages loaded, 10268 targets configured)

Analyzing: 2 targets (267 packages loaded, 12320 targets configured)

Analyzing: 2 targets (274 packages loaded, 12815 targets configured)

Analyzing: 2 targets (281 packages loaded, 12845 targets configured)
[39 / 269] checking cached actions
INFO: Analyzed 2 targets (281 packages loaded, 17884 targets configured).
[113 / 289] checking cached actions
[289 / 292] [Prepa] Clippy //score/mw/com/impl/rust/com-api/com-api-runtime-mock:com-api-runtime-mock
[289 / 292] Clippy //score/mw/com/impl/rust/com-api/com-api-runtime-mock:com-api-runtime-mock; 1s linux-sandbox
INFO: From Action score/mw/com/impl/rust/com-api/com-api-runtime-mock/com-api-runtime-mock.AspectRulesLintClippy.out:

INFO: From Action score/mw/com/impl/rust/com-api/com-api-runtime-mock/com-api-runtime-mock.AspectRulesLintClippy.report:
Successfully wrote output to bazel-out/k8-fastbuild/bin/score/mw/com/impl/rust/com-api/com-api-runtime-mock/com-api-runtime-mock.AspectRulesLintClippy.report
INFO: Found 2 targets...
INFO: Elapsed time: 44.824s, Critical Path: 2.51s
INFO: 4 processes: 303 action cache hit, 1 internal, 3 linux-sandbox.
INFO: Build completed successfully, 4 total actions
