$TEST_TMPDIR defined, some defaults will be overridden
Extracting Bazel installation...
OpenJDK 64-Bit Server VM warning: Options -Xverify:none and -noverify were deprecated in JDK 13 and will likely be removed in a future release.
WARNING: The following configs were expanded more than once: [linux_x64_gcc_15]. For repeatable flags, repeats are counted twice and may lead to unexpected behavior.
Computing main repo mapping: 
Computing main repo mapping: 
WARNING: The following configs were expanded more than once: [linux_x64_gcc_15]. For repeatable flags, repeats are counted twice and may lead to unexpected behavior.
Computing main repo mapping: 
Computing main repo mapping: 
Computing main repo mapping: 
Computing main repo mapping: 
Computing main repo mapping: 
Computing main repo mapping: 
Computing main repo mapping: 
Computing main repo mapping: 
Computing main repo mapping: 
Computing main repo mapping: 
Computing main repo mapping: 
Computing main repo mapping: 
Computing main repo mapping: 
Loading: 
Loading: 5 packages loaded
Analyzing: target //score/mw/com/impl/rust/com-api/com-api-runtime-mock:com-api-runtime-mock-tests (6 packages loaded, 0 targets configured)
Analyzing: target //score/mw/com/impl/rust/com-api/com-api-runtime-mock:com-api-runtime-mock-tests (6 packages loaded, 0 targets configured)

Analyzing: target //score/mw/com/impl/rust/com-api/com-api-runtime-mock:com-api-runtime-mock-tests (93 packages loaded, 9 targets configured)

Analyzing: target //score/mw/com/impl/rust/com-api/com-api-runtime-mock:com-api-runtime-mock-tests (97 packages loaded, 9 targets configured)

Analyzing: target //score/mw/com/impl/rust/com-api/com-api-runtime-mock:com-api-runtime-mock-tests (97 packages loaded, 9 targets configured)

Analyzing: target //score/mw/com/impl/rust/com-api/com-api-runtime-mock:com-api-runtime-mock-tests (104 packages loaded, 36 targets configured)

Analyzing: target //score/mw/com/impl/rust/com-api/com-api-runtime-mock:com-api-runtime-mock-tests (146 packages loaded, 435 targets configured)

Analyzing: target //score/mw/com/impl/rust/com-api/com-api-runtime-mock:com-api-runtime-mock-tests (158 packages loaded, 3158 targets configured)

Analyzing: target //score/mw/com/impl/rust/com-api/com-api-runtime-mock:com-api-runtime-mock-tests (158 packages loaded, 3158 targets configured)

Analyzing: target //score/mw/com/impl/rust/com-api/com-api-runtime-mock:com-api-runtime-mock-tests (158 packages loaded, 3158 targets configured)

Analyzing: target //score/mw/com/impl/rust/com-api/com-api-runtime-mock:com-api-runtime-mock-tests (158 packages loaded, 3158 targets configured)

Analyzing: target //score/mw/com/impl/rust/com-api/com-api-runtime-mock:com-api-runtime-mock-tests (158 packages loaded, 3158 targets configured)

Analyzing: target //score/mw/com/impl/rust/com-api/com-api-runtime-mock:com-api-runtime-mock-tests (203 packages loaded, 9911 targets configured)

Analyzing: target //score/mw/com/impl/rust/com-api/com-api-runtime-mock:com-api-runtime-mock-tests (224 packages loaded, 10633 targets configured)

INFO: Analyzed target //score/mw/com/impl/rust/com-api/com-api-runtime-mock:com-api-runtime-mock-tests (273 packages loaded, 12827 targets configured).
[4 / 9] [Prepa] Creating source manifest for @@rules_rust+//util/process_wrapper:process_wrapper [for tool]
[102 / 279] [Prepa] Creating symlink external/score_toolchains_rust++ferrocene_toolchain_ext+ferrocene_x86_64_unknown_linux_gnu/rust_ferrocene/lib/rustlib/etc/lldb_commands [for tool]
[128 / 279] checking cached actions
[138 / 279] [Prepa] Compiling Rust (without process_wrapper) rlib tinyjson (4 files) [for tool]
[139 / 279] [Prepa] Compiling Rust (without process_wrapper) bin process_wrapper (6 files) [for tool]
[139 / 279] Compiling Rust (without process_wrapper) bin process_wrapper (6 files) [for tool]; 1s linux-sandbox
[140 / 279] Compiling Rust rlib cargo_build_script_runner (2 files) [for tool]; 0s linux-sandbox ... (4 actions running)
[147 / 279] Compiling Rust rlib winnow v0.7.2 (93 files) [for tool]; 0s linux-sandbox ... (3 actions running)
[152 / 279] Compiling Rust rlib winnow v0.7.2 (93 files) [for tool]; 1s linux-sandbox ... (4 actions, 3 running)
[154 / 279] Compiling Rust rlib winnow v0.7.2 (93 files) [for tool]; 2s linux-sandbox ... (4 actions, 3 running)
[158 / 279] Compiling Rust rlib winnow v0.7.2 (93 files) [for tool]; 3s linux-sandbox ... (4 actions, 3 running)
[167 / 279] Compiling Rust rlib winnow v0.7.2 (93 files) [for tool]; 4s linux-sandbox ... (4 actions, 3 running)
[171 / 279] Compiling Rust rlib proc_macro2 v1.0.93 (17 files) [for tool]; 1s linux-sandbox ... (4 actions, 3 running)
[179 / 279] Compiling Rust rlib proc_macro2 v1.0.93 (17 files) [for tool]; 2s linux-sandbox ... (3 actions, 2 running)
[184 / 279] Compiling Rust rlib num_traits v0.2.19 (21 files) [for tool]; 1s linux-sandbox ... (2 actions running)
[187 / 279] Compiling Rust rlib syn v2.0.98 (96 files) [for tool]; 1s linux-sandbox
[188 / 279] [Prepa] Compiling Rust proc-macro zerovec_derive v0.10.3 (9 files) [for tool]
[188 / 279] Compiling Rust proc-macro zerovec_derive v0.10.3 (9 files) [for tool]; 1s linux-sandbox ... (4 actions running)
[191 / 279] Compiling Rust proc-macro serde_derive v1.0.217 (18 files) [for tool]; 7s linux-sandbox ... (3 actions, 1 running)
[192 / 279] Compiling Rust proc-macro serde_derive v1.0.217 (18 files) [for tool]; 9s linux-sandbox ... (3 actions running)
[193 / 279] Compiling Rust proc-macro serde_derive v1.0.217 (18 files) [for tool]; 12s linux-sandbox ... (2 actions running)
[194 / 279] Compiling Rust proc-macro serde_derive v1.0.217 (18 files) [for tool]; 13s linux-sandbox ... (3 actions running)
[195 / 279] Compiling Rust proc-macro yoke_derive v0.7.5 (3 files) [for tool]; 3s linux-sandbox ... (3 actions, 2 running)
[198 / 279] Compiling Rust rlib serde v1.0.217 (20 files) [for tool]; 1s linux-sandbox ... (2 actions, 1 running)
[199 / 279] Compiling Rust rlib serde v1.0.217 (20 files) [for tool]; 2s linux-sandbox ... (2 actions running)
[200 / 279] Compiling Rust rlib serde v1.0.217 (20 files) [for tool]; 4s linux-sandbox ... (3 actions, 1 running)
[201 / 279] Compiling Rust rlib serde v1.0.217 (20 files) [for tool]; 5s linux-sandbox ... (3 actions running)
[206 / 279] Compiling Rust rlib icu_locid v1.5.0 (48 files) [for tool]; 2s linux-sandbox ... (4 actions, 3 running)
[208 / 279] Compiling Rust rlib icu_locid v1.5.0 (48 files) [for tool]; 3s linux-sandbox ... (3 actions running)
[209 / 279] Compiling Rust rlib icu_locid v1.5.0 (48 files) [for tool]; 4s linux-sandbox ... (2 actions running)
[210 / 279] Compiling Rust rlib toml_edit v0.22.24 (58 files) [for tool]; 4s linux-sandbox ... (2 actions, 1 running)
[211 / 279] Compiling Rust rlib toml_edit v0.22.24 (58 files) [for tool]; 6s linux-sandbox ... (2 actions, 1 running)
[211 / 279] Compiling Rust rlib toml_edit v0.22.24 (58 files) [for tool]; 7s linux-sandbox ... (2 actions running)
[212 / 279] Compiling Rust rlib icu_locid_transform v1.5.0 (15 files) [for tool]; 2s linux-sandbox ... (2 actions, 1 running)
[213 / 279] Compiling Rust rlib toml v0.8.20 (29 files) [for tool]; 1s linux-sandbox ... (2 actions running)
[214 / 279] Compiling Rust rlib icu_properties v1.5.1 (14 files) [for tool]; 3s linux-sandbox
[215 / 279] [Prepa] Compiling Rust rlib icu_normalizer v1.5.0 (13 files) [for tool]
[215 / 279] Compiling Rust rlib icu_normalizer v1.5.0 (13 files) [for tool]; 1s linux-sandbox
[216 / 279] [Prepa] Compiling Rust rlib idna_adapter v1.2.0 (1 file) [for tool]
[217 / 279] Compiling Rust rlib idna v1.0.3 (11 files) [for tool]; 1s linux-sandbox
[218 / 279] Compiling Rust rlib url v2.5.4 (9 files) [for tool]; 1s linux-sandbox
[219 / 279] [Prepa] Compiling Rust rlib cargo_util_schemas v0.3.1 (8 files) [for tool]
[219 / 279] Compiling Rust rlib cargo_util_schemas v0.3.1 (8 files) [for tool]; 1s linux-sandbox
[220 / 279] [Prepa] Compiling Rust bin cargo_toml_variable_extractor (1 file) [for tool]
[220 / 279] Compiling Rust bin cargo_toml_variable_extractor (1 file) [for tool]; 1s linux-sandbox
[220 / 279] Compiling Rust bin cargo_toml_variable_extractor (1 file) [for tool]; 11s linux-sandbox
[221 / 279] [Prepa] ExtractCargoTomlEnvVars external/rules_rust++crate+crate_index__futures-0.3.34/cargo_toml_env_vars.env ... (3 actions, 0 running)
[239 / 279] Compiling Rust proc-macro pastey v0.2.3 (5 files) [for tool]; 0s linux-sandbox ... (4 actions, 3 running)
[256 / 279] Compiling Rust rlib futures_channel v0.3.34 (12 files); 0s linux-sandbox ... (4 actions, 3 running)
[260 / 279] Compiling Rust rlib proc_macro2 v1.0.107 (22 files) [for tool]; 1s linux-sandbox ... (2 actions running)
[262 / 279] [Prepa] Compiling Rust rlib quote v1.0.47 (17 files) [for tool]
[263 / 279] Compiling Rust rlib syn v2.0.119 (97 files) [for tool]; 1s linux-sandbox ... (2 actions running)
[263 / 279] Compiling Rust rlib syn v2.0.119 (97 files) [for tool]; 10s linux-sandbox ... (2 actions running)
[264 / 279] Compiling Rust rlib syn v2.0.119 (97 files) [for tool]; 21s linux-sandbox ... (2 actions, 1 running)
[265 / 279] Compiling Rust proc-macro thiserror_impl v2.0.21 (11 files) [for tool]; 1s linux-sandbox ... (4 actions running)
[266 / 279] Compiling Rust proc-macro thiserror_impl v2.0.21 (11 files) [for tool]; 7s linux-sandbox ... (3 actions running)
[267 / 279] Compiling Rust proc-macro thiserror_impl v2.0.21 (11 files) [for tool]; 8s linux-sandbox ... (3 actions running)
[271 / 279] Compiling Rust proc-macro futures_macro v0.3.34 (5 files) [for tool]; 10s linux-sandbox ... (2 actions, 1 running)
[272 / 279] Compiling Rust proc-macro futures_macro v0.3.34 (5 files) [for tool]; 11s linux-sandbox
[273 / 279] Compiling Rust rlib futures_util v0.3.34 (186 files); 0s linux-sandbox
[273 / 279] Compiling Rust rlib futures_util v0.3.34 (186 files); 10s linux-sandbox
[274 / 279] [Prepa] Compiling Rust rlib futures_executor v0.3.34 (7 files)
[275 / 279] Compiling Rust rlib futures v0.3.34 (61 files); 0s linux-sandbox
[276 / 279] Compiling Rust rlib score_com_concept (5 files); 0s linux-sandbox
[278 / 279] Compiling Rust bin com-api-runtime-mock-tests (1 file); 0s linux-sandbox
[279 / 279] no actions running
[279 / 280] [Sched] Testing //score/mw/com/impl/rust/com-api/com-api-runtime-mock:com-api-runtime-mock-tests
INFO: Found 1 test target...
Target //score/mw/com/impl/rust/com-api/com-api-runtime-mock:com-api-runtime-mock-tests up-to-date:
  bazel-bin/score/mw/com/impl/rust/com-api/com-api-runtime-mock/test-777193637/com-api-runtime-mock-tests
INFO: Elapsed time: 242.785s, Critical Path: 143.74s
INFO: 280 processes: 146 internal, 134 linux-sandbox.
INFO: Build completed successfully, 280 total actions
INFO: 
//score/mw/com/impl/rust/com-api/com-api-runtime-mock:com-api-runtime-mock-tests PASSED in 0.0s

Executed 1 out of 1 test: 1 test passes.
There were tests whose specified size is too big. Use the --test_verbose_timeout_warnings command line option to see which ones these are.
INFO: Build Event Protocol files produced successfully.
