$TEST_TMPDIR defined, some defaults will be overridden
OpenJDK 64-Bit Server VM warning: Options -Xverify:none and -noverify were deprecated in JDK 13 and will likely be removed in a future release.
WARNING: The following configs were expanded more than once: [linux_x64_gcc_15]. For repeatable flags, repeats are counted twice and may lead to unexpected behavior.
Computing main repo mapping: 
Computing main repo mapping: 
Computing main repo mapping: 
WARNING: The following configs were expanded more than once: [linux_x64_gcc_15]. For repeatable flags, repeats are counted twice and may lead to unexpected behavior.
Computing main repo mapping: 
Computing main repo mapping: 
Computing main repo mapping: 
Computing main repo mapping: 
Computing main repo mapping: 
Computing main repo mapping: 
Computing main repo mapping: 
Computing main repo mapping: 
Computing main repo mapping: 
Computing main repo mapping: 
Computing main repo mapping: 
Loading: 
Loading: 5 packages loaded
Analyzing: target @@buildifier_prebuilt+//:buildifier (6 packages loaded, 0 targets configured)
Analyzing: target @@buildifier_prebuilt+//:buildifier (6 packages loaded, 0 targets configured)

Analyzing: target @@buildifier_prebuilt+//:buildifier (39 packages loaded, 7 targets configured)

Analyzing: target @@buildifier_prebuilt+//:buildifier (94 packages loaded, 7 targets configured)

Analyzing: target @@buildifier_prebuilt+//:buildifier (111 packages loaded, 57 targets configured)

Analyzing: target @@buildifier_prebuilt+//:buildifier (159 packages loaded, 3161 targets configured)

Analyzing: target @@buildifier_prebuilt+//:buildifier (159 packages loaded, 3161 targets configured)

Analyzing: target @@buildifier_prebuilt+//:buildifier (159 packages loaded, 3161 targets configured)

INFO: Analyzed target @@buildifier_prebuilt+//:buildifier (160 packages loaded, 3166 targets configured).
[1 / 1] no actions running
INFO: Found 1 target...
Target @@buildifier_prebuilt+//buildifier:buildifier up-to-date:
  bazel-bin/external/buildifier_prebuilt+/buildifier/buildifier.bash
INFO: Elapsed time: 40.693s, Critical Path: 0.10s
INFO: 5 processes: 5 internal.
INFO: Build completed successfully, 5 total actions
