$TEST_TMPDIR defined, some defaults will be overridden
OpenJDK 64-Bit Server VM warning: Options -Xverify:none and -noverify were deprecated in JDK 13 and will likely be removed in a future release.
WARNING: The following configs were expanded more than once: [linux_x64_gcc_15]. For repeatable flags, repeats are counted twice and may lead to unexpected behavior.
Computing main repo mapping: 
Computing main repo mapping: 
WARNING: The following configs were expanded more than once: [linux_x64_gcc_15]. For repeatable flags, repeats are counted twice and may lead to unexpected behavior.
Computing main repo mapping: 
Computing main repo mapping: 
Computing main repo mapping: 
Computing main repo mapping: 
Computing main repo mapping: 
Computing main repo mapping: 
Computing main repo mapping: 
Computing main repo mapping: 
Computing main repo mapping: 
Loading: 
Loading: 5 packages loaded
Analyzing: 5 targets (7 packages loaded)
Analyzing: 5 targets (7 packages loaded, 0 targets configured)
Analyzing: 5 targets (7 packages loaded, 0 targets configured)

Analyzing: 5 targets (13 packages loaded, 9 targets configured)

Analyzing: 5 targets (30 packages loaded, 9 targets configured)

Analyzing: 5 targets (90 packages loaded, 12 targets configured)

Analyzing: 5 targets (99 packages loaded, 12 targets configured)

Analyzing: 5 targets (153 packages loaded, 262 targets configured)

Analyzing: 5 targets (182 packages loaded, 7225 targets configured)

Analyzing: 5 targets (208 packages loaded, 10340 targets configured)

Analyzing: 5 targets (225 packages loaded, 10412 targets configured)

Analyzing: 5 targets (234 packages loaded, 10464 targets configured)

Analyzing: 5 targets (302 packages loaded, 12911 targets configured)
[1 / 1] no actions running
INFO: Analyzed 5 targets (302 packages loaded, 13012 targets configured).
[12 / 63] checking cached actions
[236 / 664] [Scann] Compiling score/mw/com/impl/plumbing/rust/test_support/test_helper_size_provider.cpp
[261 / 664] Compiling score/mw/com/impl/plumbing/rust/test_support/test_helper_size_provider.cpp; 0s linux-sandbox
[633 / 664] Compiling score/mw/com/impl/plumbing/rust/test_support/test_helper_size_provider.cpp; 7s linux-sandbox ... (2 actions, 1 running)
[634 / 666] Compiling score/mw/com/impl/plumbing/rust/test_support/test_helper_size_provider.cpp; 9s linux-sandbox ... (4 actions running)
[635 / 666] Compiling Rust rlib icu_locid_transform v1.5.0 (15 files) [for tool]; 2s linux-sandbox ... (4 actions, 3 running)
[636 / 666] Compiling Rust rlib icu_locid_transform v1.5.0 (15 files) [for tool]; 3s linux-sandbox ... (4 actions, 3 running)
[636 / 666] Compiling Rust rlib icu_locid_transform v1.5.0 (15 files) [for tool]; 5s linux-sandbox ... (4 actions running)
[636 / 666] Compiling Rust rlib icu_locid_transform v1.5.0 (15 files) [for tool]; 15s linux-sandbox ... (4 actions running)
[637 / 666] Compiling Rust proc-macro serde_derive v1.0.217 (18 files) [for tool]; 21s linux-sandbox ... (4 actions, 3 running)
[637 / 666] Compiling Rust proc-macro serde_derive v1.0.217 (18 files) [for tool]; 22s linux-sandbox ... (4 actions running)
[637 / 666] Compiling Rust proc-macro serde_derive v1.0.217 (18 files) [for tool]; 32s linux-sandbox ... (4 actions running)
[637 / 666] Compiling Rust proc-macro serde_derive v1.0.217 (18 files) [for tool]; 35s linux-sandbox ... (4 actions running)
[639 / 666] 2 / 5 tests; Compiling Rust proc-macro serde_derive v1.0.217 (18 files) [for tool]; 36s linux-sandbox ... (3 actions running)
[639 / 666] 2 / 5 tests; Compiling Rust proc-macro serde_derive v1.0.217 (18 files) [for tool]; 47s linux-sandbox ... (3 actions running)
[640 / 666] 2 / 5 tests; Compiling Rust bin method_in_arg_ptr_test_rs_linux (1 file); 46s linux-sandbox ... (3 actions, 2 running)
[640 / 666] 2 / 5 tests; Compiling Rust bin method_in_arg_ptr_test_rs_linux (1 file); 47s linux-sandbox ... (3 actions running)
[641 / 667] 2 / 5 tests; Compiling Rust rlib icu_properties v1.5.1 (14 files) [for tool]; 33s linux-sandbox ... (3 actions, 2 running)
[643 / 667] 3 / 5 tests; Compiling Rust rlib serde v1.0.217 (20 files) [for tool]; 6s linux-sandbox ... (2 actions running)
[644 / 667] 3 / 5 tests; Compiling Rust rlib serde v1.0.217 (20 files) [for tool]; 13s linux-sandbox ... (2 actions, 1 running)
[645 / 667] 3 / 5 tests; Compiling Rust rlib serde v1.0.217 (20 files) [for tool]; 14s linux-sandbox ... (2 actions running)
[646 / 667] 3 / 5 tests; Compiling Rust rlib serde v1.0.217 (20 files) [for tool]; 16s linux-sandbox ... (2 actions, 1 running)
[647 / 667] 3 / 5 tests; Compiling Rust rlib url v2.5.4 (9 files) [for tool]; 1s linux-sandbox ... (3 actions, 1 running)
[649 / 667] 3 / 5 tests; Compiling Rust rlib url v2.5.4 (9 files) [for tool]; 2s linux-sandbox ... (4 actions running)
[651 / 667] 3 / 5 tests; Compiling Rust rlib url v2.5.4 (9 files) [for tool]; 3s linux-sandbox ... (3 actions, 2 running)
[652 / 667] 3 / 5 tests; Compiling Rust rlib toml_edit v0.22.24 (58 files) [for tool]; 3s linux-sandbox ... (3 actions running)
[654 / 667] 3 / 5 tests; Compiling Rust rlib toml_edit v0.22.24 (58 files) [for tool]; 4s linux-sandbox
[654 / 667] 3 / 5 tests; Compiling Rust rlib toml_edit v0.22.24 (58 files) [for tool]; 15s linux-sandbox
[655 / 667] 3 / 5 tests; Compiling Rust rlib toml v0.8.20 (29 files) [for tool]; 0s linux-sandbox
[656 / 667] 3 / 5 tests; [Prepa] Compiling Rust rlib cargo_util_schemas v0.3.1 (8 files) [for tool]
[656 / 667] 3 / 5 tests; Compiling Rust rlib cargo_util_schemas v0.3.1 (8 files) [for tool]; 1s linux-sandbox
[656 / 667] 3 / 5 tests; Compiling Rust rlib cargo_util_schemas v0.3.1 (8 files) [for tool]; 10s linux-sandbox
[656 / 667] 3 / 5 tests; Compiling Rust rlib cargo_util_schemas v0.3.1 (8 files) [for tool]; 41s linux-sandbox
[657 / 667] 3 / 5 tests; [Prepa] Compiling Rust bin cargo_toml_variable_extractor (1 file) [for tool]
[657 / 667] 3 / 5 tests; Compiling Rust bin cargo_toml_variable_extractor (1 file) [for tool]; 0s linux-sandbox
[657 / 667] 3 / 5 tests; Compiling Rust bin cargo_toml_variable_extractor (1 file) [for tool]; 11s linux-sandbox
[657 / 667] 3 / 5 tests; Compiling Rust bin cargo_toml_variable_extractor (1 file) [for tool]; 41s linux-sandbox
[658 / 667] 3 / 5 tests; [Prepa] ExtractCargoTomlEnvVars external/rules_rust++crate+crate_index__libc-0.2.186/cargo_toml_env_vars.env [for tool] ... (2 actions, 0 running)
[660 / 667] 3 / 5 tests; Compiling Rust bin _bs_ (346 files) [for tool]; 1s linux-sandbox
[661 / 667] 3 / 5 tests; [Prepa] Creating symlink external/rules_rust++crate+crate_index__libc-0.2.186/_bs-
[662 / 667] 3 / 5 tests; Running Cargo build script libc; 1s linux-sandbox
[663 / 667] 3 / 5 tests; Compiling Rust rlib libc v0.2.186 (346 files); 1s linux-sandbox
[663 / 667] 3 / 5 tests; Compiling Rust rlib libc v0.2.186 (346 files); 11s linux-sandbox
[664 / 667] 3 / 5 tests; [Prepa] Compiling Rust rlib common_rs (1 file)
[665 / 667] 3 / 5 tests; Compiling Rust bin sample_allocatee_ptr_test_rs_linux (1 file); 1s linux-sandbox ... (2 actions running)
[665 / 667] 3 / 5 tests; Compiling Rust bin sample_allocatee_ptr_test_rs_linux (1 file); 11s linux-sandbox ... (2 actions running)
[667 / 668] 3 / 5 tests; [Prepa] Testing //score/mw/com/impl/plumbing/rust:sample_ptr_test_rs
INFO: Found 5 test targets...
[669 / 669] 5 / 5 tests; no actions running
INFO: Elapsed time: 387.469s, Critical Path: 316.28s
INFO: 36 processes: 645 action cache hit, 38 linux-sandbox.
INFO: Build completed successfully, 36 total actions
INFO: 
//score/mw/com/impl/methods:method_signature_element_ptr_test            PASSED in 0.3s
//score/mw/com/impl/plumbing/rust:method_in_arg_ptr_doc_test             PASSED in 34.6s
//score/mw/com/impl/plumbing/rust:method_in_arg_ptr_test_rs              PASSED in 0.1s
//score/mw/com/impl/plumbing/rust:sample_allocatee_ptr_test_rs           PASSED in 0.1s
//score/mw/com/impl/plumbing/rust:sample_ptr_test_rs                     PASSED in 0.1s

Executed 5 out of 5 tests: 5 tests pass.
There were tests whose specified size is too big. Use the --test_verbose_timeout_warnings command line option to see which ones these are.
INFO: Build Event Protocol files produced successfully.
