$TEST_TMPDIR defined, some defaults will be overridden
OpenJDK 64-Bit Server VM warning: Options -Xverify:none and -noverify were deprecated in JDK 13 and will likely be removed in a future release.
WARNING: The following configs were expanded more than once: [linux_x64_gcc_15]. For repeatable flags, repeats are counted twice and may lead to unexpected behavior.
Computing main repo mapping: 
Computing main repo mapping: 
Computing main repo mapping: 
WARNING: The following configs were expanded more than once: [linux_x64_gcc_15]. For repeatable flags, repeats are counted twice and may lead to unexpected behavior.
Computing main repo mapping: 
Computing main repo mapping: 
Computing main repo mapping: 
Computing main repo mapping: 
Computing main repo mapping: 
Computing main repo mapping: 
Computing main repo mapping: 
Computing main repo mapping: 
Computing main repo mapping: 
Computing main repo mapping: 
Loading: 
Loading: 5 packages loaded
Analyzing: 5 targets (7 packages loaded)
Analyzing: 5 targets (7 packages loaded)
Analyzing: 5 targets (7 packages loaded, 0 targets configured)
Analyzing: 5 targets (7 packages loaded, 0 targets configured)

Analyzing: 5 targets (59 packages loaded, 25 targets configured)

Analyzing: 5 targets (85 packages loaded, 26 targets configured)

Analyzing: 5 targets (101 packages loaded, 26 targets configured)

Analyzing: 5 targets (161 packages loaded, 3468 targets configured)

Analyzing: 5 targets (196 packages loaded, 9840 targets configured)

Analyzing: 5 targets (202 packages loaded, 10003 targets configured)

Analyzing: 5 targets (263 packages loaded, 11395 targets configured)

Analyzing: 5 targets (303 packages loaded, 13051 targets configured)
[11 / 60] checking cached actions
INFO: Analyzed 5 targets (303 packages loaded, 13051 targets configured).
[12 / 60] checking cached actions
[87 / 658] [Prepa] Writing repo mapping manifest for //score/mw/com/impl/plumbing/rust:sample_ptr_test_rs
[113 / 659] checking cached actions
[114 / 678] [Prepa] Writing repo mapping manifest for //score/mw/com/impl/plumbing/rust:method_in_arg_ptr_test_rs
[125 / 679] checking cached actions
[136 / 698] [Prepa] Writing repo mapping manifest for //score/mw/com/impl/plumbing/rust:sample_allocatee_ptr_test_rs
[139 / 699] checking cached actions
[169 / 699] Linking score/mw/com/impl/configuration/libsomeip_event_id.a; 0s linux-sandbox
[246 / 699] checking cached actions
[428 / 700] [Scann] Compiling score/mw/com/impl/configuration/someip_service_element_id.cpp
[475 / 700] Compiling score/mw/com/impl/bindings/someip/sample_allocatee_ptr.cpp; 1s linux-sandbox ... (2 actions running)
[481 / 700] Compiling score/mw/com/impl/configuration/service_instance_deployment.cpp; 3s linux-sandbox ... (2 actions, 1 running)
[552 / 701] Compiling score/mw/com/impl/configuration/service_instance_deployment.cpp; 4s linux-sandbox ... (3 actions, 2 running)
[566 / 701] Compiling score/mw/com/impl/configuration/service_instance_deployment.cpp; 5s linux-sandbox ... (3 actions, 2 running)
[591 / 701] Compiling score/mw/com/impl/configuration/service_instance_deployment.cpp; 7s linux-sandbox ... (2 actions running)
INFO: From Compiling score/mw/com/impl/configuration/service_instance_deployment.cpp:
In file included from ./score/mw/com/impl/configuration/service_instance_deployment.h:17,
                 from score/mw/com/impl/configuration/service_instance_deployment.cpp:13:
./score/mw/com/impl/com_error.h: In member function 'virtual std::string_view score::mw::com::impl::ComErrorDomain::MessageFor(const score::result::ErrorCode&) const':
./score/mw/com/impl/com_error.h:186:65: warning: 'score::mw::com::impl::ComErrc::kServiceInstanceAlreadyOffered' is deprecated: Value has never been used. Calls to OfferService shall be idempotent. [-Wdeprecated-declarations]
  186 |             case static_cast<score::result::ErrorCode>(ComErrc::kServiceInstanceAlreadyOffered):
      |                                                                 ^~~~~~~~~~~~~~~~~~~~~~~~~~~~~~
./score/mw/com/impl/com_error.h:57:5: note: declared here
   57 |     kServiceInstanceAlreadyOffered
      |     ^~~~~~~~~~~~~~~~~~~~~~~~~~~~~~
[601 / 701] checking cached actions
[628 / 701] Compiling score/mw/com/impl/configuration/someip_service_instance_deployment.cpp; 1s linux-sandbox ... (3 actions running)
[639 / 701] Compiling score/mw/com/impl/configuration/lola_service_type_deployment.cpp; 2s linux-sandbox ... (4 actions running)
[641 / 701] Compiling score/mw/com/impl/bindings/lola/transaction_log_local_view.cpp; 3s linux-sandbox ... (4 actions, 3 running)
INFO: From Compiling score/mw/com/impl/bindings/lola/transaction_log_local_view.cpp:
In file included from score/mw/com/impl/bindings/lola/transaction_log_local_view.cpp:20:
./score/mw/com/impl/com_error.h: In member function 'virtual std::string_view score::mw::com::impl::ComErrorDomain::MessageFor(const score::result::ErrorCode&) const':
./score/mw/com/impl/com_error.h:186:65: warning: 'score::mw::com::impl::ComErrc::kServiceInstanceAlreadyOffered' is deprecated: Value has never been used. Calls to OfferService shall be idempotent. [-Wdeprecated-declarations]
  186 |             case static_cast<score::result::ErrorCode>(ComErrc::kServiceInstanceAlreadyOffered):
      |                                                                 ^~~~~~~~~~~~~~~~~~~~~~~~~~~~~~
./score/mw/com/impl/com_error.h:57:5: note: declared here
   57 |     kServiceInstanceAlreadyOffered
      |     ^~~~~~~~~~~~~~~~~~~~~~~~~~~~~~
[651 / 701] Compiling score/mw/com/impl/configuration/someip_service_instance_id.cpp; 3s linux-sandbox ... (4 actions running)
[653 / 701] Compiling score/mw/com/impl/configuration/config_parser.cpp; 2s linux-sandbox ... (3 actions running)
[658 / 701] Compiling score/mw/com/impl/configuration/config_parser.cpp; 3s linux-sandbox ... (4 actions, 3 running)
INFO: From Compiling score/mw/com/impl/configuration/config_parser.cpp:
In file included from ./score/mw/com/impl/configuration/service_instance_deployment.h:17,
                 from ./score/mw/com/impl/configuration/configuration.h:18,
                 from ./score/mw/com/impl/configuration/config_parser.h:17,
                 from score/mw/com/impl/configuration/config_parser.cpp:13:
./score/mw/com/impl/com_error.h: In member function 'virtual std::string_view score::mw::com::impl::ComErrorDomain::MessageFor(const score::result::ErrorCode&) const':
./score/mw/com/impl/com_error.h:186:65: warning: 'score::mw::com::impl::ComErrc::kServiceInstanceAlreadyOffered' is deprecated: Value has never been used. Calls to OfferService shall be idempotent. [-Wdeprecated-declarations]
  186 |             case static_cast<score::result::ErrorCode>(ComErrc::kServiceInstanceAlreadyOffered):
      |                                                                 ^~~~~~~~~~~~~~~~~~~~~~~~~~~~~~
./score/mw/com/impl/com_error.h:57:5: note: declared here
   57 |     kServiceInstanceAlreadyOffered
      |     ^~~~~~~~~~~~~~~~~~~~~~~~~~~~~~
[661 / 701] Compiling score/mw/com/impl/plumbing/rust/test_support/test_helper_size_provider.cpp; 2s linux-sandbox ... (4 actions running)
[665 / 701] Compiling score/mw/com/impl/configuration/service_instance_id.cpp; 3s linux-sandbox ... (4 actions running)
INFO: From Compiling score/mw/com/impl/configuration/i_configuration_parsing_strategy.cpp:
In file included from ./score/mw/com/impl/configuration/service_instance_deployment.h:17,
                 from ./score/mw/com/impl/configuration/configuration.h:18,
                 from ./score/mw/com/impl/configuration/i_configuration_parsing_strategy.h:16,
                 from score/mw/com/impl/configuration/i_configuration_parsing_strategy.cpp:13:
./score/mw/com/impl/com_error.h: In member function 'virtual std::string_view score::mw::com::impl::ComErrorDomain::MessageFor(const score::result::ErrorCode&) const':
./score/mw/com/impl/com_error.h:186:65: warning: 'score::mw::com::impl::ComErrc::kServiceInstanceAlreadyOffered' is deprecated: Value has never been used. Calls to OfferService shall be idempotent. [-Wdeprecated-declarations]
  186 |             case static_cast<score::result::ErrorCode>(ComErrc::kServiceInstanceAlreadyOffered):
      |                                                                 ^~~~~~~~~~~~~~~~~~~~~~~~~~~~~~
./score/mw/com/impl/com_error.h:57:5: note: declared here
   57 |     kServiceInstanceAlreadyOffered
      |     ^~~~~~~~~~~~~~~~~~~~~~~~~~~~~~
[669 / 701] Compiling score/mw/com/impl/plumbing/sample_ptr.cpp; 2s linux-sandbox ... (4 actions running)
[676 / 701] Compiling score/mw/com/impl/configuration/service_type_deployment.cpp; 4s linux-sandbox ... (4 actions, 3 running)
[678 / 701] Compiling score/mw/com/impl/configuration/configuration_json_parsing_strategy.cpp; 3s linux-sandbox ... (4 actions running)
[685 / 701] Compiling score/mw/com/impl/configuration/configuration_json_parsing_strategy.cpp; 4s linux-sandbox ... (4 actions running)
[686 / 701] Compiling score/mw/com/impl/configuration/configuration_json_parsing_strategy.cpp; 7s linux-sandbox ... (4 actions, 3 running)
[688 / 701] Compiling score/mw/com/impl/configuration/configuration_json_parsing_strategy.cpp; 8s linux-sandbox ... (4 actions running)
INFO: From Compiling score/mw/com/impl/configuration/configuration_json_parsing_strategy.cpp:
In file included from ./score/mw/com/impl/configuration/service_instance_deployment.h:17,
                 from ./score/mw/com/impl/configuration/configuration.h:18,
                 from ./score/mw/com/impl/configuration/i_configuration_parsing_strategy.h:16,
                 from ./score/mw/com/impl/configuration/configuration_json_parsing_strategy.h:16,
                 from score/mw/com/impl/configuration/configuration_json_parsing_strategy.cpp:13:
./score/mw/com/impl/com_error.h: In member function 'virtual std::string_view score::mw::com::impl::ComErrorDomain::MessageFor(const score::result::ErrorCode&) const':
./score/mw/com/impl/com_error.h:186:65: warning: 'score::mw::com::impl::ComErrc::kServiceInstanceAlreadyOffered' is deprecated: Value has never been used. Calls to OfferService shall be idempotent. [-Wdeprecated-declarations]
  186 |             case static_cast<score::result::ErrorCode>(ComErrc::kServiceInstanceAlreadyOffered):
      |                                                                 ^~~~~~~~~~~~~~~~~~~~~~~~~~~~~~
./score/mw/com/impl/com_error.h:57:5: note: declared here
   57 |     kServiceInstanceAlreadyOffered
      |     ^~~~~~~~~~~~~~~~~~~~~~~~~~~~~~
[689 / 701] Compiling score/mw/com/impl/configuration/configuration.cpp; 6s linux-sandbox ... (4 actions, 3 running)
INFO: From Compiling score/mw/com/impl/bindings/lola/transaction_log_set.cpp:
In file included from score/mw/com/impl/bindings/lola/transaction_log_set.cpp:17:
./score/mw/com/impl/com_error.h: In member function 'virtual std::string_view score::mw::com::impl::ComErrorDomain::MessageFor(const score::result::ErrorCode&) const':
./score/mw/com/impl/com_error.h:186:65: warning: 'score::mw::com::impl::ComErrc::kServiceInstanceAlreadyOffered' is deprecated: Value has never been used. Calls to OfferService shall be idempotent. [-Wdeprecated-declarations]
  186 |             case static_cast<score::result::ErrorCode>(ComErrc::kServiceInstanceAlreadyOffered):
      |                                                                 ^~~~~~~~~~~~~~~~~~~~~~~~~~~~~~
./score/mw/com/impl/com_error.h:57:5: note: declared here
   57 |     kServiceInstanceAlreadyOffered
      |     ^~~~~~~~~~~~~~~~~~~~~~~~~~~~~~
[692 / 701] Compiling score/mw/com/impl/configuration/configuration.cpp; 7s linux-sandbox ... (4 actions, 3 running)
INFO: From Compiling score/mw/com/impl/configuration/configuration.cpp:
In file included from ./score/mw/com/impl/configuration/service_instance_deployment.h:17,
                 from ./score/mw/com/impl/configuration/configuration.h:18,
                 from score/mw/com/impl/configuration/configuration.cpp:13:
./score/mw/com/impl/com_error.h: In member function 'virtual std::string_view score::mw::com::impl::ComErrorDomain::MessageFor(const score::result::ErrorCode&) const':
./score/mw/com/impl/com_error.h:186:65: warning: 'score::mw::com::impl::ComErrc::kServiceInstanceAlreadyOffered' is deprecated: Value has never been used. Calls to OfferService shall be idempotent. [-Wdeprecated-declarations]
  186 |             case static_cast<score::result::ErrorCode>(ComErrc::kServiceInstanceAlreadyOffered):
      |                                                                 ^~~~~~~~~~~~~~~~~~~~~~~~~~~~~~
./score/mw/com/impl/com_error.h:57:5: note: declared here
   57 |     kServiceInstanceAlreadyOffered
      |     ^~~~~~~~~~~~~~~~~~~~~~~~~~~~~~
INFO: From Compiling score/mw/com/impl/configuration/config_validate.cpp:
In file included from ./score/mw/com/impl/configuration/service_instance_deployment.h:17,
                 from ./score/mw/com/impl/configuration/configuration.h:18,
                 from ./score/mw/com/impl/configuration/config_validate.h:17,
                 from score/mw/com/impl/configuration/config_validate.cpp:13:
./score/mw/com/impl/com_error.h: In member function 'virtual std::string_view score::mw::com::impl::ComErrorDomain::MessageFor(const score::result::ErrorCode&) const':
./score/mw/com/impl/com_error.h:186:65: warning: 'score::mw::com::impl::ComErrc::kServiceInstanceAlreadyOffered' is deprecated: Value has never been used. Calls to OfferService shall be idempotent. [-Wdeprecated-declarations]
  186 |             case static_cast<score::result::ErrorCode>(ComErrc::kServiceInstanceAlreadyOffered):
      |                                                                 ^~~~~~~~~~~~~~~~~~~~~~~~~~~~~~
./score/mw/com/impl/com_error.h:57:5: note: declared here
   57 |     kServiceInstanceAlreadyOffered
      |     ^~~~~~~~~~~~~~~~~~~~~~~~~~~~~~
[697 / 701] 1 / 5 tests; Testing //score/mw/com/impl/plumbing/rust:method_in_arg_ptr_doc_test; 2s linux-sandbox ... (4 actions running)
[698 / 701] 2 / 5 tests; Compiling Rust bin sample_ptr_test_rs_linux (1 file); 2s linux-sandbox ... (3 actions running)
INFO: From Compiling Rust bin sample_allocatee_ptr_test_rs_linux (1 file):
warning: struct `SomeIpSampleAllocateePtrBinding` is never constructed
  --> score/mw/com/impl/plumbing/rust/sample_allocatee_ptr.rs:64:8
   |
64 | struct SomeIpSampleAllocateePtrBinding<T> {
   |        ^^^^^^^^^^^^^^^^^^^^^^^^^^^^^^^
   |
   = note: `#[warn(dead_code)]` (part of `#[warn(unused)]`) on by default

warning: union `SomeIpSampleAllocateePtrVariant` is never used
  --> score/mw/com/impl/plumbing/rust/sample_allocatee_ptr.rs:71:7
   |
71 | union SomeIpSampleAllocateePtrVariant<T> {
   |       ^^^^^^^^^^^^^^^^^^^^^^^^^^^^^^^

warning: 2 warnings emitted

[703 / 704] 4 / 5 tests; Testing //score/mw/com/impl/plumbing/rust:sample_ptr_test_rs; 0s linux-sandbox
INFO: Found 5 test targets...
[704 / 704] 5 / 5 tests; no actions running
INFO: Elapsed time: 126.829s, Critical Path: 13.78s
INFO: 81 processes: 637 action cache hit, 12 internal, 69 linux-sandbox.
INFO: Build completed successfully, 81 total actions
INFO: 
//score/mw/com/impl/methods:method_signature_element_ptr_test            PASSED in 0.1s
//score/mw/com/impl/plumbing/rust:method_in_arg_ptr_doc_test             PASSED in 1.9s
//score/mw/com/impl/plumbing/rust:method_in_arg_ptr_test_rs              PASSED in 0.2s
//score/mw/com/impl/plumbing/rust:sample_allocatee_ptr_test_rs           PASSED in 0.1s
//score/mw/com/impl/plumbing/rust:sample_ptr_test_rs                     PASSED in 0.1s

Executed 5 out of 5 tests: 5 tests pass.
There were tests whose specified size is too big. Use the --test_verbose_timeout_warnings command line option to see which ones these are.
INFO: Build Event Protocol files produced successfully.
