$TEST_TMPDIR defined, some defaults will be overridden
OpenJDK 64-Bit Server VM warning: Options -Xverify:none and -noverify were deprecated in JDK 13 and will likely be removed in a future release.
WARNING: The following configs were expanded more than once: [linux_x64_gcc_15]. For repeatable flags, repeats are counted twice and may lead to unexpected behavior.
Computing main repo mapping: 
Computing main repo mapping: 
WARNING: The following configs were expanded more than once: [linux_x64_gcc_15]. For repeatable flags, repeats are counted twice and may lead to unexpected behavior.
Computing main repo mapping: 
Computing main repo mapping: 
Computing main repo mapping: 
Computing main repo mapping: 
Computing main repo mapping: 
Computing main repo mapping: 
Computing main repo mapping: 
Computing main repo mapping: 
Computing main repo mapping: 
Loading: 
Loading: 5 packages loaded
Analyzing: 3 targets (7 packages loaded)
Analyzing: 3 targets (7 packages loaded, 0 targets configured)
Analyzing: 3 targets (7 packages loaded, 0 targets configured)

Analyzing: 3 targets (93 packages loaded, 9 targets configured)

Analyzing: 3 targets (99 packages loaded, 9 targets configured)

Analyzing: 3 targets (160 packages loaded, 3160 targets configured)

Analyzing: 3 targets (244 packages loaded, 10386 targets configured)

Analyzing: 3 targets (338 packages loaded, 13816 targets configured)

Analyzing: 3 targets (343 packages loaded, 14220 targets configured)

Analyzing: 3 targets (366 packages loaded, 14847 targets configured)
[1 / 11] [Prepa] Writing repo mapping manifest for //score/mw/com/impl/rust/com-api/com-api-runtime-mock:com-api-runtime-mock-doc-tests
DEBUG: Rule 'score_baselibs++_repo_rules+acl-deb' indicated that a canonical reproducible form can be obtained by modifying arguments integrity = "sha256-5AjUxw54AQdOpFkYAgilQtVPVjibpIU3BDTy0A6VCYA=" and dropping ["visibility"]
DEBUG: Repository score_baselibs++_repo_rules+acl-deb instantiated at:
  <builtin>: in <toplevel>
Repository rule deb defined at:
  /media/jefferson/11c42dee-73a3-4c2b-ab42-a0440011d9e0/.s-core-build/runs/communication-781-490-hctgrn42/bazel-output/490/15a9e8e6d3f9d3072db6421ba2edf21a/external/download_utils+/download/deb/repository.bzl:78:22: in <toplevel>
Analyzing: 3 targets (367 packages loaded, 14946 targets configured)
[38 / 179] checking cached actions
INFO: Analyzed 3 targets (367 packages loaded, 14946 targets configured).
[53 / 288] checking cached actions
[79 / 1,240] [Prepa] Writing repo mapping manifest for @@rules_rust++crate+crate_index__libc-0.2.186//:_bs-
[113 / 1,251] checking cached actions
[133 / 1,251] checking cached actions
[151 / 1,251] Compiling score/mw/com/impl/methods/method_traits_checker.cpp; 0s linux-sandbox ... (3 actions running)
[155 / 1,251] Compiling score/mw/com/impl/methods/method_traits_checker.cpp; 1s linux-sandbox ... (2 actions, 1 running)
[185 / 1,251] Compiling score/mw/com/impl/methods/method_traits_checker.cpp; 2s linux-sandbox ... (2 actions, 1 running)
[220 / 1,251] Compiling score/mw/com/impl/subscription_state_change_handler.cpp; 1s linux-sandbox ... (3 actions running)
[232 / 1,251] Compiling score/os/utils/interprocess/interprocess_conditional_variable.cpp; 0s linux-sandbox ... (3 actions running)
[261 / 1,251] Compiling score/os/utils/interprocess/interprocess_mutex.cpp; 0s linux-sandbox ... (3 actions, 2 running)
[329 / 1,251] Compiling score/message_passing/log/log.cpp; 0s linux-sandbox ... (4 actions, 3 running)
[336 / 1,251] Compiling Rust rlib runfiles (1 file) [for tool]; 1s linux-sandbox ... (4 actions running)
[340 / 1,251] Compiling Rust rlib runfiles (1 file) [for tool]; 2s linux-sandbox ... (4 actions running)
[345 / 1,251] Compiling Rust rlib runfiles (1 file) [for tool]; 3s linux-sandbox ... (4 actions running)
[347 / 1,251] Compiling Rust rlib runfiles (1 file) [for tool]; 4s linux-sandbox ... (4 actions running)
[358 / 1,251] Compiling Rust rlib runfiles (1 file) [for tool]; 5s linux-sandbox ... (3 actions, 2 running)
[368 / 1,251] Compiling score/concurrency/synchronized_queue.cpp; 0s linux-sandbox ... (4 actions, 3 running)
[373 / 1,251] Compiling score/concurrency/synchronized_queue.cpp; 1s linux-sandbox ... (4 actions, 3 running)
[376 / 1,251] Compiling score/concurrency/synchronized_queue.cpp; 3s linux-sandbox ... (4 actions running)
[382 / 1,251] Compiling Rust bin rustdoc_test_writer (1 file) [for tool]; 3s linux-sandbox ... (4 actions, 3 running)
[390 / 1,251] Compiling Rust bin rustdoc_test_writer (1 file) [for tool]; 4s linux-sandbox ... (4 actions, 3 running)
[392 / 1,251] Compiling Rust bin rustdoc_test_writer (1 file) [for tool]; 6s linux-sandbox ... (4 actions, 3 running)
[393 / 1,251] Compiling Rust bin rustdoc_test_writer (1 file) [for tool]; 7s linux-sandbox ... (4 actions running)
[394 / 1,251] Compiling Rust bin rustdoc_test_writer (1 file) [for tool]; 8s linux-sandbox ... (4 actions, 3 running)
[398 / 1,251] Compiling Rust bin rustdoc_test_writer (1 file) [for tool]; 10s linux-sandbox ... (4 actions, 3 running)
[403 / 1,251] Compiling Rust bin rustdoc_test_writer (1 file) [for tool]; 11s linux-sandbox ... (4 actions, 2 running)
[409 / 1,251] Compiling Rust bin rustdoc_test_writer (1 file) [for tool]; 12s linux-sandbox ... (4 actions, 3 running)
[411 / 1,251] Compiling Rust bin rustdoc_test_writer (1 file) [for tool]; 13s linux-sandbox ... (4 actions, 3 running)
[416 / 1,251] Compiling Rust bin rustdoc_test_writer (1 file) [for tool]; 14s linux-sandbox ... (3 actions running)
[421 / 1,251] Compiling Rust bin rustdoc_test_writer (1 file) [for tool]; 15s linux-sandbox ... (3 actions running)
[439 / 1,251] Compiling Rust bin rustdoc_test_writer (1 file) [for tool]; 17s linux-sandbox ... (3 actions, 2 running)
[445 / 1,251] Compiling Rust rlib score_com_concept (5 files); 0s linux-sandbox ... (4 actions, 3 running)
[448 / 1,251] Compiling Rust rlib libc v0.2.186 (346 files); 1s linux-sandbox ... (4 actions, 3 running)
[450 / 1,251] Compiling Rust rlib libc v0.2.186 (346 files); 2s linux-sandbox ... (4 actions running)
[453 / 1,251] Compiling Rust rlib libc v0.2.186 (346 files); 3s linux-sandbox ... (4 actions running)
ERROR: /media/jefferson/11c42dee-73a3-4c2b-ab42-a0440011d9e0/.s-core-build/runs/communication-781-490-hctgrn42/workspaces/490/score/mw/com/impl/rust/com-api/com-api-runtime-mock/BUILD:16:13: Compiling Rust rlib com-api-runtime-mock (1 file) failed: (Exit 1): process_wrapper failed: error executing Rustc command (from target //score/mw/com/impl/rust/com-api/com-api-runtime-mock:com-api-runtime-mock) bazel-out/k8-opt-exec-ST-d57f47055a04/bin/external/rules_rust+/util/process_wrapper/process_wrapper --arg-file ... (remaining 56 arguments skipped)

Use --sandbox_debug to see verbose messages from the sandbox and retain the sandbox build root for debugging
error[E0599]: no variant or associated item named `NotSupported` found for enum `score_com_concept::Error` in the current scope
   --> score/mw/com/impl/rust/com-api/com-api-runtime-mock/runtime.rs:172:113
    |
172 |         if !registry.offered.get(&info.key).is_some_and(|owners| owners.contains(&info.id)) { return Err(Error::NotSupported); }
    |                                                                                                                 ^^^^^^^^^^^^ variant or associated item not found in `score_com_concept::Error`

error[E0599]: no variant or associated item named `NotSupported` found for enum `score_com_concept::Error` in the current scope
   --> score/mw/com/impl/rust/com-api/com-api-runtime-mock/runtime.rs:178:69
    |
178 |     if recipients.len() > 1 && copier.is_none() { return Err(Error::NotSupported); }
    |                                                                     ^^^^^^^^^^^^ variant or associated item not found in `score_com_concept::Error`

error: aborting due to 2 previous errors

For more information about this error, try `rustc --explain E0599`.
[457 / 1,251] Compiling Rust rlib libc v0.2.186 (346 files); 5s linux-sandbox ... (3 actions running)
Use --verbose_failures to see the command lines of failed build steps.
INFO: Elapsed time: 90.669s, Critical Path: 24.79s
INFO: 186 processes: 288 action cache hit, 24 internal, 162 linux-sandbox.
ERROR: Build did NOT complete successfully
FAILED: 
//score/mw/com/impl/rust/com-api/com-api-runtime-mock:com-api-runtime-mock-tests NO STATUS
//score/mw/com/rust/score_com_concept:score_com_concept-test          NO STATUS
//score/mw/com/impl/rust/com-api/com-api-runtime-mock:com-api-runtime-mock-doc-tests FAILED TO BUILD

Executed 0 out of 3 tests: 1 fails to build and 2 were skipped.
INFO: Build Event Protocol files produced successfully.
