$TEST_TMPDIR defined, some defaults will be overridden
Extracting Bazel installation...
OpenJDK 64-Bit Server VM warning: Options -Xverify:none and -noverify were deprecated in JDK 13 and will likely be removed in a future release.
WARNING: The following configs were expanded more than once: [linux_x64_gcc_15]. For repeatable flags, repeats are counted twice and may lead to unexpected behavior.
Computing main repo mapping: 
Computing main repo mapping: 
Computing main repo mapping: 
WARNING: The following configs were expanded more than once: [linux_x64_gcc_15]. For repeatable flags, repeats are counted twice and may lead to unexpected behavior.
Computing main repo mapping: 
Computing main repo mapping: 
Computing main repo mapping: 
Computing main repo mapping: 
Computing main repo mapping: 
Computing main repo mapping: 
Computing main repo mapping: 
Computing main repo mapping: 
Computing main repo mapping: 
Computing main repo mapping: 
Computing main repo mapping: 
Computing main repo mapping: 
Computing main repo mapping: 
Computing main repo mapping: 
Computing main repo mapping: 
Loading: 
Loading: 5 packages loaded
Loading: 5 packages loaded
    currently loading: score/mw/com/impl/plumbing/rust ... (2 packages)
Analyzing: 5 targets (7 packages loaded, 0 targets configured)
Analyzing: 5 targets (7 packages loaded, 0 targets configured)

Analyzing: 5 targets (94 packages loaded, 26 targets configured)

Analyzing: 5 targets (100 packages loaded, 26 targets configured)

Analyzing: 5 targets (100 packages loaded, 26 targets configured)

Analyzing: 5 targets (100 packages loaded, 26 targets configured)

Analyzing: 5 targets (101 packages loaded, 26 targets configured)

Analyzing: 5 targets (146 packages loaded, 257 targets configured)

Analyzing: 5 targets (160 packages loaded, 1381 targets configured)

Analyzing: 5 targets (160 packages loaded, 6261 targets configured)

Analyzing: 5 targets (160 packages loaded, 6261 targets configured)

Analyzing: 5 targets (160 packages loaded, 6261 targets configured)

Analyzing: 5 targets (160 packages loaded, 6261 targets configured)

Analyzing: 5 targets (161 packages loaded, 6265 targets configured)

Analyzing: 5 targets (171 packages loaded, 9432 targets configured)

Analyzing: 5 targets (191 packages loaded, 9765 targets configured)

Analyzing: 5 targets (285 packages loaded, 12109 targets configured)

Analyzing: 5 targets (302 packages loaded, 13000 targets configured)
[1 / 1] no actions running
INFO: Analyzed 5 targets (302 packages loaded, 13012 targets configured).
[38 / 597] checking cached actions
[38 / 626] [Prepa] Writing repo mapping manifest for //score/mw/com/impl/methods:method_signature_element_ptr_test
[80 / 627] [Prepa] Creating symlink external/score_toolchains_rust++ferrocene_toolchain_ext+ferrocene_x86_64_unknown_linux_gnu/rust_ferrocene/bin/rustdoc
[90 / 639] checking cached actions
[94 / 656] [Prepa] Symlinking virtual headers for @score_baselibs//score/static_reflection_with_serialization/visitor:visitor
[137 / 664] [Prepa] Creating symlink external/score_toolchains_rust++ferrocene_toolchain_ext+ferrocene_x86_64_unknown_linux_gnu/rust_ferrocene/lib/rustlib/etc/gdb_providers.py [for tool]
[143 / 664] checking cached actions
[145 / 664] [Scann] Compiling score/os/stdlib_impl.cpp
[145 / 664] Compiling score/os/utils/path.cpp; 1s linux-sandbox ... (4 actions running)
[148 / 664] Compiling score/mw/log/detail/text_recorder/console_recorder_factory.cpp; 2s linux-sandbox ... (4 actions running)
[151 / 664] Compiling score/mw/com/impl/configuration/i_configuration_parsing_strategy.cpp; 1s linux-sandbox ... (4 actions, 3 running)
INFO: From Compiling score/mw/com/impl/configuration/i_configuration_parsing_strategy.cpp:
In file included from ./score/mw/com/impl/configuration/service_instance_deployment.h:17,
                 from ./score/mw/com/impl/configuration/configuration.h:18,
                 from ./score/mw/com/impl/configuration/i_configuration_parsing_strategy.h:16,
                 from score/mw/com/impl/configuration/i_configuration_parsing_strategy.cpp:13:
./score/mw/com/impl/com_error.h: In member function 'virtual std::string_view score::mw::com::impl::ComErrorDomain::MessageFor(const score::result::ErrorCode&) const':
./score/mw/com/impl/com_error.h:186:65: warning: 'score::mw::com::impl::ComErrc::kServiceInstanceAlreadyOffered' is deprecated: Value has never been used. Calls to OfferService shall be idempotent. [-Wdeprecated-declarations]
  186 |             case static_cast<score::result::ErrorCode>(ComErrc::kServiceInstanceAlreadyOffered):
      |                                                                 ^~~~~~~~~~~~~~~~~~~~~~~~~~~~~~
./score/mw/com/impl/com_error.h:57:5: note: declared here
   57 |     kServiceInstanceAlreadyOffered
      |     ^~~~~~~~~~~~~~~~~~~~~~~~~~~~~~
[157 / 664] Compiling score/language/safecpp/safe_math/safe_math.cpp; 1s linux-sandbox ... (4 actions running)
[162 / 664] Compiling score/mw/com/impl/configuration/config_validate.cpp; 2s linux-sandbox ... (4 actions running)
INFO: From Compiling score/mw/com/impl/configuration/config_validate.cpp:
In file included from ./score/mw/com/impl/configuration/service_instance_deployment.h:17,
                 from ./score/mw/com/impl/configuration/configuration.h:18,
                 from ./score/mw/com/impl/configuration/config_validate.h:17,
                 from score/mw/com/impl/configuration/config_validate.cpp:13:
./score/mw/com/impl/com_error.h: In member function 'virtual std::string_view score::mw::com::impl::ComErrorDomain::MessageFor(const score::result::ErrorCode&) const':
./score/mw/com/impl/com_error.h:186:65: warning: 'score::mw::com::impl::ComErrc::kServiceInstanceAlreadyOffered' is deprecated: Value has never been used. Calls to OfferService shall be idempotent. [-Wdeprecated-declarations]
  186 |             case static_cast<score::result::ErrorCode>(ComErrc::kServiceInstanceAlreadyOffered):
      |                                                                 ^~~~~~~~~~~~~~~~~~~~~~~~~~~~~~
./score/mw/com/impl/com_error.h:57:5: note: declared here
   57 |     kServiceInstanceAlreadyOffered
      |     ^~~~~~~~~~~~~~~~~~~~~~~~~~~~~~
[166 / 664] Compiling score/mw/log/runtime.cpp; 1s linux-sandbox ... (4 actions, 3 running)
[169 / 664] Compiling score/mw/log/logging.cpp; 1s linux-sandbox ... (4 actions, 3 running)
[170 / 664] Compiling score/mw/com/impl/configuration/configuration.cpp; 2s linux-sandbox ... (4 actions running)
INFO: From Compiling score/mw/com/impl/configuration/configuration.cpp:
In file included from ./score/mw/com/impl/configuration/service_instance_deployment.h:17,
                 from ./score/mw/com/impl/configuration/configuration.h:18,
                 from score/mw/com/impl/configuration/configuration.cpp:13:
./score/mw/com/impl/com_error.h: In member function 'virtual std::string_view score::mw::com::impl::ComErrorDomain::MessageFor(const score::result::ErrorCode&) const':
./score/mw/com/impl/com_error.h:186:65: warning: 'score::mw::com::impl::ComErrc::kServiceInstanceAlreadyOffered' is deprecated: Value has never been used. Calls to OfferService shall be idempotent. [-Wdeprecated-declarations]
  186 |             case static_cast<score::result::ErrorCode>(ComErrc::kServiceInstanceAlreadyOffered):
      |                                                                 ^~~~~~~~~~~~~~~~~~~~~~~~~~~~~~
./score/mw/com/impl/com_error.h:57:5: note: declared here
   57 |     kServiceInstanceAlreadyOffered
      |     ^~~~~~~~~~~~~~~~~~~~~~~~~~~~~~
[189 / 664] Compiling score/mw/com/impl/methods/method_signature_element_ptr_test.cpp; 0s linux-sandbox ... (4 actions running)
[195 / 664] Compiling score/mw/com/impl/methods/method_signature_element_ptr_test.cpp; 1s linux-sandbox ... (4 actions, 3 running)
[198 / 664] Compiling Rust (without process_wrapper) rlib tinyjson (4 files) [for tool]; 2s linux-sandbox ... (4 actions, 3 running)
[203 / 664] Compiling Rust (without process_wrapper) rlib tinyjson (4 files) [for tool]; 3s linux-sandbox ... (4 actions, 3 running)
[207 / 664] Compiling Rust (without process_wrapper) rlib tinyjson (4 files) [for tool]; 5s linux-sandbox ... (4 actions running)
[216 / 664] Compiling Rust (without process_wrapper) rlib tinyjson (4 files) [for tool]; 6s linux-sandbox ... (4 actions running)
[218 / 664] Compiling Rust (without process_wrapper) rlib tinyjson (4 files) [for tool]; 7s linux-sandbox ... (3 actions running)
[225 / 664] Compiling Rust (without process_wrapper) rlib tinyjson (4 files) [for tool]; 8s linux-sandbox ... (4 actions, 3 running)
[229 / 664] Compiling Rust (without process_wrapper) rlib tinyjson (4 files) [for tool]; 10s linux-sandbox ... (4 actions running)
[233 / 664] Compiling Rust (without process_wrapper) rlib tinyjson (4 files) [for tool]; 11s linux-sandbox ... (4 actions running)
[236 / 664] Compiling score/filesystem/filestream/file_factory.cpp; 1s linux-sandbox ... (4 actions, 3 running)
INFO: From Compiling score/mw/com/impl/com_error.cpp:
In file included from score/mw/com/impl/com_error.cpp:13:
./score/mw/com/impl/com_error.h: In member function 'virtual std::string_view score::mw::com::impl::ComErrorDomain::MessageFor(const score::result::ErrorCode&) const':
./score/mw/com/impl/com_error.h:186:65: warning: 'score::mw::com::impl::ComErrc::kServiceInstanceAlreadyOffered' is deprecated: Value has never been used. Calls to OfferService shall be idempotent. [-Wdeprecated-declarations]
  186 |             case static_cast<score::result::ErrorCode>(ComErrc::kServiceInstanceAlreadyOffered):
      |                                                                 ^~~~~~~~~~~~~~~~~~~~~~~~~~~~~~
./score/mw/com/impl/com_error.h:57:5: note: declared here
   57 |     kServiceInstanceAlreadyOffered
      |     ^~~~~~~~~~~~~~~~~~~~~~~~~~~~~~
[243 / 664] Compiling Rust (without process_wrapper) bin process_wrapper (6 files) [for tool]; 1s linux-sandbox ... (4 actions running)
[246 / 664] Compiling Rust (without process_wrapper) bin process_wrapper (6 files) [for tool]; 2s linux-sandbox ... (4 actions running)
[247 / 664] Compiling Rust (without process_wrapper) bin process_wrapper (6 files) [for tool]; 4s linux-sandbox ... (4 actions, 3 running)
[252 / 664] Compiling googlemock/src/gmock-spec-builders.cc; 5s linux-sandbox ... (4 actions running)
[253 / 664] Compiling score/mw/log/log_stream.cpp; 2s linux-sandbox ... (4 actions running)
[256 / 664] Compiling score/json/internal/parser/nlohmann/json_builder.cpp; 2s linux-sandbox ... (4 actions, 3 running)
[262 / 665] Compiling score/json/internal/parser/nlohmann/json_builder.cpp; 3s linux-sandbox ... (4 actions, 3 running)
[266 / 665] Compiling score/json/internal/parser/nlohmann/json_builder.cpp; 4s linux-sandbox ... (4 actions, 3 running)
[272 / 665] Compiling score/json/internal/parser/nlohmann/json_builder.cpp; 6s linux-sandbox ... (4 actions running)
[274 / 665] Compiling score/json/internal/parser/nlohmann/json_builder.cpp; 7s linux-sandbox ... (4 actions, 3 running)
[278 / 665] Compiling score/json/internal/parser/nlohmann/json_builder.cpp; 8s linux-sandbox ... (4 actions, 3 running)
[282 / 665] Compiling score/json/internal/parser/nlohmann/nlohmann_parser.cpp; 4s linux-sandbox ... (4 actions running)
[286 / 665] Compiling score/mw/log/configuration/target_config_reader.cpp; 2s linux-sandbox ... (4 actions running)
[289 / 665] Compiling score/mw/log/configuration/target_config_reader.cpp; 3s linux-sandbox ... (4 actions, 3 running)
[291 / 665] Compiling score/mw/log/configuration/target_config_reader.cpp; 4s linux-sandbox ... (4 actions, 3 running)
[294 / 665] Compiling score/mw/log/configuration/target_config_reader.cpp; 6s linux-sandbox ... (4 actions running)
[298 / 665] Compiling score/mw/log/configuration/target_config_reader.cpp; 7s linux-sandbox ... (4 actions, 3 running)
[305 / 665] Compiling googletest/src/gtest-printers.cc; 1s linux-sandbox ... (4 actions running)
[310 / 665] Compiling googletest/src/gtest-printers.cc; 2s linux-sandbox ... (4 actions running)
[312 / 665] Compiling score/mw/log/configuration/configuration_file_discoverer.cpp; 2s linux-sandbox ... (4 actions running)
[316 / 665] Compiling Rust rlib hashbrown v0.15.2 (34 files) [for tool]; 2s linux-sandbox ... (4 actions running)
[319 / 665] Compiling Rust rlib hashbrown v0.15.2 (34 files) [for tool]; 3s linux-sandbox ... (4 actions running)
[320 / 665] Compiling score/json/internal/writer/json_serialize/json_serialize_backend.cpp; 3s linux-sandbox ... (4 actions, 3 running)
[323 / 665] Compiling googletest/src/gtest-typed-test.cc; 3s linux-sandbox ... (4 actions, 3 running)
[327 / 665] Compiling Rust rlib indexmap v2.7.1 (30 files) [for tool]; 2s linux-sandbox ... (4 actions running)
[328 / 665] Compiling Rust rlib indexmap v2.7.1 (30 files) [for tool]; 4s linux-sandbox ... (4 actions, 3 running)
[335 / 665] Compiling googletest/src/gtest.cc; 3s linux-sandbox ... (4 actions, 3 running)
[337 / 665] Compiling googletest/src/gtest.cc; 4s linux-sandbox ... (4 actions, 3 running)
[341 / 665] Compiling googletest/src/gtest.cc; 5s linux-sandbox ... (4 actions, 3 running)
[342 / 665] Compiling googletest/src/gtest.cc; 7s linux-sandbox ... (4 actions running)
[346 / 665] Compiling googletest/src/gtest.cc; 9s linux-sandbox ... (4 actions running)
[352 / 665] Compiling Rust bin _bs_ (20 files) [for tool]; 0s linux-sandbox ... (4 actions, 3 running)
[360 / 665] Compiling score/memory/shared/offset_ptr.cpp; 1s linux-sandbox ... (4 actions, 3 running)
[366 / 665] Compiling score/json/internal/model/any.cpp; 1s linux-sandbox ... (4 actions, 3 running)
[367 / 665] Compiling score/json/internal/model/any.cpp; 2s linux-sandbox ... (4 actions running)
[368 / 665] Compiling score/json/internal/model/any.cpp; 3s linux-sandbox ... (4 actions, 3 running)
[371 / 665] Compiling score/mw/com/impl/bindings/lola/transaction_log.cpp; 3s linux-sandbox ... (4 actions, 3 running)
[372 / 665] Compiling Rust bin runner (1 file) [for tool]; 2s linux-sandbox ... (4 actions, 3 running)
[374 / 665] Compiling Rust bin runner (1 file) [for tool]; 3s linux-sandbox ... (4 actions running)
INFO: From Compiling score/mw/com/impl/bindings/lola/transaction_log_local_view.cpp:
In file included from score/mw/com/impl/bindings/lola/transaction_log_local_view.cpp:19:
./score/mw/com/impl/com_error.h: In member function 'virtual std::string_view score::mw::com::impl::ComErrorDomain::MessageFor(const score::result::ErrorCode&) const':
./score/mw/com/impl/com_error.h:186:65: warning: 'score::mw::com::impl::ComErrc::kServiceInstanceAlreadyOffered' is deprecated: Value has never been used. Calls to OfferService shall be idempotent. [-Wdeprecated-declarations]
  186 |             case static_cast<score::result::ErrorCode>(ComErrc::kServiceInstanceAlreadyOffered):
      |                                                                 ^~~~~~~~~~~~~~~~~~~~~~~~~~~~~~
./score/mw/com/impl/com_error.h:57:5: note: declared here
   57 |     kServiceInstanceAlreadyOffered
      |     ^~~~~~~~~~~~~~~~~~~~~~~~~~~~~~
[376 / 665] Compiling Rust bin runner (1 file) [for tool]; 4s linux-sandbox ... (4 actions running)
[380 / 665] Compiling score/json/internal/model/lossless_cast.cpp; 2s linux-sandbox ... (4 actions, 3 running)
[385 / 665] Compiling score/mw/com/impl/bindings/lola/consumer_event_data_control_local_view.cpp; 3s linux-sandbox ... (4 actions running)
[389 / 665] Compiling score/mw/com/impl/bindings/lola/slot_decrementer.cpp; 3s linux-sandbox ... (4 actions running)
[393 / 665] Compiling Rust rlib num_traits v0.2.19 (21 files) [for tool]; 3s linux-sandbox ... (4 actions running)
[396 / 665] Compiling score/mw/com/impl/bindings/lola/sample_ptr.cpp; 2s linux-sandbox ... (4 actions running)
[401 / 665] Compiling score/mw/com/impl/bindings/lola/provider_event_data_control_local_view.cpp; 2s linux-sandbox ... (3 actions, 2 running)
[415 / 665] Compiling score/mw/com/impl/bindings/lola/event_data_control_composite.cpp; 1s linux-sandbox ... (4 actions, 3 running)
[418 / 665] Compiling score/mw/com/impl/bindings/lola/event_data_control_composite.cpp; 2s linux-sandbox ... (4 actions running)
[420 / 665] Compiling Rust rlib proc_macro2 v1.0.93 (17 files) [for tool]; 3s linux-sandbox ... (4 actions running)
[432 / 665] Compiling score/mw/com/impl/configuration/service_version_type.cpp; 1s linux-sandbox ... (4 actions running)
[437 / 665] Compiling score/mw/com/impl/configuration/service_version_type.cpp; 3s linux-sandbox ... (4 actions, 3 running)
[442 / 665] Compiling score/mw/com/impl/service_element_type.cpp; 1s linux-sandbox ... (4 actions, 3 running)
[448 / 665] Compiling score/mw/com/impl/configuration/binding_service_type_deployment.cpp; 2s linux-sandbox ... (4 actions running)
[450 / 665] Compiling Rust rlib syn v2.0.98 (96 files) [for tool]; 2s linux-sandbox ... (4 actions running)
[453 / 665] Compiling Rust rlib syn v2.0.98 (96 files) [for tool]; 4s linux-sandbox ... (4 actions, 3 running)
[456 / 665] Compiling Rust rlib syn v2.0.98 (96 files) [for tool]; 5s linux-sandbox ... (4 actions running)
[458 / 665] Compiling Rust rlib syn v2.0.98 (96 files) [for tool]; 6s linux-sandbox ... (4 actions running)
[462 / 665] Compiling Rust rlib syn v2.0.98 (96 files) [for tool]; 7s linux-sandbox ... (4 actions running)
[463 / 665] Compiling Rust rlib syn v2.0.98 (96 files) [for tool]; 9s linux-sandbox ... (4 actions, 3 running)
INFO: From Compiling score/mw/com/impl/instance_specifier.cpp:
In file included from score/mw/com/impl/instance_specifier.cpp:15:
./score/mw/com/impl/com_error.h: In member function 'virtual std::string_view score::mw::com::impl::ComErrorDomain::MessageFor(const score::result::ErrorCode&) const':
./score/mw/com/impl/com_error.h:186:65: warning: 'score::mw::com::impl::ComErrc::kServiceInstanceAlreadyOffered' is deprecated: Value has never been used. Calls to OfferService shall be idempotent. [-Wdeprecated-declarations]
  186 |             case static_cast<score::result::ErrorCode>(ComErrc::kServiceInstanceAlreadyOffered):
      |                                                                 ^~~~~~~~~~~~~~~~~~~~~~~~~~~~~~
./score/mw/com/impl/com_error.h:57:5: note: declared here
   57 |     kServiceInstanceAlreadyOffered
      |     ^~~~~~~~~~~~~~~~~~~~~~~~~~~~~~
[467 / 665] Compiling Rust rlib syn v2.0.98 (96 files) [for tool]; 10s linux-sandbox ... (4 actions running)
[468 / 665] Compiling Rust rlib syn v2.0.98 (96 files) [for tool]; 11s linux-sandbox ... (4 actions, 3 running)
[470 / 665] Compiling score/mw/log/detail/text_recorder/text_recorder.cpp; 3s linux-sandbox ... (4 actions running)
[475 / 665] Compiling Rust proc-macro thiserror_impl v1.0.69 (10 files) [for tool]; 1s linux-sandbox ... (4 actions, 3 running)
[476 / 665] Compiling Rust proc-macro thiserror_impl v1.0.69 (10 files) [for tool]; 3s linux-sandbox ... (4 actions running)
[477 / 665] Compiling Rust proc-macro thiserror_impl v1.0.69 (10 files) [for tool]; 4s linux-sandbox ... (3 actions running)
[480 / 665] Compiling Rust proc-macro thiserror_impl v1.0.69 (10 files) [for tool]; 5s linux-sandbox ... (4 actions, 3 running)
[482 / 665] Compiling score/mw/log/detail/text_recorder/slot_drainer.cpp; 2s linux-sandbox ... (4 actions, 3 running)
[485 / 665] Compiling score/mw/com/impl/configuration/lola_field_instance_deployment.cpp; 3s linux-sandbox ... (4 actions running)
[488 / 665] Compiling score/mw/com/impl/configuration/lola_service_instance_deployment.cpp; 3s linux-sandbox ... (3 actions running)
[495 / 665] Compiling score/mw/com/impl/configuration/service_instance_deployment.cpp; 1s linux-sandbox ... (4 actions, 3 running)
[500 / 665] Compiling score/mw/com/impl/configuration/service_instance_deployment.cpp; 2s linux-sandbox ... (4 actions, 3 running)
[508 / 665] Compiling score/mw/com/impl/configuration/service_instance_deployment.cpp; 3s linux-sandbox ... (4 actions, 3 running)
INFO: From Compiling score/mw/com/impl/configuration/service_instance_deployment.cpp:
In file included from ./score/mw/com/impl/configuration/service_instance_deployment.h:17,
                 from score/mw/com/impl/configuration/service_instance_deployment.cpp:13:
./score/mw/com/impl/com_error.h: In member function 'virtual std::string_view score::mw::com::impl::ComErrorDomain::MessageFor(const score::result::ErrorCode&) const':
./score/mw/com/impl/com_error.h:186:65: warning: 'score::mw::com::impl::ComErrc::kServiceInstanceAlreadyOffered' is deprecated: Value has never been used. Calls to OfferService shall be idempotent. [-Wdeprecated-declarations]
  186 |             case static_cast<score::result::ErrorCode>(ComErrc::kServiceInstanceAlreadyOffered):
      |                                                                 ^~~~~~~~~~~~~~~~~~~~~~~~~~~~~~
./score/mw/com/impl/com_error.h:57:5: note: declared here
   57 |     kServiceInstanceAlreadyOffered
      |     ^~~~~~~~~~~~~~~~~~~~~~~~~~~~~~
[512 / 665] Compiling Rust proc-macro yoke_derive v0.7.5 (3 files) [for tool]; 0s linux-sandbox ... (4 actions running)
[514 / 665] Compiling Rust proc-macro yoke_derive v0.7.5 (3 files) [for tool]; 1s linux-sandbox ... (4 actions running)
[516 / 665] Compiling Rust proc-macro yoke_derive v0.7.5 (3 files) [for tool]; 2s linux-sandbox ... (3 actions, 2 running)
[517 / 665] Compiling Rust proc-macro yoke_derive v0.7.5 (3 files) [for tool]; 4s linux-sandbox ... (4 actions, 3 running)
[519 / 665] Compiling Rust proc-macro yoke_derive v0.7.5 (3 files) [for tool]; 5s linux-sandbox ... (4 actions, 3 running)
[522 / 665] Compiling Rust proc-macro yoke_derive v0.7.5 (3 files) [for tool]; 6s linux-sandbox ... (4 actions running)
[525 / 665] Compiling score/mw/com/impl/configuration/configuration_json_parsing_strategy.cpp; 4s linux-sandbox ... (4 actions running)
[526 / 665] Compiling score/mw/com/impl/configuration/configuration_json_parsing_strategy.cpp; 7s linux-sandbox ... (4 actions, 3 running)
INFO: From Compiling score/mw/com/impl/configuration/config_parser.cpp:
In file included from ./score/mw/com/impl/configuration/service_instance_deployment.h:17,
                 from ./score/mw/com/impl/configuration/configuration.h:18,
                 from ./score/mw/com/impl/configuration/config_parser.h:17,
                 from score/mw/com/impl/configuration/config_parser.cpp:13:
./score/mw/com/impl/com_error.h: In member function 'virtual std::string_view score::mw::com::impl::ComErrorDomain::MessageFor(const score::result::ErrorCode&) const':
./score/mw/com/impl/com_error.h:186:65: warning: 'score::mw::com::impl::ComErrc::kServiceInstanceAlreadyOffered' is deprecated: Value has never been used. Calls to OfferService shall be idempotent. [-Wdeprecated-declarations]
  186 |             case static_cast<score::result::ErrorCode>(ComErrc::kServiceInstanceAlreadyOffered):
      |                                                                 ^~~~~~~~~~~~~~~~~~~~~~~~~~~~~~
./score/mw/com/impl/com_error.h:57:5: note: declared here
   57 |     kServiceInstanceAlreadyOffered
      |     ^~~~~~~~~~~~~~~~~~~~~~~~~~~~~~
[529 / 665] Compiling score/mw/com/impl/configuration/configuration_json_parsing_strategy.cpp; 8s linux-sandbox ... (4 actions, 3 running)
[530 / 665] Compiling score/mw/com/impl/configuration/configuration_json_parsing_strategy.cpp; 9s linux-sandbox ... (4 actions, 3 running)
INFO: From Compiling score/mw/com/impl/configuration/configuration_json_parsing_strategy.cpp:
In file included from ./score/mw/com/impl/configuration/service_instance_deployment.h:17,
                 from ./score/mw/com/impl/configuration/configuration.h:18,
                 from ./score/mw/com/impl/configuration/i_configuration_parsing_strategy.h:16,
                 from ./score/mw/com/impl/configuration/configuration_json_parsing_strategy.h:16,
                 from score/mw/com/impl/configuration/configuration_json_parsing_strategy.cpp:13:
./score/mw/com/impl/com_error.h: In member function 'virtual std::string_view score::mw::com::impl::ComErrorDomain::MessageFor(const score::result::ErrorCode&) const':
./score/mw/com/impl/com_error.h:186:65: warning: 'score::mw::com::impl::ComErrc::kServiceInstanceAlreadyOffered' is deprecated: Value has never been used. Calls to OfferService shall be idempotent. [-Wdeprecated-declarations]
  186 |             case static_cast<score::result::ErrorCode>(ComErrc::kServiceInstanceAlreadyOffered):
      |                                                                 ^~~~~~~~~~~~~~~~~~~~~~~~~~~~~~
./score/mw/com/impl/com_error.h:57:5: note: declared here
   57 |     kServiceInstanceAlreadyOffered
      |     ^~~~~~~~~~~~~~~~~~~~~~~~~~~~~~
[535 / 665] Compiling score/mw/com/impl/bindings/lola/event_subscription_control.cpp; 2s linux-sandbox ... (4 actions running)
[542 / 665] Compiling score/mw/com/impl/bindings/lola/event_data_storage.cpp; 1s linux-sandbox ... (4 actions, 3 running)
[544 / 665] Compiling score/mw/com/impl/bindings/lola/event_data_storage.cpp; 2s linux-sandbox ... (4 actions, 3 running)
[546 / 665] Compiling score/mw/com/impl/bindings/lola/event_data_storage.cpp; 3s linux-sandbox ... (4 actions, 3 running)
[552 / 665] Compiling Rust proc-macro zerovec_derive v0.10.3 (9 files) [for tool]; 4s linux-sandbox ... (4 actions running)
[553 / 665] Compiling Rust proc-macro zerovec_derive v0.10.3 (9 files) [for tool]; 5s linux-sandbox ... (4 actions running)
[554 / 665] Compiling score/mw/com/impl/bindings/lola/transaction_log_set.cpp; 2s linux-sandbox ... (4 actions, 3 running)
INFO: From Compiling score/mw/com/impl/bindings/lola/transaction_log_set.cpp:
In file included from score/mw/com/impl/bindings/lola/transaction_log_set.cpp:17:
./score/mw/com/impl/com_error.h: In member function 'virtual std::string_view score::mw::com::impl::ComErrorDomain::MessageFor(const score::result::ErrorCode&) const':
./score/mw/com/impl/com_error.h:186:65: warning: 'score::mw::com::impl::ComErrc::kServiceInstanceAlreadyOffered' is deprecated: Value has never been used. Calls to OfferService shall be idempotent. [-Wdeprecated-declarations]
  186 |             case static_cast<score::result::ErrorCode>(ComErrc::kServiceInstanceAlreadyOffered):
      |                                                                 ^~~~~~~~~~~~~~~~~~~~~~~~~~~~~~
./score/mw/com/impl/com_error.h:57:5: note: declared here
   57 |     kServiceInstanceAlreadyOffered
      |     ^~~~~~~~~~~~~~~~~~~~~~~~~~~~~~
[558 / 665] Compiling Rust rlib zerovec v0.10.4 (57 files) [for tool]; 1s linux-sandbox ... (4 actions, 3 running)
[561 / 665] Compiling Rust rlib zerovec v0.10.4 (57 files) [for tool]; 2s linux-sandbox ... (4 actions, 3 running)
[562 / 665] Compiling Rust rlib zerovec v0.10.4 (57 files) [for tool]; 3s linux-sandbox ... (4 actions, 3 running)
[562 / 665] Compiling Rust rlib zerovec v0.10.4 (57 files) [for tool]; 4s linux-sandbox ... (4 actions running)
[563 / 665] Compiling Rust rlib zerovec v0.10.4 (57 files) [for tool]; 6s linux-sandbox ... (4 actions, 3 running)
[565 / 665] Compiling Rust rlib zerovec v0.10.4 (57 files) [for tool]; 8s linux-sandbox ... (3 actions, 2 running)
[570 / 665] Compiling score/mw/com/impl/sample_allocatee_tracker.cpp; 2s linux-sandbox ... (4 actions, 3 running)
[573 / 665] Compiling Rust proc-macro displaydoc v0.2.5 (21 files) [for tool]; 1s linux-sandbox ... (4 actions, 3 running)
[575 / 665] Compiling Rust proc-macro displaydoc v0.2.5 (21 files) [for tool]; 3s linux-sandbox ... (4 actions running)
[576 / 665] Compiling Rust proc-macro displaydoc v0.2.5 (21 files) [for tool]; 5s linux-sandbox ... (4 actions, 3 running)
[587 / 665] Compiling Rust proc-macro displaydoc v0.2.5 (21 files) [for tool]; 7s linux-sandbox ... (4 actions running)
[589 / 665] Compiling score/mw/com/impl/plumbing/rust/test_support/test_helper_size_provider.cpp; 2s linux-sandbox ... (4 actions running)
[590 / 665] Compiling score/mw/com/impl/plumbing/rust/test_support/test_helper_size_provider.cpp; 4s linux-sandbox ... (4 actions, 3 running)
[590 / 665] Compiling score/mw/com/impl/plumbing/rust/test_support/test_helper_size_provider.cpp; 5s linux-sandbox ... (4 actions running)
[591 / 665] Compiling score/mw/com/impl/plumbing/rust/test_support/test_helper_size_provider.cpp; 7s linux-sandbox ... (4 actions, 3 running)
[597 / 665] Compiling score/os/fcntl_impl.cpp; 3s linux-sandbox ... (4 actions, 3 running)
[599 / 665] Compiling score/language/futurecpp/src/string.cpp; 2s linux-sandbox ... (4 actions running)
[600 / 665] Compiling score/language/futurecpp/src/string.cpp; 5s linux-sandbox ... (4 actions, 3 running)
[602 / 665] Compiling Rust rlib icu_locid v1.5.0 (48 files) [for tool]; 6s linux-sandbox ... (4 actions running)
[606 / 665] Compiling Rust rlib icu_locid v1.5.0 (48 files) [for tool]; 7s linux-sandbox ... (4 actions, 3 running)
[611 / 665] Compiling score/os/errno.cpp; 1s linux-sandbox ... (4 actions, 3 running)
[624 / 666] Compiling Rust rlib icu_provider v1.5.0 (20 files) [for tool]; 2s linux-sandbox ... (4 actions running)
[625 / 666] Compiling Rust rlib icu_provider v1.5.0 (20 files) [for tool]; 4s linux-sandbox ... (4 actions, 3 running)
[636 / 666] Compiling Rust rlib icu_locid_transform v1.5.0 (15 files) [for tool]; 1s linux-sandbox ... (4 actions running)
ERROR: /media/jefferson/11c42dee-73a3-4c2b-ab42-a0440011d9e0/.s-core-build/runs/communication-781-490-hctgrn42/workspaces/781/score/mw/com/impl/plumbing/rust/BUILD:85:15: Compiling Rust bin method_in_arg_ptr_test_rs_linux (1 file) failed: (Exit 1): process_wrapper failed: error executing Rustc command (from target //score/mw/com/impl/plumbing/rust:method_in_arg_ptr_test_rs_linux) bazel-out/k8-opt-exec-ST-d57f47055a04/bin/external/rules_rust+/util/process_wrapper/process_wrapper --subst 'pwd=${pwd}' -- ... (remaining 415 arguments skipped)

Use --sandbox_debug to see verbose messages from the sandbox and retain the sandbox build root for debugging
error[E0308]: arguments to this function are incorrect
   --> score/mw/com/impl/plumbing/rust/method_in_arg_ptr.rs:140:26
    |
140 |         assert!(unsafe { verify_method_in_arg_cpp((&raw const owner).cast(), owner.element_ptr, owner.ptr_active, 17) });
    |                          ^^^^^^^^^^^^^^^^^^^^^^^^
    |
note: expected `*const c_void`, found `*mut {integer}`
   --> score/mw/com/impl/plumbing/rust/method_in_arg_ptr.rs:140:78
    |
140 |         assert!(unsafe { verify_method_in_arg_cpp((&raw const owner).cast(), owner.element_ptr, owner.ptr_active, 17) });
    |                                                                              ^^^^^^^^^^^^^^^^^
    = note: expected raw pointer `*const c_void`
               found raw pointer `*mut {integer}`
note: expected `*const c_void`, found `*mut bool`
   --> score/mw/com/impl/plumbing/rust/method_in_arg_ptr.rs:140:97
    |
140 |         assert!(unsafe { verify_method_in_arg_cpp((&raw const owner).cast(), owner.element_ptr, owner.ptr_active, 17) });
    |                                                                                                 ^^^^^^^^^^^^^^^^
    = note: expected raw pointer `*const c_void`
               found raw pointer `*mut bool`
note: function defined here
   --> ./score/mw/com/impl/plumbing/rust/test_support/test_helper_size_ffi.rs:134:11

error: aborting due to 1 previous error

For more information about this error, try `rustc --explain E0308`.
[640 / 666] 1 / 5 tests, 1 failed; checking cached actions
Use --verbose_failures to see the command lines of failed build steps.
INFO: Elapsed time: 288.889s, Critical Path: 85.58s
INFO: 640 processes: 205 internal, 435 linux-sandbox.
ERROR: Build did NOT complete successfully
FAILED: 
//score/mw/com/impl/methods:method_signature_element_ptr_test         NO STATUS
//score/mw/com/impl/plumbing/rust:method_in_arg_ptr_doc_test          NO STATUS
//score/mw/com/impl/plumbing/rust:sample_allocatee_ptr_test_rs        NO STATUS
//score/mw/com/impl/plumbing/rust:sample_ptr_test_rs                  NO STATUS
//score/mw/com/impl/plumbing/rust:method_in_arg_ptr_test_rs     FAILED TO BUILD

Executed 0 out of 5 tests: 1 fails to build and 4 were skipped.
INFO: Build Event Protocol files produced successfully.
