OpenJDK 64-Bit Server VM warning: Options -Xverify:none and -noverify were deprecated in JDK 13 and will likely be removed in a future release.
Computing main repo mapping: 
Computing main repo mapping: 
WARNING: For repository 'platforms', the root module requires module version platforms@1.0.0, but got platforms@1.1.0 in the resolved dependency graph. Please update the version in your MODULE.bazel or set --check_direct_dependencies=off
WARNING: For repository 'rules_rust', the root module requires module version rules_rust@0.68.1-score, but got rules_rust@0.68.2-score in the resolved dependency graph. Please update the version in your MODULE.bazel or set --check_direct_dependencies=off
WARNING: For repository 'rules_cc', the root module requires module version rules_cc@0.2.17, but got rules_cc@0.2.22 in the resolved dependency graph. Please update the version in your MODULE.bazel or set --check_direct_dependencies=off
WARNING: For repository 'aspect_rules_lint', the root module requires module version aspect_rules_lint@2.3.0, but got aspect_rules_lint@2.5.0 in the resolved dependency graph. Please update the version in your MODULE.bazel or set --check_direct_dependencies=off
WARNING: For repository 'grpc-java', the root module requires module version grpc-java@1.70.0, but got grpc-java@1.78.0 in the resolved dependency graph. Please update the version in your MODULE.bazel or set --check_direct_dependencies=off
Computing main repo mapping: 
Loading: 
Loading: 3 packages loaded
Analyzing: target //score/config_management/dependability:config_management_index (4 packages loaded, 0 targets configured)
Analyzing: target //score/config_management/dependability:config_management_index (4 packages loaded, 0 targets configured)

Analyzing: target //score/config_management/dependability:config_management_index (122 packages loaded, 152 targets configured)

Analyzing: target //score/config_management/dependability:config_management_index (192 packages loaded, 1577 targets configured)

Analyzing: target //score/config_management/dependability:config_management_index (200 packages loaded, 4827 targets configured)

Analyzing: target //score/config_management/dependability:config_management_index (301 packages loaded, 7009 targets configured)

Analyzing: target //score/config_management/dependability:config_management_index (307 packages loaded, 8928 targets configured)

Analyzing: target //score/config_management/dependability:config_management_index (314 packages loaded, 10973 targets configured)

Analyzing: target //score/config_management/dependability:config_management_index (335 packages loaded, 11779 targets configured)

Analyzing: target //score/config_management/dependability:config_management_index (344 packages loaded, 12062 targets configured)

Analyzing: target //score/config_management/dependability:config_management_index (353 packages loaded, 12788 targets configured)

Analyzing: target //score/config_management/dependability:config_management_index (354 packages loaded, 12945 targets configured)

Analyzing: target //score/config_management/dependability:config_management_index (375 packages loaded, 13216 targets configured)

Analyzing: target //score/config_management/dependability:config_management_index (393 packages loaded, 14945 targets configured)

Analyzing: target //score/config_management/dependability:config_management_index (403 packages loaded, 15378 targets configured)

Analyzing: target //score/config_management/dependability:config_management_index (420 packages loaded, 15847 targets configured)

Analyzing: target //score/config_management/dependability:config_management_index (422 packages loaded, 15850 targets configured)

Analyzing: target //score/config_management/dependability:config_management_index (424 packages loaded, 15978 targets configured)

Analyzing: target //score/config_management/dependability:config_management_index (448 packages loaded, 17582 targets configured)

Analyzing: target //score/config_management/dependability:config_management_index (457 packages loaded, 18442 targets configured)

Analyzing: target //score/config_management/dependability:config_management_index (490 packages loaded, 20237 targets configured)

Analyzing: target //score/config_management/dependability:config_management_index (491 packages loaded, 21007 targets configured)

Analyzing: target //score/config_management/dependability:config_management_index (493 packages loaded, 21087 targets configured)

Analyzing: target //score/config_management/dependability:config_management_index (500 packages loaded, 21531 targets configured)

Analyzing: target //score/config_management/dependability:config_management_index (502 packages loaded, 21675 targets configured)

Analyzing: target //score/config_management/dependability:config_management_index (506 packages loaded, 23993 targets configured)

Analyzing: target //score/config_management/dependability:config_management_index (538 packages loaded, 24693 targets configured)

Analyzing: target //score/config_management/dependability:config_management_index (540 packages loaded, 24730 targets configured)

Analyzing: target //score/config_management/dependability:config_management_index (542 packages loaded, 24752 targets configured)

Analyzing: target //score/config_management/dependability:config_management_index (546 packages loaded, 24794 targets configured)

Analyzing: target //score/config_management/dependability:config_management_index (548 packages loaded, 25922 targets configured)

Analyzing: target //score/config_management/dependability:config_management_index (552 packages loaded, 26054 targets configured)

Analyzing: target //score/config_management/dependability:config_management_index (553 packages loaded, 26401 targets configured)

Analyzing: target //score/config_management/dependability:config_management_index (556 packages loaded, 26559 targets configured)

Analyzing: target //score/config_management/dependability:config_management_index (561 packages loaded, 27069 targets configured)

Analyzing: target //score/config_management/dependability:config_management_index (562 packages loaded, 27093 targets configured)

Analyzing: target //score/config_management/dependability:config_management_index (563 packages loaded, 27215 targets configured)

Analyzing: target //score/config_management/dependability:config_management_index (567 packages loaded, 27309 targets configured)

Analyzing: target //score/config_management/dependability:config_management_index (571 packages loaded, 27621 targets configured)

Analyzing: target //score/config_management/dependability:config_management_index (572 packages loaded, 27665 targets configured)

Analyzing: target //score/config_management/dependability:config_management_index (573 packages loaded, 27696 targets configured)

Analyzing: target //score/config_management/dependability:config_management_index (587 packages loaded, 28056 targets configured)

Analyzing: target //score/config_management/dependability:config_management_index (597 packages loaded, 29203 targets configured)

Analyzing: target //score/config_management/dependability:config_management_index (600 packages loaded, 29338 targets configured)

Analyzing: target //score/config_management/dependability:config_management_index (604 packages loaded, 29654 targets configured)

Analyzing: target //score/config_management/dependability:config_management_index (606 packages loaded, 29681 targets configured)

Analyzing: target //score/config_management/dependability:config_management_index (606 packages loaded, 29681 targets configured)

Analyzing: target //score/config_management/dependability:config_management_index (607 packages loaded, 29826 targets configured)

Analyzing: target //score/config_management/dependability:config_management_index (607 packages loaded, 29826 targets configured)

Analyzing: target //score/config_management/dependability:config_management_index (610 packages loaded, 29926 targets configured)

Analyzing: target //score/config_management/dependability:config_management_index (610 packages loaded, 29926 targets configured)

Analyzing: target //score/config_management/dependability:config_management_index (610 packages loaded, 29926 targets configured)

Analyzing: target //score/config_management/dependability:config_management_index (610 packages loaded, 29926 targets configured)

Analyzing: target //score/config_management/dependability:config_management_index (610 packages loaded, 29926 targets configured)

Analyzing: target //score/config_management/dependability:config_management_index (610 packages loaded, 29926 targets configured)

Analyzing: target //score/config_management/dependability:config_management_index (610 packages loaded, 29926 targets configured)

Analyzing: target //score/config_management/dependability:config_management_index (610 packages loaded, 29926 targets configured)

Analyzing: target //score/config_management/dependability:config_management_index (610 packages loaded, 29926 targets configured)

Analyzing: target //score/config_management/dependability:config_management_index (610 packages loaded, 29926 targets configured)

Analyzing: target //score/config_management/dependability:config_management_index (610 packages loaded, 29926 targets configured)

Analyzing: target //score/config_management/dependability:config_management_index (610 packages loaded, 29926 targets configured)

Analyzing: target //score/config_management/dependability:config_management_index (610 packages loaded, 29926 targets configured)

Analyzing: target //score/config_management/dependability:config_management_index (610 packages loaded, 29926 targets configured)

Analyzing: target //score/config_management/dependability:config_management_index (610 packages loaded, 29926 targets configured)

Analyzing: target //score/config_management/dependability:config_management_index (610 packages loaded, 29926 targets configured)

Analyzing: target //score/config_management/dependability:config_management_index (610 packages loaded, 29926 targets configured)

Analyzing: target //score/config_management/dependability:config_management_index (841 packages loaded, 30107 targets configured)

Analyzing: target //score/config_management/dependability:config_management_index (891 packages loaded, 30763 targets configured)

Analyzing: target //score/config_management/dependability:config_management_index (892 packages loaded, 30872 targets configured)

INFO: Analyzed target //score/config_management/dependability:config_management_index (892 packages loaded, 30872 targets configured).
[1 / 1] no actions running
[60 / 338] Creating runfiles tree bazel-out/k8-opt-exec-ST-d57f47055a04/bin/external/lobster+/lobster-report.runfiles [for tool]; 1s local ... (3 actions running)
[61 / 338] Creating runfiles tree bazel-out/k8-opt-exec-ST-d57f47055a04/bin/external/lobster+/lobster-report.runfiles [for tool]; 2s local ... (4 actions, 3 running)
[99 / 441] Creating runfiles tree bazel-out/k8-opt-exec-ST-d57f47055a04/bin/external/lobster+/lobster-trlc.runfiles [for tool]; 0s local ... (2 actions, 1 running)
[151 / 759] Creating runfiles tree bazel-out/k8-opt-exec-ST-d57f47055a04/bin/external/lobster+/lobster-gtest.runfiles [for tool]; 0s local ... (3 actions, 2 running)
[175 / 759] [Prepa] Executing genrule @@rules_distroless++apt+docs_runtime_libgts-0.7-5t64_0.7.6-p-darcs121130-5.2build1_amd64//:data [for tool]
[185 / 759] Executing genrule @@rules_distroless++apt+docs_runtime_fonts-dejavu-core_2.37-8_amd64//:data [for tool]; 0s processwrapper-sandbox ... (3 actions, 2 running)
[199 / 759] Executing genrule @@rules_distroless++apt+docs_runtime_libgvpr2_2.42.2-9ubuntu0.1_amd64//:data [for tool]; 0s processwrapper-sandbox ... (2 actions running)
[209 / 759] Executing genrule @@rules_distroless++apt+docs_runtime_libblkid1_2.39.3-9ubuntu6.5_amd64//:data [for tool]; 0s processwrapper-sandbox ... (3 actions running)
[217 / 759] Executing genrule @@rules_distroless++apt+docs_runtime_libbinutils_2.42-4ubuntu2.10_amd64//:data [for tool]; 0s processwrapper-sandbox ... (3 actions, 2 running)
[230 / 759] Executing genrule @@rules_distroless++apt+docs_runtime_libglib2.0-0t64_2.80.0-6ubuntu3.8_amd64//:data [for tool]; 1s processwrapper-sandbox ... (2 actions running)
[237 / 765] Executing genrule @@rules_distroless++apt+docs_runtime_libc6_2.39-0ubuntu8.7_amd64//:data [for tool]; 3s processwrapper-sandbox ... (2 actions, 1 running)
[242 / 803] Executing genrule @@rules_distroless++apt+docs_runtime_libc6_2.39-0ubuntu8.7_amd64//:data [for tool]; 5s processwrapper-sandbox ... (2 actions running)
[257 / 803] [Sched] Executing genrule @@rules_distroless++apt+docs_runtime_libgprofng0_2.42-4ubuntu2.10_amd64//:data [for tool]
[260 / 803] [Prepa] Executing genrule @@rules_distroless++apt+docs_runtime_binutils-x86-64-linux-gnu_2.42-4ubuntu2.10_amd64//:data [for tool]
[265 / 803] Executing genrule @@rules_distroless++apt+docs_runtime_binutils-x86-64-linux-gnu_2.42-4ubuntu2.10_amd64//:data [for tool]; 1s processwrapper-sandbox
[301 / 803] checking cached actions
[391 / 803] [Scann] Compiling main.c [for tool]
[391 / 803] Compiling main.c [for tool]; 1s processwrapper-sandbox
[392 / 803] [Scann] Compiling array.c [for tool]
[395 / 803] Compiling cint_array.c [for tool]; 0s processwrapper-sandbox ... (2 actions, 1 running)
[397 / 803] lobster-gtest bazel-out/k8-fastbuild/bin/score/config_management/dependability/config_daemon_component.lobster; 0s processwrapper-sandbox ... (3 actions running)
INFO: From lobster-gtest bazel-out/k8-fastbuild/bin/score/config_management/dependability/config_daemon_component.lobster:
[401 / 803] lobster-gtest bazel-out/k8-fastbuild/bin/score/config_management/dependability/config_provider_component.lobster; 0s processwrapper-sandbox ... (3 actions running)
INFO: From lobster-gtest bazel-out/k8-fastbuild/bin/score/config_management/dependability/config_provider_component.lobster:
[406 / 803] Compiling eval.c [for tool]; 1s processwrapper-sandbox ... (4 actions running)
[416 / 803] Compiling eval.c [for tool]; 2s processwrapper-sandbox ... (4 actions running)
ERROR: /media/jefferson/11c42dee-73a3-4c2b-ab42-a0440011d9e0/.s-core-build/runs/score-communication-followup-pivi6gt7/config-management-consumer-candidate/requirements/safety_analysis/BUILD:29:19: Rendering TRLC to RST for @@//requirements/safety_analysis:assumptions_of_use failed: (Exit 1): trlc_rst failed: error executing TrlcToRst command (from target //requirements/safety_analysis:assumptions_of_use) bazel-out/k8-opt-exec-ST-d57f47055a04/bin/external/trlc+/tools/trlc_rst/trlc_rst --output bazel-out/k8-fastbuild/bin/requirements/safety_analysis/assumptions_of_use.rst --title 'Assumptions of Use' ... (remaining 4 arguments skipped)

Use --sandbox_debug to see verbose messages from the sandbox and retain the sandbox build root for debugging
Error: Failed to parse TRLC files. See error messages below for details.
[423 / 803] checking cached actions
Target //score/config_management/dependability:config_management_index failed to build
Use --verbose_failures to see the command lines of failed build steps.
INFO: Elapsed time: 129.194s, Critical Path: 5.82s
INFO: 200 processes: 224 action cache hit, 94 internal, 106 processwrapper-sandbox.
ERROR: Build did NOT complete successfully
