OpenJDK 64-Bit Server VM warning: Options -Xverify:none and -noverify were deprecated in JDK 13 and will likely be removed in a future release.
Computing main repo mapping: 
Computing main repo mapping: 
WARNING: For repository 'platforms', the root module requires module version platforms@1.0.0, but got platforms@1.1.0 in the resolved dependency graph. Please update the version in your MODULE.bazel or set --check_direct_dependencies=off
WARNING: For repository 'rules_rust', the root module requires module version rules_rust@0.68.1-score, but got rules_rust@0.68.2-score in the resolved dependency graph. Please update the version in your MODULE.bazel or set --check_direct_dependencies=off
WARNING: For repository 'rules_cc', the root module requires module version rules_cc@0.2.17, but got rules_cc@0.2.22 in the resolved dependency graph. Please update the version in your MODULE.bazel or set --check_direct_dependencies=off
WARNING: For repository 'aspect_rules_lint', the root module requires module version aspect_rules_lint@2.3.0, but got aspect_rules_lint@2.5.0 in the resolved dependency graph. Please update the version in your MODULE.bazel or set --check_direct_dependencies=off
WARNING: For repository 'grpc-java', the root module requires module version grpc-java@1.70.0, but got grpc-java@1.78.0 in the resolved dependency graph. Please update the version in your MODULE.bazel or set --check_direct_dependencies=off
Computing main repo mapping: 
Computing main repo mapping: 
Loading: 
Loading: 3 packages loaded
Analyzing: target //requirements/component_requirements/config_provider:component_requirements (4 packages loaded)
Analyzing: target //requirements/component_requirements/config_provider:component_requirements (4 packages loaded, 0 targets configured)
Analyzing: target //requirements/component_requirements/config_provider:component_requirements (4 packages loaded, 0 targets configured)

Analyzing: target //requirements/component_requirements/config_provider:component_requirements (49 packages loaded, 119 targets configured)

Analyzing: target //requirements/component_requirements/config_provider:component_requirements (96 packages loaded, 119 targets configured)

Analyzing: target //requirements/component_requirements/config_provider:component_requirements (132 packages loaded, 122 targets configured)

Analyzing: target //requirements/component_requirements/config_provider:component_requirements (180 packages loaded, 780 targets configured)

Analyzing: target //requirements/component_requirements/config_provider:component_requirements (189 packages loaded, 3271 targets configured)

Analyzing: target //requirements/component_requirements/config_provider:component_requirements (214 packages loaded, 3406 targets configured)

Analyzing: target //requirements/component_requirements/config_provider:component_requirements (247 packages loaded, 3590 targets configured)

Analyzing: target //requirements/component_requirements/config_provider:component_requirements (258 packages loaded, 3707 targets configured)

Analyzing: target //requirements/component_requirements/config_provider:component_requirements (262 packages loaded, 3879 targets configured)

Analyzing: target //requirements/component_requirements/config_provider:component_requirements (264 packages loaded, 3893 targets configured)

Analyzing: target //requirements/component_requirements/config_provider:component_requirements (265 packages loaded, 3914 targets configured)

Analyzing: target //requirements/component_requirements/config_provider:component_requirements (265 packages loaded, 3914 targets configured)

Analyzing: target //requirements/component_requirements/config_provider:component_requirements (268 packages loaded, 5810 targets configured)

Analyzing: target //requirements/component_requirements/config_provider:component_requirements (268 packages loaded, 5810 targets configured)

Analyzing: target //requirements/component_requirements/config_provider:component_requirements (269 packages loaded, 5826 targets configured)

Analyzing: target //requirements/component_requirements/config_provider:component_requirements (271 packages loaded, 5882 targets configured)

Analyzing: target //requirements/component_requirements/config_provider:component_requirements (271 packages loaded, 5886 targets configured)

Analyzing: target //requirements/component_requirements/config_provider:component_requirements (271 packages loaded, 5886 targets configured)

Analyzing: target //requirements/component_requirements/config_provider:component_requirements (271 packages loaded, 5886 targets configured)

Analyzing: target //requirements/component_requirements/config_provider:component_requirements (271 packages loaded, 5886 targets configured)

Analyzing: target //requirements/component_requirements/config_provider:component_requirements (271 packages loaded, 5886 targets configured)

Analyzing: target //requirements/component_requirements/config_provider:component_requirements (271 packages loaded, 5886 targets configured)

Analyzing: target //requirements/component_requirements/config_provider:component_requirements (271 packages loaded, 5886 targets configured)

Analyzing: target //requirements/component_requirements/config_provider:component_requirements (271 packages loaded, 5886 targets configured)

Analyzing: target //requirements/component_requirements/config_provider:component_requirements (271 packages loaded, 5886 targets configured)

Analyzing: target //requirements/component_requirements/config_provider:component_requirements (271 packages loaded, 5886 targets configured)

Analyzing: target //requirements/component_requirements/config_provider:component_requirements (271 packages loaded, 5886 targets configured)

Analyzing: target //requirements/component_requirements/config_provider:component_requirements (271 packages loaded, 5886 targets configured)

Analyzing: target //requirements/component_requirements/config_provider:component_requirements (271 packages loaded, 5886 targets configured)

Analyzing: target //requirements/component_requirements/config_provider:component_requirements (273 packages loaded, 5968 targets configured)

Analyzing: target //requirements/component_requirements/config_provider:component_requirements (273 packages loaded, 5968 targets configured)

Analyzing: target //requirements/component_requirements/config_provider:component_requirements (273 packages loaded, 5968 targets configured)

   Compiling proc-macro2 v1.0.92
   Compiling unicode-ident v1.0.10
   Compiling serde v1.0.219
   Compiling cfg-if v1.0.0
   Compiling thiserror v2.0.4
   Compiling memchr v2.6.4
   Compiling once_cell v1.21.3
   Compiling libc v0.2.172
   Compiling smallvec v1.15.0
   Compiling regex-automata v0.3.3
   Compiling log v0.4.19
   Compiling autocfg v1.1.0
   Compiling crossbeam-utils v0.8.16
   Compiling gix-trace v0.1.12
   Compiling parking_lot_core v0.9.9
   Compiling tinyvec_macros v0.1.1
   Compiling scopeguard v1.2.0
   Compiling tinyvec v1.6.0
   Compiling lock_api v0.4.11
   Compiling same-file v1.0.6
   Compiling quote v1.0.37
   Compiling fastrand v2.1.1
   Compiling syn v2.0.90
   Compiling walkdir v2.5.0
   Compiling crc32fast v1.3.2
   Compiling parking_lot v0.12.1
   Compiling bstr v1.6.0
   Compiling adler2 v2.0.0
   Compiling unicode-normalization v0.1.22
   Compiling miniz_oxide v0.8.0
   Compiling gix-utils v0.1.14
   Compiling bitflags v2.4.1
   Compiling flate2 v1.0.35
   Compiling prodash v29.0.0
   Compiling crossbeam-channel v0.5.8
   Compiling sha1_smol v1.0.0
   Compiling version_check v0.9.4
   Compiling home v0.5.5
   Compiling itoa v1.0.8
   Compiling zerocopy v0.7.35
   Compiling ahash v0.8.11
   Compiling allocator-api2 v0.2.18
   Compiling jiff v0.1.13
   Compiling winnow v0.6.20
   Compiling stable_deref_trait v1.2.0
   Compiling memmap2 v0.9.5
   Compiling getrandom v0.3.2
   Compiling rustix v1.0.5
   Compiling hashbrown v0.14.3
   Compiling writeable v0.5.5
   Compiling litemap v0.7.4
   Compiling linux-raw-sys v0.9.4
   Compiling icu_locid_transform_data v1.5.0
   Compiling synstructure v0.13.1
   Compiling icu_properties_data v1.5.0
   Compiling utf16_iter v1.0.5
   Compiling icu_normalizer_data v1.5.0
   Compiling write16 v1.0.0
   Compiling utf8_iter v1.0.4
   Compiling thiserror v1.0.50
   Compiling percent-encoding v2.3.1
   Compiling rustix v0.38.41
   Compiling unicode-bom v2.0.3
   Compiling form_urlencoded v1.2.1
   Compiling gix-sec v0.10.11
   Compiling fnv v1.0.7
   Compiling linux-raw-sys v0.4.14
   Compiling static_assertions v1.1.0
   Compiling shell-words v1.1.0
   Compiling kstring v2.0.2
   Compiling typenum v1.16.0
   Compiling generic-array v0.14.7
   Compiling aho-corasick v1.0.2
   Compiling hashbrown v0.15.0
   Compiling regex-syntax v0.8.5
   Compiling equivalent v1.0.1
   Compiling syn v1.0.109
   Compiling serde_derive v1.0.219
   Compiling thiserror-impl v2.0.4
   Compiling zerofrom-derive v0.1.5
   Compiling zerofrom v0.1.5
   Compiling yoke-derive v0.7.5
   Compiling gix-path v0.10.14
   Compiling gix-date v0.9.3
   Compiling gix-actor v0.33.2
   Compiling gix-validate v0.9.3
   Compiling zerovec-derive v0.10.3
   Compiling yoke v0.7.5
   Compiling displaydoc v0.2.5
   Compiling icu_provider_macros v1.5.0
   Compiling gix-chunk v0.4.11
   Compiling zerovec v0.10.4
   Compiling tempfile v3.19.1
   Compiling gix-quote v0.4.15
   Compiling gix-config-value v0.14.11
   Compiling thiserror-impl v1.0.50
   Compiling faster-hex v0.9.0
   Compiling gix-command v0.4.1
   Compiling serde_spanned v0.6.8
   Compiling tinystr v0.7.6
   Compiling icu_collections v1.5.0
   Compiling gix-hash v0.16.0
   Compiling gix-features v0.40.0
   Compiling gix-hashtable v0.7.0
   Compiling icu_locid v1.5.0
   Compiling toml_datetime v0.6.9
   Compiling regex-automata v0.4.8
   Compiling gix-object v0.47.0
   Compiling gix-fs v0.13.0
   Compiling gix-commitgraph v0.26.0
   Compiling gix-tempfile v16.0.0
   Compiling icu_provider v1.5.0
   Compiling gix-lock v16.0.0
   Compiling icu_locid_transform v1.5.0
   Compiling gix-revwalk v0.18.0
   Compiling gix-glob v0.18.0
   Compiling gix-ref v0.50.0
   Compiling gix-attributes v0.24.0
   Compiling icu_properties v1.5.1
   Compiling gix-revision v0.32.0
   Compiling indexmap v2.6.0
   Compiling icu_normalizer v1.5.0
   Compiling toml_write v0.1.0
   Compiling idna_adapter v1.2.0
   Compiling idna v1.0.3
   Compiling winnow v0.7.7
   Compiling lazy_static v1.4.0
   Compiling ucd-trie v0.1.6
   Compiling url v2.5.4
   Compiling arrayvec v0.7.4
   Compiling semver v1.0.26
   Compiling serde_json v1.0.140
   Compiling gix-url v0.29.0
   Compiling uluru v3.0.0
   Compiling pest v2.7.0
   Compiling toml_edit v0.22.25
   Compiling gix-refspec v0.28.0
   Compiling regex v1.11.1
   Compiling gix-traverse v0.44.0
   Compiling gix-packetline v0.18.3
   Compiling gix-prompt v0.9.1
   Compiling gix-bitmap v0.2.14
   Compiling filetime v0.2.22
   Compiling thread_local v1.1.4
   Compiling unic-common v0.9.0
   Compiling utf8parse v0.2.1
   Compiling clru v0.6.1
   Compiling ryu v1.0.14
   Compiling unic-char-range v0.9.0
   Compiling unic-char-property v0.9.0
   Compiling pest_meta v2.7.0
   Compiling gix-pack v0.57.0
   Compiling anstyle-parse v0.2.1
   Compiling unic-ucd-version v0.9.0
   Compiling gix-index v0.38.0
   Compiling gix-credentials v0.27.0
   Compiling maybe-async v0.2.7
   Compiling toml v0.8.21
   Compiling gix-transport v0.45.0
   Compiling globset v0.4.11
   Compiling gix-config v0.43.0
   Compiling gix-pathspec v0.9.0
   Compiling gix-ignore v0.13.0
   Compiling gix-negotiate v0.18.0
   Compiling gix-shallow v0.2.0
   Compiling gix-packetline-blocking v0.18.2
   Compiling tracing-core v0.1.33
   Compiling encoding_rs v0.8.33
   Compiling arc-swap v1.6.0
   Compiling anstyle-query v1.0.0
   Compiling is_terminal_polyfill v1.70.1
   Compiling camino v1.1.9
   Compiling colorchoice v1.0.0
   Compiling anstyle v1.0.10
   Compiling anstream v0.6.18
   Compiling gix-odb v0.67.0
   Compiling gix-filter v0.17.0
   Compiling gix-protocol v0.48.0
   Compiling gix-worktree v0.39.0
   Compiling gix-submodule v0.17.0
   Compiling ignore v0.4.18
   Compiling pest_generator v2.7.0
   Compiling unic-ucd-segment v0.9.0
   Compiling crypto-common v0.1.6
   Compiling block-buffer v0.10.4
   Compiling gix-discover v0.38.0
   Compiling gix-diff v0.50.0
   Compiling overload v0.1.1
   Compiling clap_lex v0.7.4
   Compiling anyhow v1.0.98
   Compiling strsim v0.11.1
   Compiling heck v0.5.0
   Compiling clap_builder v4.5.37
   Compiling clap_derive v4.5.32
   Compiling pest_derive v2.7.0
   Compiling gix v0.70.0
   Compiling nu-ansi-term v0.46.0
   Compiling unic-segment v0.9.0
   Compiling digest v0.10.7
   Compiling globwalk v0.9.1
   Compiling tracing-log v0.2.0
   Compiling sharded-slab v0.1.7
   Compiling hex v0.4.3
   Compiling smol_str v0.3.2
   Compiling cargo-platform v0.1.9
   Compiling tracing-attributes v0.1.28
   Compiling either v1.9.0
   Compiling rustc-stable-hash v0.1.1
   Compiling pin-project-lite v0.2.13
   Compiling rustc-hash v2.0.0
   Compiling cpufeatures v0.2.9
   Compiling unicode-width v0.2.0
   Compiling unicode-linebreak v0.1.5
   Compiling smawk v0.3.2
   Compiling sha2 v0.10.8
   Compiling itertools v0.14.0
   Compiling textwrap v0.16.2
   Compiling tracing-subscriber v0.3.19
   Compiling cargo_metadata v0.19.2
   Compiling tracing v0.1.41
   Compiling clap v4.5.37
   Compiling tera v1.20.0
   Compiling crates-index v3.7.0
   Compiling cargo-lock v10.1.0
   Compiling cargo_toml v0.22.1
   Compiling serde_starlark v0.1.17
   Compiling cfg-expr v0.20.4
   Compiling spdx v0.10.8
   Compiling indoc v2.0.6
   Compiling pathdiff v0.2.3
   Compiling normpath v1.3.0
   Compiling glob v0.3.2
   Compiling cargo-bazel v0.17.0 (/media/jefferson/11c42dee-73a3-4c2b-ab42-a0440011d9e0/.s-core-build/runs/score-communication-followup-pivi6gt7/bazel-output/9de61ab6940929be1d8e2615b63cf866/external/rules_rust+/crate_universe)
    Finished `release` profile [optimized] target(s) in 3m 22s
Analyzing: target //requirements/component_requirements/config_provider:component_requirements (273 packages loaded, 5968 targets configured)

Analyzing: target //requirements/component_requirements/config_provider:component_requirements (273 packages loaded, 5968 targets configured)

Analyzing: target //requirements/component_requirements/config_provider:component_requirements (273 packages loaded, 5968 targets configured)

Analyzing: target //requirements/component_requirements/config_provider:component_requirements (273 packages loaded, 5968 targets configured)

Analyzing: target //requirements/component_requirements/config_provider:component_requirements (273 packages loaded, 5968 targets configured)

Analyzing: target //requirements/component_requirements/config_provider:component_requirements (300 packages loaded, 6767 targets configured)

Analyzing: target //requirements/component_requirements/config_provider:component_requirements (374 packages loaded, 9867 targets configured)

Analyzing: target //requirements/component_requirements/config_provider:component_requirements (386 packages loaded, 10244 targets configured)

Analyzing: target //requirements/component_requirements/config_provider:component_requirements (386 packages loaded, 10244 targets configured)

Analyzing: target //requirements/component_requirements/config_provider:component_requirements (386 packages loaded, 10244 targets configured)

Analyzing: target //requirements/component_requirements/config_provider:component_requirements (387 packages loaded, 12038 targets configured)

INFO: Analyzed target //requirements/component_requirements/config_provider:component_requirements (389 packages loaded, 12153 targets configured).
[1 / 1] no actions running
[6 / 45] checking cached actions
[14 / 205] checking cached actions
[32 / 419] [Prepa] Writing repo mapping manifest for @@rules_rust++i2+rrc__num-traits-0.2.19//:_bs- [for tool]
[50 / 501] checking cached actions
[50 / 501] [Prepa] Symlinking virtual headers for @@flatbuffers+//include/codegen:namer [for tool]
[61 / 501] [Prepa] Creating symlink external/rules_rust++rust+rust_linux_x86_64__x86_64-unknown-linux-gnu__stable_tools/rust_toolchain/bin/rust-lld [for tool]
[68 / 501] [Prepa] Creating symlink external/rules_rust++rust+rust_linux_x86_64__x86_64-unknown-linux-gnu__stable_tools/rust_toolchain/lib/rustlib/x86_64-unknown-linux-gnu/lib/librustc-stable_rt.tsan.a [for tool]
[70 / 501] checking cached actions
[70 / 501] [Prepa] Creating symlink external/rules_rust+/util/process_wrapper/bootstrap_process_wrapper.sh [for tool]
[108 / 551] checking cached actions
[138 / 551] checking cached actions
[143 / 551] checking cached actions
[144 / 551] checking cached actions
[169 / 551] checking cached actions
[169 / 551] [Prepa] Symlinking virtual headers for @@flatbuffers+//:flatbuffers [for tool]
[259 / 551] Compiling src/bfbs_gen_lua.cpp [for tool]; 0s processwrapper-sandbox
[262 / 551] Compiling src/bfbs_gen_lua.cpp [for tool]; 1s processwrapper-sandbox
[262 / 551] Compiling src/bfbs_gen_lua.cpp [for tool]; 2s processwrapper-sandbox ... (2 actions running)
[262 / 551] Compiling src/bfbs_gen_lua.cpp [for tool]; 6s processwrapper-sandbox ... (3 actions, 2 running)
[264 / 551] Compiling src/bfbs_gen_lua.cpp [for tool]; 7s processwrapper-sandbox ... (2 actions, 1 running)
[264 / 551] Compiling src/bfbs_gen_lua.cpp [for tool]; 8s processwrapper-sandbox ... (3 actions, 2 running)
[264 / 551] Compiling src/bfbs_gen_lua.cpp [for tool]; 9s processwrapper-sandbox ... (3 actions running)
[264 / 551] Compiling src/bfbs_gen_lua.cpp [for tool]; 10s processwrapper-sandbox ... (4 actions running)
[264 / 551] Compiling src/bfbs_gen_lua.cpp [for tool]; 11s processwrapper-sandbox ... (5 actions running)
[265 / 551] Compiling src/code_generators.cpp [for tool]; 7s processwrapper-sandbox ... (5 actions, 4 running)
[266 / 551] Compiling src/idl_gen_fbs.cpp [for tool]; 8s processwrapper-sandbox ... (5 actions running)
[267 / 551] Compiling src/idl_gen_fbs.cpp [for tool]; 9s processwrapper-sandbox ... (5 actions running)
[267 / 551] Compiling src/idl_gen_fbs.cpp [for tool]; 10s processwrapper-sandbox ... (6 actions running)
[268 / 551] Compiling src/reflection.cpp [for tool]; 8s processwrapper-sandbox ... (8 actions running)
[269 / 551] Compiling src/bfbs_gen_nim.cpp [for tool]; 5s processwrapper-sandbox ... (8 actions running)
[270 / 551] Compiling src/bfbs_gen_nim.cpp [for tool]; 10s processwrapper-sandbox ... (8 actions, 7 running)
[271 / 551] Compiling src/bfbs_gen_nim.cpp [for tool]; 11s processwrapper-sandbox ... (8 actions running)
[272 / 551] Compiling src/bfbs_gen_nim.cpp [for tool]; 15s processwrapper-sandbox ... (8 actions, 7 running)
[272 / 551] Compiling src/bfbs_gen_nim.cpp [for tool]; 16s processwrapper-sandbox ... (8 actions running)
[275 / 551] Compiling src/bfbs_gen_nim.cpp [for tool]; 17s processwrapper-sandbox ... (8 actions running)
[276 / 551] Compiling src/bfbs_gen_nim.cpp [for tool]; 18s processwrapper-sandbox ... (8 actions running)
[277 / 551] Compiling src/bfbs_gen_nim.cpp [for tool]; 19s processwrapper-sandbox ... (8 actions, 7 running)
[279 / 551] Compiling src/bfbs_gen_nim.cpp [for tool]; 20s processwrapper-sandbox ... (8 actions running)
[282 / 551] Compiling src/bfbs_gen_nim.cpp [for tool]; 21s processwrapper-sandbox ... (8 actions running)
[284 / 551] Compiling src/bfbs_gen_nim.cpp [for tool]; 22s processwrapper-sandbox ... (8 actions running)
[285 / 551] Compiling src/bfbs_gen_nim.cpp [for tool]; 25s processwrapper-sandbox ... (8 actions, 7 running)
[288 / 551] Compiling src/idl_parser.cpp [for tool]; 25s processwrapper-sandbox ... (8 actions, 7 running)
[289 / 551] Compiling src/idl_parser.cpp [for tool]; 26s processwrapper-sandbox ... (8 actions, 7 running)
[292 / 551] Compiling src/idl_parser.cpp [for tool]; 27s processwrapper-sandbox ... (8 actions, 7 running)
[293 / 551] Compiling src/idl_parser.cpp [for tool]; 29s processwrapper-sandbox ... (8 actions running)
[295 / 551] Compiling src/idl_parser.cpp [for tool]; 30s processwrapper-sandbox ... (8 actions running)
[296 / 551] Compiling src/idl_parser.cpp [for tool]; 33s processwrapper-sandbox ... (8 actions, 7 running)
[297 / 551] Compiling src/idl_parser.cpp [for tool]; 34s processwrapper-sandbox ... (8 actions, 7 running)
[297 / 551] Compiling src/idl_parser.cpp [for tool]; 36s processwrapper-sandbox ... (8 actions running)
[298 / 551] Compiling src/idl_parser.cpp [for tool]; 37s processwrapper-sandbox ... (8 actions running)
[299 / 551] Compiling src/idl_parser.cpp [for tool]; 38s processwrapper-sandbox ... (8 actions running)
[300 / 551] Compiling src/idl_parser.cpp [for tool]; 39s processwrapper-sandbox ... (8 actions running)
[301 / 551] Compiling src/idl_parser.cpp [for tool]; 40s processwrapper-sandbox ... (8 actions running)
[302 / 551] Compiling src/idl_parser.cpp [for tool]; 42s processwrapper-sandbox ... (8 actions, 7 running)
[302 / 551] Compiling src/idl_parser.cpp [for tool]; 44s processwrapper-sandbox ... (8 actions running)
[303 / 551] Compiling src/idl_parser.cpp [for tool]; 45s processwrapper-sandbox ... (8 actions running)
[306 / 551] Compiling src/idl_parser.cpp [for tool]; 46s processwrapper-sandbox ... (8 actions running)
[307 / 551] Compiling src/idl_parser.cpp [for tool]; 47s processwrapper-sandbox ... (8 actions running)
[310 / 551] Compiling src/idl_parser.cpp [for tool]; 48s processwrapper-sandbox ... (8 actions running)
[312 / 551] Compiling src/idl_parser.cpp [for tool]; 49s processwrapper-sandbox ... (8 actions running)
[313 / 551] Compiling src/idl_parser.cpp [for tool]; 51s processwrapper-sandbox ... (8 actions, 7 running)
[316 / 551] Compiling src/idl_gen_ts.cpp [for tool]; 14s processwrapper-sandbox ... (8 actions running)
[320 / 551] Compiling src/idl_gen_ts.cpp [for tool]; 15s processwrapper-sandbox ... (8 actions running)
[321 / 551] Compiling src/idl_gen_ts.cpp [for tool]; 17s processwrapper-sandbox ... (8 actions, 7 running)
[322 / 551] Compiling src/idl_gen_ts.cpp [for tool]; 18s processwrapper-sandbox ... (8 actions, 7 running)
[322 / 551] Compiling src/idl_gen_ts.cpp [for tool]; 19s processwrapper-sandbox ... (8 actions running)
[324 / 551] Compiling src/idl_gen_ts.cpp [for tool]; 20s processwrapper-sandbox ... (8 actions running)
[325 / 551] Compiling src/idl_gen_ts.cpp [for tool]; 22s processwrapper-sandbox ... (8 actions, 7 running)
[325 / 551] Compiling src/idl_gen_ts.cpp [for tool]; 23s processwrapper-sandbox ... (8 actions running)
[326 / 551] Compiling src/idl_gen_ts.cpp [for tool]; 28s processwrapper-sandbox ... (8 actions, 7 running)
[329 / 551] Compiling src/idl_gen_ts.cpp [for tool]; 29s processwrapper-sandbox ... (8 actions, 7 running)
[332 / 551] Compiling src/idl_gen_swift.cpp [for tool]; 23s processwrapper-sandbox ... (8 actions, 7 running)
[335 / 551] Compiling src/idl_gen_swift.cpp [for tool]; 24s processwrapper-sandbox ... (8 actions, 7 running)
[336 / 551] Compiling src/idl_gen_rust.cpp [for tool]; 24s processwrapper-sandbox ... (8 actions running)
[337 / 551] Compiling src/idl_gen_rust.cpp [for tool]; 25s processwrapper-sandbox ... (8 actions running)
[338 / 551] Compiling src/idl_gen_rust.cpp [for tool]; 26s processwrapper-sandbox ... (8 actions, 7 running)
[340 / 551] Compiling src/idl_gen_rust.cpp [for tool]; 28s processwrapper-sandbox ... (8 actions, 7 running)
[341 / 551] Compiling src/idl_gen_rust.cpp [for tool]; 29s processwrapper-sandbox ... (8 actions running)
[342 / 551] Compiling src/idl_gen_rust.cpp [for tool]; 34s processwrapper-sandbox ... (8 actions, 7 running)
[342 / 551] Compiling src/idl_gen_rust.cpp [for tool]; 35s processwrapper-sandbox ... (8 actions running)
[343 / 551] Compiling src/idl_gen_rust.cpp [for tool]; 36s processwrapper-sandbox ... (8 actions running)
[344 / 551] Compiling src/idl_gen_rust.cpp [for tool]; 37s processwrapper-sandbox ... (8 actions running)
[345 / 551] Compiling src/idl_gen_rust.cpp [for tool]; 40s processwrapper-sandbox ... (8 actions, 7 running)
[345 / 551] Compiling src/idl_gen_rust.cpp [for tool]; 42s processwrapper-sandbox ... (8 actions running)
[346 / 551] Compiling src/idl_gen_kotlin_kmp.cpp [for tool]; 25s processwrapper-sandbox ... (8 actions, 7 running)
[346 / 551] Compiling src/idl_gen_kotlin_kmp.cpp [for tool]; 27s processwrapper-sandbox ... (8 actions running)
[347 / 551] Compiling src/idl_gen_kotlin_kmp.cpp [for tool]; 30s processwrapper-sandbox ... (7 actions running)
[348 / 551] Compiling src/idl_gen_kotlin_kmp.cpp [for tool]; 40s processwrapper-sandbox ... (6 actions running)
[350 / 551] Compiling src/idl_gen_kotlin_kmp.cpp [for tool]; 41s processwrapper-sandbox ... (8 actions running)
[351 / 551] Compiling src/idl_gen_cpp.cpp [for tool]; 40s processwrapper-sandbox ... (8 actions running)
[352 / 551] Compiling src/idl_gen_kotlin.cpp [for tool]; 41s processwrapper-sandbox ... (8 actions running)
[353 / 551] Compiling src/idl_gen_kotlin.cpp [for tool]; 50s processwrapper-sandbox ... (7 actions running)
[355 / 551] Compiling src/idl_gen_csharp.cpp [for tool]; 32s processwrapper-sandbox ... (5 actions running)
[356 / 551] Compiling src/idl_gen_csharp.cpp [for tool]; 34s processwrapper-sandbox ... (6 actions running)
[357 / 551] Compiling src/idl_gen_csharp.cpp [for tool]; 35s processwrapper-sandbox ... (5 actions running)
[358 / 551] Compiling Rust proc-macro thiserror_impl v1.0.69 (10 files) [for tool]; 25s processwrapper-sandbox ... (5 actions, 4 running)
[360 / 551] Compiling Rust proc-macro serde_derive v1.0.217 (18 files) [for tool]; 27s processwrapper-sandbox ... (4 actions running)
[361 / 551] Compiling Rust proc-macro serde_derive v1.0.217 (18 files) [for tool]; 29s processwrapper-sandbox ... (6 actions, 3 running)
[370 / 551] Compiling Rust rlib serde v1.0.217 (20 files) [for tool]; 1s processwrapper-sandbox ... (2 actions running)
[371 / 551] Compiling Rust rlib serde v1.0.217 (20 files) [for tool]; 2s processwrapper-sandbox ... (3 actions, 1 running)
[373 / 551] Compiling Rust rlib serde v1.0.217 (20 files) [for tool]; 4s processwrapper-sandbox ... (2 actions running)
[374 / 551] Compiling Rust rlib serde v1.0.217 (20 files) [for tool]; 5s processwrapper-sandbox ... (2 actions running)
[381 / 551] Compiling Rust rlib toml_edit v0.22.24 (58 files) [for tool]; 0s processwrapper-sandbox ... (3 actions, 2 running)
[381 / 551] Compiling Rust rlib toml_edit v0.22.24 (58 files) [for tool]; 2s processwrapper-sandbox ... (3 actions, 2 running)
[383 / 551] Compiling Rust rlib toml_edit v0.22.24 (58 files) [for tool]; 4s processwrapper-sandbox ... (2 actions running)
[384 / 551] Compiling Rust rlib icu_properties v1.5.1 (14 files) [for tool]; 3s processwrapper-sandbox ... (2 actions, 1 running)
[385 / 551] Compiling Rust rlib toml v0.8.20 (29 files) [for tool]; 1s processwrapper-sandbox ... (2 actions running)
[386 / 551] Compiling Rust rlib icu_normalizer v1.5.0 (13 files) [for tool]; 2s processwrapper-sandbox
[387 / 551] [Prepa] Compiling Rust rlib idna_adapter v1.2.0 (1 file) [for tool]
[388 / 551] Compiling Rust rlib idna v1.0.3 (11 files) [for tool]; 0s processwrapper-sandbox
[389 / 551] [Prepa] Compiling Rust rlib url v2.5.4 (9 files) [for tool]
[389 / 551] Compiling Rust rlib url v2.5.4 (9 files) [for tool]; 1s processwrapper-sandbox
[390 / 551] [Prepa] Compiling Rust rlib cargo_util_schemas v0.3.1 (8 files) [for tool]
[390 / 551] Compiling Rust rlib cargo_util_schemas v0.3.1 (8 files) [for tool]; 1s processwrapper-sandbox
[391 / 551] [Prepa] Compiling Rust bin cargo_toml_variable_extractor (1 file) [for tool]
[391 / 551] Compiling Rust bin cargo_toml_variable_extractor (1 file) [for tool]; 1s processwrapper-sandbox
[391 / 551] Compiling Rust bin cargo_toml_variable_extractor (1 file) [for tool]; 11s processwrapper-sandbox
[392 / 551] [Prepa] ExtractCargoTomlEnvVars external/rules_rust++crate+crates__semver-1.0.28/cargo_toml_env_vars.env [for tool]
[422 / 551] Compiling Rust rlib semver v1.0.28 (15 files) [for tool]; 0s processwrapper-sandbox ... (8 actions, 7 running)
[423 / 551] Compiling Rust rlib memchr v2.8.3 (45 files) [for tool]; 2s processwrapper-sandbox ... (8 actions, 7 running)
[443 / 551] Compiling Rust rlib memchr v2.8.3 (45 files) [for tool]; 3s processwrapper-sandbox ... (8 actions, 7 running)
[459 / 551] Compiling Rust rlib serde_core v1.0.229 (20 files) [for tool]; 1s processwrapper-sandbox ... (8 actions, 7 running)
[473 / 551] Compiling Rust rlib serde_core v1.0.229 (20 files) [for tool]; 2s processwrapper-sandbox ... (8 actions running)
[474 / 551] Compiling Rust rlib serde_core v1.0.229 (20 files) [for tool]; 5s processwrapper-sandbox ... (8 actions, 7 running)
[484 / 551] Compiling Rust rlib regex_syntax v0.8.11 (34 files) [for tool]; 4s processwrapper-sandbox ... (8 actions, 7 running)
[488 / 551] Compiling Rust rlib regex_syntax v0.8.11 (34 files) [for tool]; 6s processwrapper-sandbox ... (8 actions running)
[489 / 551] Compiling Rust rlib regex_syntax v0.8.11 (34 files) [for tool]; 8s processwrapper-sandbox ... (8 actions running)
[497 / 551] Compiling Rust rlib aho_corasick v1.1.5 (32 files) [for tool]; 5s processwrapper-sandbox ... (8 actions running)
[502 / 551] Compiling Rust rlib aho_corasick v1.1.5 (32 files) [for tool]; 7s processwrapper-sandbox ... (7 actions, 6 running)
[504 / 551] Compiling Rust rlib aho_corasick v1.1.5 (32 files) [for tool]; 8s processwrapper-sandbox ... (6 actions running)
[506 / 551] Compiling Rust rlib aho_corasick v1.1.5 (32 files) [for tool]; 9s processwrapper-sandbox ... (5 actions running)
[508 / 551] Compiling Rust rlib clap_builder v4.6.7 (57 files) [for tool]; 11s processwrapper-sandbox ... (4 actions running)
[509 / 551] Compiling Rust rlib syn v3.0.6 (96 files) [for tool]; 18s processwrapper-sandbox ... (3 actions running)
[510 / 551] Compiling Rust rlib syn v3.0.6 (96 files) [for tool]; 20s processwrapper-sandbox ... (3 actions, 2 running)
[510 / 551] Compiling Rust rlib syn v3.0.6 (96 files) [for tool]; 21s processwrapper-sandbox ... (4 actions running)
[511 / 551] Compiling Rust rlib regex_automata v0.4.18 (100 files) [for tool]; 22s processwrapper-sandbox ... (4 actions, 3 running)
[515 / 551] Compiling Rust proc-macro serde_derive v1.0.229 (28 files) [for tool]; 1s processwrapper-sandbox ... (4 actions running)
[516 / 551] Compiling Rust proc-macro serde_derive v1.0.229 (28 files) [for tool]; 2s processwrapper-sandbox ... (3 actions running)
[517 / 551] Compiling Rust proc-macro serde_derive v1.0.229 (28 files) [for tool]; 4s processwrapper-sandbox ... (3 actions, 2 running)
[517 / 551] Compiling Rust proc-macro serde_derive v1.0.229 (28 files) [for tool]; 5s processwrapper-sandbox ... (3 actions running)
[518 / 551] Compiling Rust proc-macro serde_derive v1.0.229 (28 files) [for tool]; 9s processwrapper-sandbox ... (2 actions running)
[519 / 551] Compiling Rust proc-macro serde_derive v1.0.229 (28 files) [for tool]; 13s processwrapper-sandbox ... (2 actions, 1 running)
[521 / 551] [Prepa] Compiling Rust rlib serde v1.0.229 (25 files) [for tool]
[522 / 551] [Prepa] Compiling Rust rlib puml_utils (4 files) [for tool]
[525 / 551] Compiling Rust rlib sequence_diagram (1 file) [for tool]; 0s processwrapper-sandbox ... (5 actions running)
[527 / 551] Compiling Rust rlib sequence_diagram (1 file) [for tool]; 1s processwrapper-sandbox ... (4 actions running)
[528 / 551] Compiling Rust rlib class_diagram (1 file) [for tool]; 2s processwrapper-sandbox ... (4 actions running)
[530 / 551] Compiling Rust rlib puml_parser_core (5 files) [for tool]; 3s processwrapper-sandbox ... (4 actions running)
[531 / 551] Compiling Rust rlib puml_parser_core (5 files) [for tool]; 4s processwrapper-sandbox ... (3 actions running)
[533 / 551] Compiling Rust rlib puml_parser_core (5 files) [for tool]; 5s processwrapper-sandbox
[533 / 551] Compiling Rust rlib puml_parser_core (5 files) [for tool]; 15s processwrapper-sandbox
[534 / 551] [Prepa] Compiling Rust rlib include_preprocessor (5 files) [for tool] ... (6 actions, 5 running)
[534 / 551] Compiling Rust rlib puml_parser_activity (4 files) [for tool]; 1s processwrapper-sandbox ... (6 actions running)
[535 / 551] Compiling Rust rlib puml_parser_component (3 files) [for tool]; 8s processwrapper-sandbox ... (6 actions, 5 running)
[541 / 551] Compiling Rust rlib puml_parser_class (5 files) [for tool]; 10s processwrapper-sandbox ... (4 actions running)
[544 / 551] Compiling Rust rlib puml_parser_class (5 files) [for tool]; 11s processwrapper-sandbox ... (2 actions running)
[546 / 551] [Prepa] Compiling Rust rlib puml_parser (1 file) [for tool]
[547 / 551] Compiling Rust rlib puml_resolver_class (2 files) [for tool]; 1s processwrapper-sandbox
[548 / 551] [Prepa] Compiling Rust rlib puml_resolver (1 file) [for tool]
[549 / 551] Compiling Rust bin puml_cli (1 file) [for tool]; 0s processwrapper-sandbox
[550 / 551] [Prepa] Processing root cause FTA diagrams for mw_com_safety_analysis
INFO: From Processing root cause FTA diagrams for mw_com_safety_analysis:
[2026-10-07T14:45:28Z WARN  puml_fta] FTA map_containing_nonexistent_events_fta.puml: failure mode(s) ["Communication.MapContainingNonexistentEvents"] have no root cause; they stay uncovered in the traceability report
[2026-10-07T14:45:28Z WARN  puml_fta] FTA sends_to_wrong_consumer_fta.puml: failure mode(s) ["Communication.SendingEventSendsToWrongConsumer"] have no root cause; they stay uncovered in the traceability report
INFO: Found 1 target...
Target //requirements/component_requirements/config_provider:component_requirements up-to-date:
  bazel-bin/external/score_communication+/score/mw/com/dependability/safety_analysis/mw_com_safety_analysis/fta_events.trlc
INFO: Elapsed time: 901.039s, Critical Path: 260.07s
INFO: 551 processes: 278 internal, 273 processwrapper-sandbox.
INFO: Build completed successfully, 551 total actions
