OpenJDK 64-Bit Server VM warning: Options -Xverify:none and -noverify were deprecated in JDK 13 and will likely be removed in a future release.
Computing main repo mapping: 
Computing main repo mapping: 
Computing main repo mapping: 
Computing main repo mapping: 
Computing main repo mapping: 
Computing main repo mapping: 
Computing main repo mapping: 
Loading: 
Loading: 5 packages loaded
Analyzing: target //:copyright.check (6 packages loaded, 0 targets configured)
Analyzing: target //:copyright.check (6 packages loaded, 0 targets configured)

Analyzing: target //:copyright.check (56 packages loaded, 8 targets configured)

Analyzing: target //:copyright.check (159 packages loaded, 3159 targets configured)

INFO: Analyzed target //:copyright.check (172 packages loaded, 8245 targets configured).
[6 / 6] no actions running
INFO: Found 1 target...
Target //:copyright.check up-to-date:
  bazel-bin/copyright.check
  bazel-bin/copyright.check.venv.pth
INFO: Elapsed time: 13.010s, Critical Path: 0.02s
INFO: 1 process: 6 action cache hit, 1 internal.
INFO: Build completed successfully, 1 total action
INFO: Running command line: bazel-bin/copyright.check -t third_party/cr_checker/templates.ini -c third_party/cr_checker/config.json --exclusion-file third_party/cr_checker/exclusion.txt .
[32mINFO:[0m ================================================================
[32mINFO:[0m Process completed.
[32mINFO:[0m Total files missing a copyright header: [32m0[0m
[32mINFO:[0m Total files with a misplaced (but correctly formatted) header: [32m0[0m
[32mINFO:[0m Total files with a wrong-format header: [32m0[0m
[32mINFO:[0m Total files with duplicate copyright: [32m0[0m
[32mINFO:[0m Total files with a license mismatch: [32m0[0m
[32mINFO:[0m ================================================================
