OpenJDK 64-Bit Server VM warning: Options -Xverify:none and -noverify were deprecated in JDK 13 and will likely be removed in a future release.
Computing main repo mapping: 
Computing main repo mapping: 
WARNING: For repository 'platforms', the root module requires module version platforms@1.0.0, but got platforms@1.1.0 in the resolved dependency graph. Please update the version in your MODULE.bazel or set --check_direct_dependencies=off
WARNING: For repository 'rules_rust', the root module requires module version rules_rust@0.68.1-score, but got rules_rust@0.68.2-score in the resolved dependency graph. Please update the version in your MODULE.bazel or set --check_direct_dependencies=off
WARNING: For repository 'rules_cc', the root module requires module version rules_cc@0.2.17, but got rules_cc@0.2.22 in the resolved dependency graph. Please update the version in your MODULE.bazel or set --check_direct_dependencies=off
WARNING: For repository 'score_rust_policies', the root module requires module version score_rust_policies@0.0.2, but got score_rust_policies@0.0.5 in the resolved dependency graph. Please update the version in your MODULE.bazel or set --check_direct_dependencies=off
WARNING: For repository 'aspect_rules_lint', the root module requires module version aspect_rules_lint@2.3.0, but got aspect_rules_lint@2.5.0 in the resolved dependency graph. Please update the version in your MODULE.bazel or set --check_direct_dependencies=off
WARNING: For repository 'grpc-java', the root module requires module version grpc-java@1.70.0, but got grpc-java@1.78.0 in the resolved dependency graph. Please update the version in your MODULE.bazel or set --check_direct_dependencies=off
Computing main repo mapping: 
Loading: 
Loading: 3 packages loaded
Analyzing: 4 targets (4 packages loaded, 0 targets configured)
Analyzing: 4 targets (4 packages loaded, 0 targets configured)

Analyzing: 4 targets (146 packages loaded, 311 targets configured)

Analyzing: 4 targets (187 packages loaded, 8271 targets configured)

INFO: Analyzed 4 targets (193 packages loaded, 11278 targets configured).
[44 / 126] checking cached actions
[45 / 126] [Prepa] Creating symlink external/rules_rust++rust+rust_linux_x86_64__x86_64-unknown-linux-gnu__stable_tools/rust_toolchain/lib/librustc_driver-ea2439778c0a32ac.so
[49 / 126] [Prepa] Creating symlink external/rules_rust++rust+rust_linux_x86_64__x86_64-unknown-linux-gnu__stable_tools/rust_toolchain/lib/rustlib/x86_64-unknown-linux-gnu/lib/librustc-stable_rt.tsan.a
[70 / 126] [Prepa] Creating symlink external/rules_rust++rust+rust_linux_x86_64__x86_64-unknown-linux-gnu__stable_tools/rust_toolchain/bin/clippy-driver
[107 / 126] checking cached actions
[107 / 126] [Prepa] Creating symlink bazel/format/rustfmt_with_policies
[108 / 126] checking cached actions
[109 / 126] [Prepa] Creating symlink external/rules_rust++rust+rust_linux_x86_64__x86_64-unknown-linux-gnu__stable_tools/rust_toolchain/lib/rustlib/x86_64-unknown-linux-gnu/lib/libtest-e1d2741739855ee2.rlib
[120 / 126] checking cached actions
[121 / 126] [Prepa] Creating symlink external/rules_rust++rust+rust_linux_x86_64__x86_64-unknown-linux-gnu__stable_tools/rust_toolchain/lib/libLLVM.so.19.1-rust-1.86.0-stable
[122 / 126] checking cached actions
[125 / 126] [Prepa] Compiling Rust bin rustfmt (1 file)
INFO: Found 4 targets...
INFO: Elapsed time: 26.373s, Critical Path: 1.31s
INFO: 51 processes: 80 action cache hit, 49 internal, 2 processwrapper-sandbox.
INFO: Build completed successfully, 51 total actions
