OpenJDK 64-Bit Server VM warning: Options -Xverify:none and -noverify were deprecated in JDK 13 and will likely be removed in a future release.
Computing main repo mapping: 
Computing main repo mapping: 
WARNING: For repository 'platforms', the root module requires module version platforms@1.0.0, but got platforms@1.1.0 in the resolved dependency graph. Please update the version in your MODULE.bazel or set --check_direct_dependencies=off
WARNING: For repository 'rules_rust', the root module requires module version rules_rust@0.68.1-score, but got rules_rust@0.68.2-score in the resolved dependency graph. Please update the version in your MODULE.bazel or set --check_direct_dependencies=off
WARNING: For repository 'rules_cc', the root module requires module version rules_cc@0.2.17, but got rules_cc@0.2.22 in the resolved dependency graph. Please update the version in your MODULE.bazel or set --check_direct_dependencies=off
WARNING: For repository 'score_rust_policies', the root module requires module version score_rust_policies@0.0.2, but got score_rust_policies@0.0.5 in the resolved dependency graph. Please update the version in your MODULE.bazel or set --check_direct_dependencies=off
WARNING: For repository 'aspect_rules_lint', the root module requires module version aspect_rules_lint@2.3.0, but got aspect_rules_lint@2.5.0 in the resolved dependency graph. Please update the version in your MODULE.bazel or set --check_direct_dependencies=off
WARNING: For repository 'grpc-java', the root module requires module version grpc-java@1.70.0, but got grpc-java@1.78.0 in the resolved dependency graph. Please update the version in your MODULE.bazel or set --check_direct_dependencies=off
Computing main repo mapping: 
Computing main repo mapping: 
Computing main repo mapping: 
Computing main repo mapping: 
Computing main repo mapping: 
Loading: 
Loading: 3 packages loaded
Analyzing: target //requirements/component_requirements/config_provider:component_requirements_test (4 packages loaded, 0 targets configured)
Analyzing: target //requirements/component_requirements/config_provider:component_requirements_test (4 packages loaded, 0 targets configured)

Analyzing: target //requirements/component_requirements/config_provider:component_requirements_test (108 packages loaded, 288 targets configured)

Analyzing: target //requirements/component_requirements/config_provider:component_requirements_test (192 packages loaded, 3291 targets configured)

Analyzing: target //requirements/component_requirements/config_provider:component_requirements_test (232 packages loaded, 10086 targets configured)

Analyzing: target //requirements/component_requirements/config_provider:component_requirements_test (277 packages loaded, 10732 targets configured)

Analyzing: target //requirements/component_requirements/config_provider:component_requirements_test (277 packages loaded, 10732 targets configured)

Analyzing: target //requirements/component_requirements/config_provider:component_requirements_test (277 packages loaded, 10732 targets configured)

Analyzing: target //requirements/component_requirements/config_provider:component_requirements_test (277 packages loaded, 10732 targets configured)

Analyzing: target //requirements/component_requirements/config_provider:component_requirements_test (277 packages loaded, 10732 targets configured)

Analyzing: target //requirements/component_requirements/config_provider:component_requirements_test (277 packages loaded, 10732 targets configured)

Analyzing: target //requirements/component_requirements/config_provider:component_requirements_test (277 packages loaded, 10732 targets configured)

Analyzing: target //requirements/component_requirements/config_provider:component_requirements_test (277 packages loaded, 10732 targets configured)

Analyzing: target //requirements/component_requirements/config_provider:component_requirements_test (277 packages loaded, 10732 targets configured)

   Compiling proc-macro2 v1.0.92
   Compiling unicode-ident v1.0.10
   Compiling serde v1.0.219
   Compiling cfg-if v1.0.0
   Compiling thiserror v2.0.4
   Compiling memchr v2.6.4
   Compiling once_cell v1.21.3
   Compiling libc v0.2.172
   Compiling smallvec v1.15.0
Analyzing: target //requirements/component_requirements/config_provider:component_requirements_test (277 packages loaded, 10732 targets configured)

   Compiling regex-automata v0.3.3
   Compiling log v0.4.19
   Compiling autocfg v1.1.0
   Compiling parking_lot_core v0.9.9
   Compiling crossbeam-utils v0.8.16
   Compiling gix-trace v0.1.12
   Compiling tinyvec_macros v0.1.1
   Compiling scopeguard v1.2.0
   Compiling tinyvec v1.6.0
   Compiling lock_api v0.4.11
   Compiling fastrand v2.1.1
   Compiling quote v1.0.37
   Compiling same-file v1.0.6
   Compiling syn v2.0.90
   Compiling walkdir v2.5.0
   Compiling crc32fast v1.3.2
   Compiling bstr v1.6.0
   Compiling parking_lot v0.12.1
   Compiling unicode-normalization v0.1.22
   Compiling adler2 v2.0.0
   Compiling miniz_oxide v0.8.0
   Compiling bitflags v2.4.1
   Compiling gix-utils v0.1.14
   Compiling flate2 v1.0.35
   Compiling prodash v29.0.0
   Compiling crossbeam-channel v0.5.8
   Compiling sha1_smol v1.0.0
   Compiling version_check v0.9.4
   Compiling home v0.5.5
   Compiling itoa v1.0.8
   Compiling zerocopy v0.7.35
   Compiling ahash v0.8.11
   Compiling jiff v0.1.13
   Compiling allocator-api2 v0.2.18
   Compiling winnow v0.6.20
   Compiling stable_deref_trait v1.2.0
   Compiling memmap2 v0.9.5
   Compiling rustix v1.0.5
   Compiling getrandom v0.3.2
   Compiling litemap v0.7.4
   Compiling hashbrown v0.14.3
   Compiling linux-raw-sys v0.9.4
   Compiling writeable v0.5.5
   Compiling icu_locid_transform_data v1.5.0
   Compiling icu_properties_data v1.5.0
   Compiling write16 v1.0.0
   Compiling utf16_iter v1.0.5
   Compiling utf8_iter v1.0.4
   Compiling icu_normalizer_data v1.5.0
   Compiling thiserror v1.0.50
   Compiling percent-encoding v2.3.1
   Compiling rustix v0.38.41
   Compiling unicode-bom v2.0.3
   Compiling synstructure v0.13.1
   Compiling form_urlencoded v1.2.1
   Compiling gix-sec v0.10.11
   Compiling static_assertions v1.1.0
   Compiling shell-words v1.1.0
   Compiling fnv v1.0.7
   Compiling linux-raw-sys v0.4.14
   Compiling kstring v2.0.2
   Compiling typenum v1.16.0
   Compiling generic-array v0.14.7
   Compiling aho-corasick v1.0.2
   Compiling equivalent v1.0.1
   Compiling regex-syntax v0.8.5
   Compiling syn v1.0.109
   Compiling hashbrown v0.15.0
   Compiling serde_json v1.0.140
   Compiling semver v1.0.26
   Compiling indexmap v2.6.0
   Compiling ucd-trie v0.1.6
   Compiling serde_derive v1.0.219
   Compiling thiserror-impl v2.0.4
   Compiling zerofrom-derive v0.1.5
   Compiling gix-path v0.10.14
   Compiling zerofrom v0.1.5
   Compiling gix-date v0.9.3
   Compiling yoke-derive v0.7.5
   Compiling gix-actor v0.33.2
   Compiling gix-validate v0.9.3
   Compiling zerovec-derive v0.10.3
   Compiling yoke v0.7.5
   Compiling displaydoc v0.2.5
   Compiling icu_provider_macros v1.5.0
   Compiling gix-chunk v0.4.11
   Compiling tempfile v3.19.1
   Compiling zerovec v0.10.4
   Compiling gix-quote v0.4.15
   Compiling gix-config-value v0.14.11
   Compiling thiserror-impl v1.0.50
   Compiling gix-command v0.4.1
   Compiling tinystr v0.7.6
   Compiling icu_locid v1.5.0
   Compiling icu_collections v1.5.0
   Compiling regex-automata v0.4.8
   Compiling arrayvec v0.7.4
   Compiling toml_write v0.1.0
   Compiling faster-hex v0.9.0
   Compiling toml_datetime v0.6.9
   Compiling serde_spanned v0.6.8
   Compiling gix-hash v0.16.0
   Compiling gix-features v0.40.0
   Compiling gix-hashtable v0.7.0
   Compiling icu_provider v1.5.0
   Compiling lazy_static v1.4.0
   Compiling winnow v0.7.7
   Compiling gix-object v0.47.0
   Compiling gix-fs v0.13.0
   Compiling gix-tempfile v16.0.0
   Compiling icu_locid_transform v1.5.0
   Compiling gix-commitgraph v0.26.0
   Compiling icu_properties v1.5.1
   Compiling gix-revwalk v0.18.0
   Compiling gix-lock v16.0.0
   Compiling gix-glob v0.18.0
   Compiling gix-revision v0.32.0
   Compiling gix-ref v0.50.0
   Compiling gix-attributes v0.24.0
   Compiling gix-refspec v0.28.0
   Compiling icu_normalizer v1.5.0
   Compiling gix-traverse v0.44.0
   Compiling idna_adapter v1.2.0
   Compiling idna v1.0.3
   Compiling url v2.5.4
   Compiling toml_edit v0.22.25
   Compiling regex v1.11.1
   Compiling gix-url v0.29.0
   Compiling gix-packetline v0.18.3
   Compiling uluru v3.0.0
   Compiling pest v2.7.0
   Compiling gix-prompt v0.9.1
   Compiling gix-bitmap v0.2.14
   Compiling filetime v0.2.22
   Compiling thread_local v1.1.4
   Compiling utf8parse v0.2.1
   Compiling clru v0.6.1
   Compiling unic-common v0.9.0
   Compiling ryu v1.0.14
   Compiling unic-char-range v0.9.0
   Compiling unic-char-property v0.9.0
   Compiling gix-pack v0.57.0
   Compiling pest_meta v2.7.0
   Compiling unic-ucd-version v0.9.0
   Compiling anstyle-parse v0.2.1
   Compiling gix-index v0.38.0
   Compiling toml v0.8.21
   Compiling gix-credentials v0.27.0
   Compiling maybe-async v0.2.7
   Compiling gix-transport v0.45.0
   Compiling globset v0.4.11
   Compiling gix-config v0.43.0
   Compiling gix-pathspec v0.9.0
   Compiling gix-ignore v0.13.0
   Compiling gix-shallow v0.2.0
   Compiling gix-negotiate v0.18.0
   Compiling gix-packetline-blocking v0.18.2
   Compiling tracing-core v0.1.33
   Compiling encoding_rs v0.8.33
   Compiling anstyle v1.0.10
   Compiling anstyle-query v1.0.0
   Compiling colorchoice v1.0.0
   Compiling camino v1.1.9
   Compiling is_terminal_polyfill v1.70.1
   Compiling arc-swap v1.6.0
   Compiling anstream v0.6.18
   Compiling gix-protocol v0.48.0
   Compiling gix-odb v0.67.0
   Compiling gix-submodule v0.17.0
   Compiling gix-worktree v0.39.0
   Compiling gix-filter v0.17.0
   Compiling ignore v0.4.18
   Compiling pest_generator v2.7.0
   Compiling unic-ucd-segment v0.9.0
   Compiling crypto-common v0.1.6
   Compiling block-buffer v0.10.4
   Compiling gix-discover v0.38.0
   Compiling gix-diff v0.50.0
   Compiling heck v0.5.0
   Compiling strsim v0.11.1
   Compiling overload v0.1.1
   Compiling anyhow v1.0.98
   Compiling clap_lex v0.7.4
   Compiling clap_builder v4.5.37
   Compiling nu-ansi-term v0.46.0
   Compiling clap_derive v4.5.32
   Compiling gix v0.70.0
   Compiling pest_derive v2.7.0
   Compiling digest v0.10.7
   Compiling unic-segment v0.9.0
   Compiling globwalk v0.9.1
   Compiling tracing-log v0.2.0
   Compiling sharded-slab v0.1.7
   Compiling hex v0.4.3
   Compiling cargo-platform v0.1.9
   Compiling smol_str v0.3.2
   Compiling tracing-attributes v0.1.28
   Compiling either v1.9.0
   Compiling unicode-width v0.2.0
   Compiling pin-project-lite v0.2.13
   Compiling rustc-hash v2.0.0
   Compiling rustc-stable-hash v0.1.1
   Compiling smawk v0.3.2
   Compiling cpufeatures v0.2.9
   Compiling unicode-linebreak v0.1.5
   Compiling tracing-subscriber v0.3.19
   Compiling itertools v0.14.0
   Compiling sha2 v0.10.8
   Compiling textwrap v0.16.2
   Compiling tracing v0.1.41
   Compiling cargo_metadata v0.19.2
   Compiling clap v4.5.37
   Compiling tera v1.20.0
   Compiling cargo_toml v0.22.1
   Compiling crates-index v3.7.0
   Compiling cargo-lock v10.1.0
   Compiling serde_starlark v0.1.17
   Compiling cfg-expr v0.20.4
   Compiling spdx v0.10.8
   Compiling normpath v1.3.0
   Compiling indoc v2.0.6
   Compiling glob v0.3.2
   Compiling pathdiff v0.2.3
   Compiling cargo-bazel v0.17.0 (/media/jefferson/11c42dee-73a3-4c2b-ab42-a0440011d9e0/.s-core-build/runs/score-communication-followup-pivi6gt7/bazel-output/9de61ab6940929be1d8e2615b63cf866/external/rules_rust+/crate_universe)
    Finished `release` profile [optimized] target(s) in 1m 32s
Analyzing: target //requirements/component_requirements/config_provider:component_requirements_test (277 packages loaded, 10732 targets configured)

Analyzing: target //requirements/component_requirements/config_provider:component_requirements_test (277 packages loaded, 10732 targets configured)

Analyzing: target //requirements/component_requirements/config_provider:component_requirements_test (277 packages loaded, 10732 targets configured)

Analyzing: target //requirements/component_requirements/config_provider:component_requirements_test (277 packages loaded, 10732 targets configured)

Analyzing: target //requirements/component_requirements/config_provider:component_requirements_test (356 packages loaded, 13972 targets configured)

INFO: Analyzed target //requirements/component_requirements/config_provider:component_requirements_test (394 packages loaded, 15353 targets configured).
[38 / 173] checking cached actions
[558 / 559] 1 / 1 tests; checking cached actions
INFO: Found 1 test target...
Target //requirements/component_requirements/config_provider:component_requirements_test up-to-date:
  bazel-bin/requirements/component_requirements/config_provider/component_requirements_test
INFO: Elapsed time: 177.554s, Critical Path: 0.47s
INFO: 1 process: 580 action cache hit, 1 internal.
INFO: Build completed successfully, 1 total action
