OpenJDK 64-Bit Server VM warning: Options -Xverify:none and -noverify were deprecated in JDK 13 and will likely be removed in a future release.
Computing main repo mapping: 
Computing main repo mapping: 
WARNING: For repository 'platforms', the root module requires module version platforms@1.0.0, but got platforms@1.1.0 in the resolved dependency graph. Please update the version in your MODULE.bazel or set --check_direct_dependencies=off
WARNING: For repository 'rules_rust', the root module requires module version rules_rust@0.68.1-score, but got rules_rust@0.68.2-score in the resolved dependency graph. Please update the version in your MODULE.bazel or set --check_direct_dependencies=off
WARNING: For repository 'rules_cc', the root module requires module version rules_cc@0.2.17, but got rules_cc@0.2.22 in the resolved dependency graph. Please update the version in your MODULE.bazel or set --check_direct_dependencies=off
WARNING: For repository 'score_rust_policies', the root module requires module version score_rust_policies@0.0.2, but got score_rust_policies@0.0.5 in the resolved dependency graph. Please update the version in your MODULE.bazel or set --check_direct_dependencies=off
WARNING: For repository 'aspect_rules_lint', the root module requires module version aspect_rules_lint@2.3.0, but got aspect_rules_lint@2.5.0 in the resolved dependency graph. Please update the version in your MODULE.bazel or set --check_direct_dependencies=off
WARNING: For repository 'grpc-java', the root module requires module version grpc-java@1.70.0, but got grpc-java@1.78.0 in the resolved dependency graph. Please update the version in your MODULE.bazel or set --check_direct_dependencies=off
Computing main repo mapping: 
Loading: 
Loading: 3 packages loaded
Analyzing: target //:copyright.check (4 packages loaded, 0 targets configured)
Analyzing: target //:copyright.check (4 packages loaded, 0 targets configured)

Analyzing: target //:copyright.check (103 packages loaded, 65 targets configured)

Analyzing: target //:copyright.check (162 packages loaded, 3170 targets configured)

INFO: Analyzed target //:copyright.check (168 packages loaded, 8240 targets configured).
[1 / 1] no actions running
INFO: Found 1 target...
Target //:copyright.check up-to-date:
  bazel-bin/copyright.check
  bazel-bin/copyright.check.venv.pth
INFO: Elapsed time: 10.754s, Critical Path: 0.64s
INFO: 1 process: 6 action cache hit, 1 internal.
INFO: Build completed successfully, 1 total action
INFO: Running command line: bazel-bin/copyright.check -t ../score_tooling+/cr_checker/resources/templates.ini -c ../score_tooling+/cr_checker/resources/config.json .
[32mINFO:[0m ================================================================
[32mINFO:[0m Process completed.
[32mINFO:[0m Total files missing a copyright header: [32m0[0m
[32mINFO:[0m Total files with a misplaced (but correctly formatted) header: [32m0[0m
[32mINFO:[0m Total files with a wrong-format header: [32m0[0m
[32mINFO:[0m Total files with duplicate copyright: [32m0[0m
[32mINFO:[0m Total files with a license mismatch: [32m0[0m
[32mINFO:[0m ================================================================
