OpenJDK 64-Bit Server VM warning: Options -Xverify:none and -noverify were deprecated in JDK 13 and will likely be removed in a future release.
Computing main repo mapping: 
Computing main repo mapping: 
Computing main repo mapping: 
Computing main repo mapping: 
Computing main repo mapping: 
Computing main repo mapping: 
Loading: 
Loading: 5 packages loaded
Analyzing: target //tools/lint/buildifier:buildifier_lint (6 packages loaded, 0 targets configured)
Analyzing: target //tools/lint/buildifier:buildifier_lint (6 packages loaded, 0 targets configured)

Analyzing: target //tools/lint/buildifier:buildifier_lint (44 packages loaded, 10 targets configured)

Analyzing: target //tools/lint/buildifier:buildifier_lint (156 packages loaded, 1909 targets configured)

INFO: Analyzed target //tools/lint/buildifier:buildifier_lint (176 packages loaded, 11282 targets configured).
[1 / 1] no actions running
INFO: Found 1 target...
Target //tools/lint/buildifier:buildifier_lint up-to-date:
  bazel-bin/tools/lint/buildifier/buildifier_lint
INFO: Elapsed time: 13.374s, Critical Path: 0.13s
INFO: 1 process: 11 action cache hit, 1 internal.
INFO: Build completed successfully, 1 total action
INFO: Running command line: bazel-bin/tools/lint/buildifier/buildifier_lint <args omitted>
