OpenJDK 64-Bit Server VM warning: Options -Xverify:none and -noverify were deprecated in JDK 13 and will likely be removed in a future release.
Computing main repo mapping: 
Computing main repo mapping: 
Computing main repo mapping: 
Computing main repo mapping: 
Computing main repo mapping: 
Computing main repo mapping: 
Computing main repo mapping: 
Computing main repo mapping: 
Computing main repo mapping: 
Loading: 
Loading: 5 packages loaded
Analyzing: target //:format.check (6 packages loaded)
Analyzing: target //:format.check (6 packages loaded, 0 targets configured)
Analyzing: target //:format.check (6 packages loaded, 0 targets configured)

Analyzing: target //:format.check (37 packages loaded, 11 targets configured)

Analyzing: target //:format.check (158 packages loaded, 704 targets configured)

Analyzing: target //:format.check (185 packages loaded, 8310 targets configured)

INFO: Analyzed target //:format.check (198 packages loaded, 14633 targets configured).
[1 / 1] no actions running
INFO: Found 1 target...
Target //:format.check up-to-date:
  bazel-bin/format.check.bash
INFO: Elapsed time: 30.246s, Critical Path: 0.14s
INFO: 1 process: 127 action cache hit, 1 internal.
INFO: Build completed successfully, 1 total action
INFO: Running command line: bazel-bin/format.check.bash
172 files already formatted
Formatted Python in 0m0.029s
Formatted Starlark in 0m0.385s
Formatted C++ in 0m25.166s
Formatted Rust in 0m0.346s
