$TEST_TMPDIR defined, some defaults will be overridden
OpenJDK 64-Bit Server VM warning: Options -Xverify:none and -noverify were deprecated in JDK 13 and will likely be removed in a future release.
WARNING: The following configs were expanded more than once: [linux_x64_gcc_15]. For repeatable flags, repeats are counted twice and may lead to unexpected behavior.
Computing main repo mapping: 
Computing main repo mapping: 
WARNING: The following configs were expanded more than once: [linux_x64_gcc_15]. For repeatable flags, repeats are counted twice and may lead to unexpected behavior.
Computing main repo mapping: 
Computing main repo mapping: 
Computing main repo mapping: 
Computing main repo mapping: 
Computing main repo mapping: 
Computing main repo mapping: 
Computing main repo mapping: 
Loading: 
Loading: 5 packages loaded
Analyzing: 2 targets (6 packages loaded, 0 targets configured)
Analyzing: 2 targets (6 packages loaded, 0 targets configured)

Analyzing: 2 targets (72 packages loaded, 7 targets configured)

Analyzing: 2 targets (145 packages loaded, 193 targets configured)
[1 / 1] no actions running
Analyzing: 2 targets (178 packages loaded, 12475 targets configured)
[1 / 1] no actions running
Analyzing: 2 targets (181 packages loaded, 12619 targets configured)
[1 / 1] no actions running
Analyzing: 2 targets (181 packages loaded, 12619 targets configured)
[1 / 1] no actions running
Analyzing: 2 targets (181 packages loaded, 12619 targets configured)
[1 / 1] no actions running
Analyzing: 2 targets (181 packages loaded, 12619 targets configured)
[1 / 1] no actions running
Analyzing: 2 targets (181 packages loaded, 12619 targets configured)
[1 / 1] no actions running
Analyzing: 2 targets (181 packages loaded, 12619 targets configured)
[1 / 1] no actions running
Analyzing: 2 targets (181 packages loaded, 12619 targets configured)
[1 / 1] no actions running
Analyzing: 2 targets (181 packages loaded, 12619 targets configured)
[1 / 1] no actions running
Analyzing: 2 targets (181 packages loaded, 12619 targets configured)
[1 / 1] no actions running
Analyzing: 2 targets (181 packages loaded, 12619 targets configured)
[1 / 1] no actions running
Analyzing: 2 targets (181 packages loaded, 12619 targets configured)
[1 / 1] no actions running
Analyzing: 2 targets (181 packages loaded, 12619 targets configured)
[1 / 1] no actions running
Analyzing: 2 targets (181 packages loaded, 12619 targets configured)
[1 / 1] no actions running
Analyzing: 2 targets (181 packages loaded, 12619 targets configured)
[1 / 1] no actions running
Analyzing: 2 targets (181 packages loaded, 12619 targets configured)
[1 / 1] no actions running
Analyzing: 2 targets (181 packages loaded, 12619 targets configured)
[1 / 1] no actions running
Analyzing: 2 targets (181 packages loaded, 12619 targets configured)
[1 / 1] no actions running
Analyzing: 2 targets (181 packages loaded, 12619 targets configured)
[1 / 1] no actions running
Analyzing: 2 targets (181 packages loaded, 12619 targets configured)
[1 / 1] no actions running
Analyzing: 2 targets (181 packages loaded, 12619 targets configured)
[1 / 1] no actions running
Analyzing: 2 targets (181 packages loaded, 12619 targets configured)
[1 / 1] no actions running
Analyzing: 2 targets (181 packages loaded, 12619 targets configured)
[1 / 1] no actions running
Analyzing: 2 targets (181 packages loaded, 12619 targets configured)
[1 / 1] no actions running
Analyzing: 2 targets (181 packages loaded, 12619 targets configured)
[1 / 1] no actions running
Analyzing: 2 targets (181 packages loaded, 12619 targets configured)
[1 / 1] no actions running
Analyzing: 2 targets (181 packages loaded, 12619 targets configured)
[1 / 1] no actions running
Analyzing: 2 targets (181 packages loaded, 12619 targets configured)
[1 / 1] no actions running
Analyzing: 2 targets (181 packages loaded, 12619 targets configured)
[1 / 1] no actions running
Analyzing: 2 targets (181 packages loaded, 12619 targets configured)
[1 / 1] no actions running
Analyzing: 2 targets (181 packages loaded, 12619 targets configured)
[1 / 1] no actions running
Analyzing: 2 targets (181 packages loaded, 12619 targets configured)
[1 / 1] no actions running
Analyzing: 2 targets (181 packages loaded, 12619 targets configured)
[1 / 1] no actions running
Analyzing: 2 targets (181 packages loaded, 12619 targets configured)
[1 / 1] no actions running
INFO: Analyzed 2 targets (182 packages loaded, 12699 targets configured).
[13 / 21] checking cached actions
[109 / 111] [Prepa] Compiling Rust rlib runfiles (1 file)
[110 / 111] [Prepa] Compiling Rust bin rustfmt (1 file)
INFO: Found 2 targets...
Target //tools/lint:rustfmt_with_config up-to-date:
  bazel-bin/tools/lint/rustfmt_wrapper.sh
  bazel-bin/tools/lint/rustfmt_with_config
[111 / 111] no actions running
INFO: Elapsed time: 84.124s, Critical Path: 2.12s
INFO: 8 processes: 105 action cache hit, 6 internal, 2 linux-sandbox.
INFO: Build completed successfully, 8 total actions
