$TEST_TMPDIR defined, some defaults will be overridden
OpenJDK 64-Bit Server VM warning: Options -Xverify:none and -noverify were deprecated in JDK 13 and will likely be removed in a future release.
WARNING: The following configs were expanded more than once: [linux_x64_gcc_15]. For repeatable flags, repeats are counted twice and may lead to unexpected behavior.
Computing main repo mapping: 
Computing main repo mapping: 
WARNING: The following configs were expanded more than once: [linux_x64_gcc_15]. For repeatable flags, repeats are counted twice and may lead to unexpected behavior.
Computing main repo mapping: 
Computing main repo mapping: 
Computing main repo mapping: 
Computing main repo mapping: 
Computing main repo mapping: 
Computing main repo mapping: 
Computing main repo mapping: 
Computing main repo mapping: 
Computing main repo mapping: 
Computing main repo mapping: 
Computing main repo mapping: 
Loading: 
Loading: 5 packages loaded
Loading: 5 packages loaded
Loading: 5 packages loaded
Loading: 5 packages loaded
DEBUG: Rule '+_repo_rules3+clang_format' indicated that a canonical reproducible form can be obtained by modifying arguments integrity = "sha256-Lj6lg0XiCgKLjDWv+WT3TfFOTNF+LVJKjvwbqeztfaI="
DEBUG: Repository +_repo_rules3+clang_format instantiated at:
  <builtin>: in <toplevel>
Repository rule file defined at:
  /media/jefferson/11c42dee-73a3-4c2b-ab42-a0440011d9e0/.s-core-build/runs/communication-781-490-hctgrn42/bazel-output/781/84d612ad203626ce64596ea8619e52b9/external/download_utils+/download/file/repository.bzl:75:23: in <toplevel>
Analyzing: target @@+_repo_rules3+clang_format//:executable (6 packages loaded, 0 targets configured)
Analyzing: target @@+_repo_rules3+clang_format//:executable (6 packages loaded, 0 targets configured)

INFO: Analyzed target @@+_repo_rules3+clang_format//:executable (6 packages loaded, 1 target configured).
WARNING: /media/jefferson/11c42dee-73a3-4c2b-ab42-a0440011d9e0/.s-core-build/runs/communication-781-490-hctgrn42/bazel-output/781/84d612ad203626ce64596ea8619e52b9/external/+_repo_rules3+clang_format/BUILD.bazel:7:14: @@+_repo_rules3+clang_format//:executable is a source file, nothing will be built for it. If you want to build a target that consumes this file, try --compile_one_dependency
INFO: Found 1 target...
INFO: Elapsed time: 43.843s, Critical Path: 0.24s
INFO: 1 process: 1 internal.
INFO: Build completed successfully, 1 total action
