$TEST_TMPDIR defined, some defaults will be overridden
OpenJDK 64-Bit Server VM warning: Options -Xverify:none and -noverify were deprecated in JDK 13 and will likely be removed in a future release.
WARNING: The following configs were expanded more than once: [linux_x64_gcc_15]. For repeatable flags, repeats are counted twice and may lead to unexpected behavior.
Computing main repo mapping: 
Computing main repo mapping: 
WARNING: The following configs were expanded more than once: [linux_x64_gcc_15]. For repeatable flags, repeats are counted twice and may lead to unexpected behavior.
Computing main repo mapping: 
Computing main repo mapping: 
Computing main repo mapping: 
Computing main repo mapping: 
Computing main repo mapping: 
Computing main repo mapping: 
Computing main repo mapping: 
Loading: 
Loading: 5 packages loaded
Analyzing: 6 targets (7 packages loaded, 0 targets configured)
Analyzing: 6 targets (7 packages loaded, 0 targets configured)

Analyzing: 6 targets (99 packages loaded, 10 targets configured)

Analyzing: 6 targets (160 packages loaded, 2588 targets configured)

Analyzing: 6 targets (308 packages loaded, 12294 targets configured)

Analyzing: 6 targets (368 packages loaded, 14825 targets configured)

Analyzing: 6 targets (368 packages loaded, 15010 targets configured)
[13 / 24] checking cached actions
INFO: Analyzed 6 targets (368 packages loaded, 15010 targets configured).
[38 / 969] checking cached actions
[1,383 / 1,389] [Prepa] Compiling Rust bin score_com_concept-test (5 files)
[1,388 / 1,392] 2 / 6 tests; Compiling Rust bin generated-interface-test (1 file); 1s linux-sandbox ... (4 actions running)
[1,390 / 1,393] 3 / 6 tests; Compiling Rust bin score_com_concept-test (5 files); 2s linux-sandbox ... (3 actions, 2 running)
INFO: Found 6 test targets...
INFO: Elapsed time: 31.462s, Critical Path: 3.70s
INFO: 10 processes: 1403 action cache hit, 15 linux-sandbox.
INFO: Build completed successfully, 10 total actions
INFO: 
//score/mw/com/impl/rust/com-api/com-api-runtime-mock:com-api-runtime-mock-doc-tests PASSED in 0.5s
//score/mw/com/impl/rust/com-api/com-api-runtime-mock:com-api-runtime-mock-tests PASSED in 0.0s
//score/mw/com/impl/rust/com-api/com-api-runtime-mock:generated-interface-test PASSED in 0.0s
//score/mw/com/rust/score_com_concept:score_com_concept-macros-tests     PASSED in 0.6s
//score/mw/com/rust/score_com_concept:score_com_concept-macros-unit-tests PASSED in 0.0s
//score/mw/com/rust/score_com_concept:score_com_concept-test             PASSED in 0.0s

Executed 6 out of 6 tests: 6 tests pass.
There were tests whose specified size is too big. Use the --test_verbose_timeout_warnings command line option to see which ones these are.
INFO: Build Event Protocol files produced successfully.
