$TEST_TMPDIR defined, some defaults will be overridden
OpenJDK 64-Bit Server VM warning: Options -Xverify:none and -noverify were deprecated in JDK 13 and will likely be removed in a future release.
WARNING: The following configs were expanded more than once: [linux_x64_gcc_15]. For repeatable flags, repeats are counted twice and may lead to unexpected behavior.
Computing main repo mapping: 
Computing main repo mapping: 
WARNING: The following configs were expanded more than once: [linux_x64_gcc_15]. For repeatable flags, repeats are counted twice and may lead to unexpected behavior.
Computing main repo mapping: 
Computing main repo mapping: 
Computing main repo mapping: 
Loading: 
Loading: 5 packages loaded
Analyzing: 5 targets (7 packages loaded, 0 targets configured)
Analyzing: 5 targets (7 packages loaded, 0 targets configured)

Analyzing: 5 targets (101 packages loaded, 26 targets configured)

Analyzing: 5 targets (194 packages loaded, 9796 targets configured)

Analyzing: 5 targets (256 packages loaded, 11142 targets configured)
[1 / 13] checking cached actions
INFO: Analyzed 5 targets (303 packages loaded, 13051 targets configured).
[37 / 158] checking cached actions
[157 / 699] [Scann] Compiling score/mw/com/impl/plumbing/rust/test_support/test_helper_size_provider.cpp
[547 / 700] [Prepa] Linking score/mw/com/impl/plumbing/rust/test_support/libtest_helper_size_provider.a
[699 / 702] 2 / 5 tests; Compiling Rust bin sample_allocatee_ptr_test_rs_linux (1 file); 0s linux-sandbox ... (3 actions, 2 running)
INFO: From Compiling Rust bin sample_allocatee_ptr_test_rs_linux (1 file):
warning: struct `SomeIpSampleAllocateePtrBinding` is never constructed
  --> score/mw/com/impl/plumbing/rust/sample_allocatee_ptr.rs:64:8
   |
64 | struct SomeIpSampleAllocateePtrBinding<T> {
   |        ^^^^^^^^^^^^^^^^^^^^^^^^^^^^^^^
   |
   = note: `#[warn(dead_code)]` (part of `#[warn(unused)]`) on by default

warning: union `SomeIpSampleAllocateePtrVariant` is never used
  --> score/mw/com/impl/plumbing/rust/sample_allocatee_ptr.rs:71:7
   |
71 | union SomeIpSampleAllocateePtrVariant<T> {
   |       ^^^^^^^^^^^^^^^^^^^^^^^^^^^^^^^

warning: 2 warnings emitted

INFO: Found 5 test targets...
INFO: Elapsed time: 19.000s, Critical Path: 2.51s
INFO: 11 processes: 707 action cache hit, 14 linux-sandbox.
INFO: Build completed successfully, 11 total actions
INFO: 
//score/mw/com/impl/methods:method_signature_element_ptr_test            PASSED in 0.0s
//score/mw/com/impl/plumbing/rust:method_in_arg_ptr_doc_test             PASSED in 0.3s
//score/mw/com/impl/plumbing/rust:method_in_arg_ptr_test_rs              PASSED in 0.0s
//score/mw/com/impl/plumbing/rust:sample_allocatee_ptr_test_rs           PASSED in 0.0s
//score/mw/com/impl/plumbing/rust:sample_ptr_test_rs                     PASSED in 0.0s

Executed 5 out of 5 tests: 5 tests pass.
There were tests whose specified size is too big. Use the --test_verbose_timeout_warnings command line option to see which ones these are.
INFO: Build Event Protocol files produced successfully.
