$TEST_TMPDIR defined, some defaults will be overridden
OpenJDK 64-Bit Server VM warning: Options -Xverify:none and -noverify were deprecated in JDK 13 and will likely be removed in a future release.
Computing main repo mapping: 
Computing main repo mapping: 
Computing main repo mapping: 
Computing main repo mapping: 
Computing main repo mapping: 
Computing main repo mapping: 
Computing main repo mapping: 
Computing main repo mapping: 
Computing main repo mapping: 
Computing main repo mapping: 
Loading: 
Loading: 6 packages loaded
Analyzing: 2 targets (8 packages loaded, 0 targets configured)
Analyzing: 2 targets (8 packages loaded, 0 targets configured)

Analyzing: 2 targets (33 packages loaded, 9 targets configured)

Analyzing: 2 targets (100 packages loaded, 9 targets configured)

Analyzing: 2 targets (101 packages loaded, 19 targets configured)

Analyzing: 2 targets (157 packages loaded, 1196 targets configured)

Analyzing: 2 targets (161 packages loaded, 6245 targets configured)

Analyzing: 2 targets (223 packages loaded, 10043 targets configured)

Analyzing: 2 targets (227 packages loaded, 10220 targets configured)

Analyzing: 2 targets (235 packages loaded, 10387 targets configured)
[7 / 15] checking cached actions
Analyzing: 2 targets (236 packages loaded, 10391 targets configured)
[9 / 15] checking cached actions
Analyzing: 2 targets (236 packages loaded, 10391 targets configured)
[22 / 105] checking cached actions
INFO: Analyzed 2 targets (237 packages loaded, 15435 targets configured).
[46 / 107] checking cached actions
[87 / 121] [Prepa] Copying file lint/rust/rust.cli.js [for tool]
[109 / 124] checking cached actions
[115 / 124] [Prepa] Clippy //score/mw/com/impl/plumbing/rust:method_in_arg_ptr_rs
[116 / 124] Clippy //score/mw/com/impl/plumbing/rust:method_in_arg_ptr_rs; 1s linux-sandbox ... (4 actions running)
INFO: From Action score/mw/com/impl/plumbing/rust/method_in_arg_ptr_rs.AspectRulesLintClippy.out:

INFO: From Action score/mw/com/impl/plumbing/rust/test_support/test_helper_size_ffi_rs.AspectRulesLintClippy.out:

INFO: From Action score/mw/com/impl/plumbing/rust/method_in_arg_ptr_rs.AspectRulesLintClippy.report:
Successfully wrote output to bazel-out/k8-fastbuild/bin/score/mw/com/impl/plumbing/rust/method_in_arg_ptr_rs.AspectRulesLintClippy.report
INFO: From Action score/mw/com/impl/plumbing/rust/test_support/test_helper_size_ffi_rs.AspectRulesLintClippy.report:
Successfully wrote output to bazel-out/k8-fastbuild/bin/score/mw/com/impl/plumbing/rust/test_support/test_helper_size_ffi_rs.AspectRulesLintClippy.report
INFO: Found 2 targets...
INFO: Elapsed time: 61.203s, Critical Path: 2.70s
INFO: 20 processes: 106 action cache hit, 10 internal, 8 linux-sandbox, 2 local.
INFO: Build completed successfully, 20 total actions
