$TEST_TMPDIR defined, some defaults will be overridden
OpenJDK 64-Bit Server VM warning: Options -Xverify:none and -noverify were deprecated in JDK 13 and will likely be removed in a future release.
WARNING: The following configs were expanded more than once: [linux_x64_gcc_15]. For repeatable flags, repeats are counted twice and may lead to unexpected behavior.
Computing main repo mapping: 
WARNING: The following configs were expanded more than once: [linux_x64_gcc_15]. For repeatable flags, repeats are counted twice and may lead to unexpected behavior.
Computing main repo mapping: 
Computing main repo mapping: 
Computing main repo mapping: 
Loading: 
Loading: 5 packages loaded
Analyzing: target //:copyright.check (6 packages loaded, 0 targets configured)
Analyzing: target //:copyright.check (6 packages loaded, 0 targets configured)

Analyzing: target //:copyright.check (116 packages loaded, 114 targets configured)

Analyzing: target //:copyright.check (167 packages loaded, 3174 targets configured)

Analyzing: target //:copyright.check (167 packages loaded, 3174 targets configured)

Analyzing: target //:copyright.check (170 packages loaded, 5057 targets configured)

Analyzing: target //:copyright.check (170 packages loaded, 5057 targets configured)

INFO: Analyzed target //:copyright.check (172 packages loaded, 8243 targets configured).
INFO: Found 1 target...
Target //:copyright.check up-to-date:
  bazel-bin/copyright.check
  bazel-bin/copyright.check.venv.pth
INFO: Elapsed time: 15.245s, Critical Path: 0.18s
INFO: 6 processes: 6 internal.
INFO: Build completed successfully, 6 total actions
