$TEST_TMPDIR defined, some defaults will be overridden
OpenJDK 64-Bit Server VM warning: Options -Xverify:none and -noverify were deprecated in JDK 13 and will likely be removed in a future release.
Computing main repo mapping: 
Computing main repo mapping: 
Computing main repo mapping: 
Computing main repo mapping: 
Computing main repo mapping: 
Computing main repo mapping: 
Computing main repo mapping: 
Computing main repo mapping: 
Loading: 
Loading: 6 packages loaded
Analyzing: 2 targets (8 packages loaded, 0 targets configured)
Analyzing: 2 targets (8 packages loaded, 0 targets configured)

Analyzing: 2 targets (49 packages loaded, 9 targets configured)

Analyzing: 2 targets (100 packages loaded, 9 targets configured)

Analyzing: 2 targets (161 packages loaded, 3160 targets configured)

Analyzing: 2 targets (227 packages loaded, 10285 targets configured)

INFO: Analyzed 2 targets (237 packages loaded, 15435 targets configured).
[8 / 15] checking cached actions
INFO: Found 2 targets...
INFO: Elapsed time: 25.147s, Critical Path: 0.24s
INFO: 1 process: 127 action cache hit, 1 internal.
INFO: Build completed successfully, 1 total action
